============================= test session starts ==============================
platform linux -- Python 3.14.4, pytest-9.0.3, pluggy-1.6.0 -- /home/vscode/.local/ha-venv/bin/python
cachedir: .pytest_cache
rootdir: /workspaces/controld-manager-ha
configfile: pyproject.toml
plugins: github-actions-annotate-failures-0.4.0, syrupy-5.1.0, homeassistant-custom-component-0.13.330, typeguard-4.5.1, cov-7.1.0, respx-0.23.1, unordered-0.7.0, socket-0.7.0, requests-mock-1.12.1, asyncio-1.3.0, aiohttp-1.1.0, pytest_freezer-0.4.9, anyio-4.10.0, picked-0.5.1, sugar-1.0.0, xdist-3.8.0, timeout-2.4.0
asyncio: mode=Mode.AUTO, debug=False, asyncio_default_fixture_loop_scope=None, asyncio_default_test_loop_scope=function
collecting ... collected 149 items / 146 deselected / 3 selected

tests/components/controld_manager/test_phase4.py::test_option_entities_expose_raw_purpose_attributes PASSED [ 33%]
tests/components/controld_manager/test_phase4.py::test_account_entities_expose_metadata_contract PASSED [ 66%]
tests/components/controld_manager/test_phase4.py::test_profile_entities_expose_metadata_contract FAILED [100%]

=================================== FAILURES ===================================
________________ test_profile_entities_expose_metadata_contract ________________

hass = <HomeAssistant RUNNING>

    async def test_profile_entities_expose_metadata_contract(hass) -> None:
        """Profile, rule, and endpoint entities should expose structured metadata."""
        entry = MockConfigEntry(
            domain=DOMAIN,
            data={CONF_API_TOKEN: "token-value", "entry_name": "Control D Home"},
            options=ControlDOptions(
                profile_policies={
                    "profile-1": ControlDProfilePolicy(
                        advanced_profile_options=True,
                        endpoint_sensors_enabled=True,
                        allowed_service_categories=frozenset(
                            {SERVICE_SELECTOR_AUTOMATIC}
                        ),
                        exposed_custom_rules=frozenset(
                            {
                                "rule:root|example.com",
                                "group:1",
                                "rule:group:1|example2.com",
                            }
                        ),
                    )
                }
            ).as_mapping(),
            unique_id="user-123",
            title="Control D Home",
        )
        await _async_setup_entry(hass, entry, _inventory("user-123", "profile-1"))
    
        entity_registry = er.async_get(hass)
        endpoint_status_entity_id = entity_registry.async_get_entity_id(
            "binary_sensor", DOMAIN, "user-123::endpoint::device-1::status"
        )
        service_entity_id = entity_registry.async_get_entity_id(
            "select", DOMAIN, "user-123::profile::profile-1::service::amazonmusic"
        )
        default_rule_entity_id = entity_registry.async_get_entity_id(
            "select", DOMAIN, "user-123::profile::profile-1::default_rule"
        )
        grouped_rule_entity_id = entity_registry.async_get_entity_id(
            "switch", DOMAIN, "user-123::profile::profile-1::rule::group:1|example2.com"
        )
        option_entity_id = entity_registry.async_get_entity_id(
            "switch", DOMAIN, "user-123::profile::profile-1::option::block_rfc1918"
        )
    
        assert endpoint_status_entity_id is not None
        assert service_entity_id is not None
        assert default_rule_entity_id is not None
        assert grouped_rule_entity_id is not None
        assert option_entity_id is not None
    
        endpoint_attributes = hass.states.get(endpoint_status_entity_id).attributes
        service_attributes = hass.states.get(service_entity_id).attributes
        default_rule_attributes = hass.states.get(default_rule_entity_id).attributes
        grouped_rule_attributes = hass.states.get(grouped_rule_entity_id).attributes
>       option_attributes = hass.states.get(option_entity_id).attributes
                            ^^^^^^^^^^^^^^^^^^^^^^^^^^^^^^^^^^^^^^^^^^^^
E       AttributeError: 'NoneType' object has no attribute 'attributes'

tests/components/controld_manager/test_phase4.py:1146: AttributeError
---------------------------- Captured stderr setup -----------------------------
DEBUG:asyncio:Using selector: EpollSelector
DEBUG:homeassistant.helpers.restore_state:Not creating cache - no saved states found
------------------------------ Captured log setup ------------------------------
DEBUG    asyncio:selector_events.py:64 Using selector: EpollSelector
DEBUG    homeassistant.helpers.restore_state:restore_state.py:156 Not creating cache - no saved states found
----------------------------- Captured stderr call -----------------------------
INFO:homeassistant.loader:Loaded controld_manager from custom_components.controld_manager
WARNING:homeassistant.loader:We found a custom integration controld_manager which has not been tested by Home Assistant. This component might cause stability problems, be sure to disable it if you experience issues with Home Assistant
DEBUG:homeassistant.loader:Component controld_manager import took 0.000 seconds (loaded_executor=False)
INFO:homeassistant.setup:Setting up controld_manager
DEBUG:homeassistant.core:Bus:Handling <Event service_registered[L]: domain=controld_manager, service=disable_profile>
DEBUG:homeassistant.core:Bus:Handling <Event service_registered[L]: domain=controld_manager, service=enable_profile>
DEBUG:homeassistant.core:Bus:Handling <Event service_registered[L]: domain=controld_manager, service=set_client_alias>
DEBUG:homeassistant.core:Bus:Handling <Event service_registered[L]: domain=controld_manager, service=clear_client_alias>
DEBUG:homeassistant.core:Bus:Handling <Event service_registered[L]: domain=controld_manager, service=rename_endpoint>
DEBUG:homeassistant.core:Bus:Handling <Event service_registered[L]: domain=controld_manager, service=set_endpoint_analytics_logging>
DEBUG:homeassistant.core:Bus:Handling <Event service_registered[L]: domain=controld_manager, service=set_filter_state>
DEBUG:homeassistant.core:Bus:Handling <Event service_registered[L]: domain=controld_manager, service=set_rule_state>
DEBUG:homeassistant.core:Bus:Handling <Event service_registered[L]: domain=controld_manager, service=create_rule>
DEBUG:homeassistant.core:Bus:Handling <Event service_registered[L]: domain=controld_manager, service=delete_rule>
DEBUG:homeassistant.core:Bus:Handling <Event service_registered[L]: domain=controld_manager, service=set_service_state>
DEBUG:homeassistant.core:Bus:Handling <Event service_registered[L]: domain=controld_manager, service=set_option_state>
DEBUG:homeassistant.core:Bus:Handling <Event service_registered[L]: domain=controld_manager, service=set_default_rule_state>
DEBUG:homeassistant.core:Bus:Handling <Event service_registered[L]: domain=controld_manager, service=get_catalog>
DEBUG:homeassistant.loader:Importing platforms for controld_manager executor=[] loop=['config_flow'] took 0.00s
DEBUG:homeassistant.core:Bus:Handling <Event device_registry_updated[L]: action=create, device_id=2cb6fef472be23b8187aec8ad6ef5449>
DEBUG:homeassistant.core:Bus:Handling <Event device_registry_updated[L]: action=create, device_id=039cff07ba5f90082eb71997b7c5e5cb>
DEBUG:homeassistant.core:Bus:Handling <Event device_registry_updated[L]: action=create, device_id=9c59d8fa9a6b94cc959776333370ed8b>
DEBUG:custom_components.controld_manager.coordinator:Finished fetching controld_manager data in 0.004 seconds (success: True)
DEBUG:homeassistant.loader:Importing platforms for controld_manager executor=[] loop=[<EntityPlatforms.BINARY_SENSOR: 'binary_sensor'>, <EntityPlatforms.BUTTON: 'button'>, <EntityPlatforms.SENSOR: 'sensor'>, <EntityPlatforms.SELECT: 'select'>, <EntityPlatforms.SWITCH: 'switch'>] took 0.00s
INFO:homeassistant.loader:Loaded binary_sensor from homeassistant.components.binary_sensor
INFO:homeassistant.loader:Loaded button from homeassistant.components.button
INFO:homeassistant.loader:Loaded sensor from homeassistant.components.sensor
DEBUG:homeassistant.loader:Component sensor import took 0.000 seconds (loaded_executor=False)
INFO:homeassistant.setup:Setting up sensor
DEBUG:homeassistant.core:Bus:Handling <Event component_loaded[L]: component=sensor>
INFO:homeassistant.components.sensor:Setting up controld_manager.sensor
INFO:homeassistant.helpers.entity_registry:Registered new sensor.controld_manager entity: sensor.account_blocked_queries
DEBUG:homeassistant.core:Bus:Handling <Event entity_registry_updated[L]: action=create, entity_id=sensor.account_blocked_queries>
DEBUG:homeassistant.core:Bus:Handling <Event entity_registry_updated[L]: action=update, entity_id=sensor.account_blocked_queries, changes=options=>
DEBUG:homeassistant.core:Bus:Handling <Event state_changed[L]: entity_id=sensor.account_blocked_queries, old_state=None, new_state=<state sensor.account_blocked_queries=8100; state_class=measurement, integration=controld_manager, profile_name=Account, purpose=purpose_instance_analytics, item_type=analytics_metric, taxonomy_path=[], item_name=Blocked queries, analytics_start_time=2026-04-06T17:00:00-07:00, analytics_end_time=2026-04-07T17:00:00-07:00, unit_of_measurement=queries, friendly_name=Account Blocked queries @ 2026-05-15T13:06:37.800798-07:00>>
INFO:homeassistant.helpers.entity_registry:Registered new sensor.controld_manager entity: sensor.account_blocked_queries_ratio
DEBUG:homeassistant.core:Bus:Handling <Event entity_registry_updated[L]: action=create, entity_id=sensor.account_blocked_queries_ratio>
DEBUG:homeassistant.core:Bus:Handling <Event entity_registry_updated[L]: action=update, entity_id=sensor.account_blocked_queries_ratio, changes=options=>
DEBUG:homeassistant.core:Bus:Handling <Event state_changed[L]: entity_id=sensor.account_blocked_queries_ratio, old_state=None, new_state=<state sensor.account_blocked_queries_ratio=14.0; state_class=measurement, integration=controld_manager, profile_name=Account, purpose=purpose_instance_analytics, item_type=analytics_metric, taxonomy_path=[], item_name=Blocked queries ratio, analytics_start_time=2026-04-06T17:00:00-07:00, analytics_end_time=2026-04-07T17:00:00-07:00, unit_of_measurement=%, friendly_name=Account Blocked queries ratio @ 2026-05-15T13:06:37.801534-07:00>>
INFO:homeassistant.helpers.entity_registry:Registered new sensor.controld_manager entity: sensor.account_bypassed_queries
DEBUG:homeassistant.core:Bus:Handling <Event entity_registry_updated[L]: action=create, entity_id=sensor.account_bypassed_queries>
DEBUG:homeassistant.core:Bus:Handling <Event entity_registry_updated[L]: action=update, entity_id=sensor.account_bypassed_queries, changes=options=>
DEBUG:homeassistant.core:Bus:Handling <Event state_changed[L]: entity_id=sensor.account_bypassed_queries, old_state=None, new_state=<state sensor.account_bypassed_queries=49700; state_class=measurement, integration=controld_manager, profile_name=Account, purpose=purpose_instance_analytics, item_type=analytics_metric, taxonomy_path=[], item_name=Bypassed queries, analytics_start_time=2026-04-06T17:00:00-07:00, analytics_end_time=2026-04-07T17:00:00-07:00, unit_of_measurement=queries, friendly_name=Account Bypassed queries @ 2026-05-15T13:06:37.802231-07:00>>
INFO:homeassistant.helpers.entity_registry:Registered new sensor.controld_manager entity: sensor.account_endpoint_count
DEBUG:homeassistant.core:Bus:Handling <Event entity_registry_updated[L]: action=create, entity_id=sensor.account_endpoint_count>
DEBUG:homeassistant.core:Bus:Handling <Event state_changed[L]: entity_id=sensor.account_endpoint_count, old_state=None, new_state=<state sensor.account_endpoint_count=3; state_class=measurement, integration=controld_manager, profile_name=Account, purpose=purpose_instance_summary, item_type=summary_metric, taxonomy_path=[], item_name=Endpoint count, discovered_endpoint_count=2, router_client_count=1, unit_of_measurement=endpoints, friendly_name=Account Endpoint count @ 2026-05-15T13:06:37.802551-07:00>>
INFO:homeassistant.helpers.entity_registry:Registered new sensor.controld_manager entity: sensor.account_profile_count
DEBUG:homeassistant.core:Bus:Handling <Event entity_registry_updated[L]: action=create, entity_id=sensor.account_profile_count>
DEBUG:homeassistant.core:Bus:Handling <Event state_changed[L]: entity_id=sensor.account_profile_count, old_state=None, new_state=<state sensor.account_profile_count=2; state_class=measurement, integration=controld_manager, profile_name=Account, purpose=purpose_instance_summary, item_type=summary_metric, taxonomy_path=[], item_name=Profile count, unit_of_measurement=profiles, friendly_name=Account Profile count @ 2026-05-15T13:06:37.802845-07:00>>
INFO:homeassistant.helpers.entity_registry:Registered new sensor.controld_manager entity: sensor.account_redirected_queries
DEBUG:homeassistant.core:Bus:Handling <Event entity_registry_updated[L]: action=create, entity_id=sensor.account_redirected_queries>
DEBUG:homeassistant.core:Bus:Handling <Event entity_registry_updated[L]: action=update, entity_id=sensor.account_redirected_queries, changes=options=>
DEBUG:homeassistant.core:Bus:Handling <Event state_changed[L]: entity_id=sensor.account_redirected_queries, old_state=None, new_state=<state sensor.account_redirected_queries=26; state_class=measurement, integration=controld_manager, profile_name=Account, purpose=purpose_instance_analytics, item_type=analytics_metric, taxonomy_path=[], item_name=Redirected queries, analytics_start_time=2026-04-06T17:00:00-07:00, analytics_end_time=2026-04-07T17:00:00-07:00, unit_of_measurement=queries, friendly_name=Account Redirected queries @ 2026-05-15T13:06:37.803546-07:00>>
INFO:homeassistant.helpers.entity_registry:Registered new sensor.controld_manager entity: sensor.account_status
DEBUG:homeassistant.core:Bus:Handling <Event entity_registry_updated[L]: action=create, entity_id=sensor.account_status>
DEBUG:homeassistant.core:Bus:Handling <Event state_changed[L]: entity_id=sensor.account_status, old_state=None, new_state=<state sensor.account_status=healthy; options=['healthy', 'degraded', 'problem'], integration=controld_manager, profile_name=Account, purpose=purpose_instance_status, item_type=status, taxonomy_path=[], item_name=Status, last_refresh_attempt=2026-05-15T13:06:37.789823-07:00, last_successful_refresh=2026-05-15T13:06:37.793354-07:00, refresh_in_progress=False, last_refresh_trigger=scheduled, consecutive_failed_refreshes=0, stats_endpoint=america, device_class=enum, friendly_name=Account Status @ 2026-05-15T13:06:37.803855-07:00>>
INFO:homeassistant.helpers.entity_registry:Registered new sensor.controld_manager entity: sensor.account_total_queries
DEBUG:homeassistant.core:Bus:Handling <Event entity_registry_updated[L]: action=create, entity_id=sensor.account_total_queries>
DEBUG:homeassistant.core:Bus:Handling <Event entity_registry_updated[L]: action=update, entity_id=sensor.account_total_queries, changes=options=>
DEBUG:homeassistant.core:Bus:Handling <Event state_changed[L]: entity_id=sensor.account_total_queries, old_state=None, new_state=<state sensor.account_total_queries=57826; state_class=measurement, integration=controld_manager, profile_name=Account, purpose=purpose_instance_analytics, item_type=analytics_metric, taxonomy_path=[], item_name=Total queries, analytics_start_time=2026-04-06T17:00:00-07:00, analytics_end_time=2026-04-07T17:00:00-07:00, unit_of_measurement=queries, friendly_name=Account Total queries @ 2026-05-15T13:06:37.804513-07:00>>
INFO:homeassistant.helpers.entity_registry:Registered new sensor.controld_manager entity: sensor.primary_blocked_queries
DEBUG:homeassistant.core:Bus:Handling <Event entity_registry_updated[L]: action=create, entity_id=sensor.primary_blocked_queries>
DEBUG:homeassistant.core:Bus:Handling <Event entity_registry_updated[L]: action=update, entity_id=sensor.primary_blocked_queries, changes=options=>
DEBUG:homeassistant.core:Bus:Handling <Event state_changed[L]: entity_id=sensor.primary_blocked_queries, old_state=None, new_state=<state sensor.primary_blocked_queries=8000; state_class=measurement, integration=controld_manager, profile_name=Primary, purpose=purpose_profile_analytics, item_type=analytics_metric, taxonomy_path=[], item_name=Blocked queries, analytics_start_time=2026-04-06T17:00:00-07:00, analytics_end_time=2026-04-07T17:00:00-07:00, unit_of_measurement=queries, friendly_name=Primary Blocked queries @ 2026-05-15T13:06:37.805171-07:00>>
INFO:homeassistant.helpers.entity_registry:Registered new sensor.controld_manager entity: sensor.primary_blocked_queries_ratio
DEBUG:homeassistant.core:Bus:Handling <Event entity_registry_updated[L]: action=create, entity_id=sensor.primary_blocked_queries_ratio>
DEBUG:homeassistant.core:Bus:Handling <Event entity_registry_updated[L]: action=update, entity_id=sensor.primary_blocked_queries_ratio, changes=options=>
DEBUG:homeassistant.core:Bus:Handling <Event state_changed[L]: entity_id=sensor.primary_blocked_queries_ratio, old_state=None, new_state=<state sensor.primary_blocked_queries_ratio=14.0; state_class=measurement, integration=controld_manager, profile_name=Primary, purpose=purpose_profile_analytics, item_type=analytics_metric, taxonomy_path=[], item_name=Blocked queries ratio, analytics_start_time=2026-04-06T17:00:00-07:00, analytics_end_time=2026-04-07T17:00:00-07:00, unit_of_measurement=%, friendly_name=Primary Blocked queries ratio @ 2026-05-15T13:06:37.805801-07:00>>
INFO:homeassistant.helpers.entity_registry:Registered new sensor.controld_manager entity: sensor.primary_bypassed_queries
DEBUG:homeassistant.core:Bus:Handling <Event entity_registry_updated[L]: action=create, entity_id=sensor.primary_bypassed_queries>
DEBUG:homeassistant.core:Bus:Handling <Event entity_registry_updated[L]: action=update, entity_id=sensor.primary_bypassed_queries, changes=options=>
DEBUG:homeassistant.core:Bus:Handling <Event state_changed[L]: entity_id=sensor.primary_bypassed_queries, old_state=None, new_state=<state sensor.primary_bypassed_queries=49100; state_class=measurement, integration=controld_manager, profile_name=Primary, purpose=purpose_profile_analytics, item_type=analytics_metric, taxonomy_path=[], item_name=Bypassed queries, analytics_start_time=2026-04-06T17:00:00-07:00, analytics_end_time=2026-04-07T17:00:00-07:00, unit_of_measurement=queries, friendly_name=Primary Bypassed queries @ 2026-05-15T13:06:37.806476-07:00>>
INFO:homeassistant.helpers.entity_registry:Registered new sensor.controld_manager entity: sensor.primary_endpoint_count
DEBUG:homeassistant.core:Bus:Handling <Event entity_registry_updated[L]: action=create, entity_id=sensor.primary_endpoint_count>
DEBUG:homeassistant.core:Bus:Handling <Event state_changed[L]: entity_id=sensor.primary_endpoint_count, old_state=None, new_state=<state sensor.primary_endpoint_count=3; state_class=measurement, integration=controld_manager, profile_name=Primary, purpose=purpose_profile_summary, item_type=summary_metric, taxonomy_path=[], item_name=Endpoint count, unit_of_measurement=endpoints, friendly_name=Primary Endpoint count @ 2026-05-15T13:06:37.806774-07:00>>
INFO:homeassistant.helpers.entity_registry:Registered new sensor.controld_manager entity: sensor.primary_redirected_queries
DEBUG:homeassistant.core:Bus:Handling <Event entity_registry_updated[L]: action=create, entity_id=sensor.primary_redirected_queries>
DEBUG:homeassistant.core:Bus:Handling <Event entity_registry_updated[L]: action=update, entity_id=sensor.primary_redirected_queries, changes=options=>
DEBUG:homeassistant.core:Bus:Handling <Event state_changed[L]: entity_id=sensor.primary_redirected_queries, old_state=None, new_state=<state sensor.primary_redirected_queries=23; state_class=measurement, integration=controld_manager, profile_name=Primary, purpose=purpose_profile_analytics, item_type=analytics_metric, taxonomy_path=[], item_name=Redirected queries, analytics_start_time=2026-04-06T17:00:00-07:00, analytics_end_time=2026-04-07T17:00:00-07:00, unit_of_measurement=queries, friendly_name=Primary Redirected queries @ 2026-05-15T13:06:37.807407-07:00>>
INFO:homeassistant.helpers.entity_registry:Registered new sensor.controld_manager entity: sensor.primary_status
DEBUG:homeassistant.core:Bus:Handling <Event entity_registry_updated[L]: action=create, entity_id=sensor.primary_status>
DEBUG:homeassistant.core:Bus:Handling <Event state_changed[L]: entity_id=sensor.primary_status, old_state=None, new_state=<state sensor.primary_status=healthy; options=['healthy', 'degraded', 'problem', 'disabled'], integration=controld_manager, profile_name=Primary, purpose=purpose_profile_status, item_type=status, taxonomy_path=[], item_name=Status, last_refresh_attempt=2026-05-15T13:06:37.789823-07:00, last_successful_refresh=2026-05-15T13:06:37.793354-07:00, refresh_in_progress=False, last_refresh_trigger=scheduled, consecutive_failed_refreshes=0, stats_endpoint=america, device_class=enum, icon=mdi:shield-check, friendly_name=Primary Status @ 2026-05-15T13:06:37.807732-07:00>>
INFO:homeassistant.helpers.entity_registry:Registered new sensor.controld_manager entity: sensor.primary_total_queries
DEBUG:homeassistant.core:Bus:Handling <Event entity_registry_updated[L]: action=create, entity_id=sensor.primary_total_queries>
DEBUG:homeassistant.core:Bus:Handling <Event entity_registry_updated[L]: action=update, entity_id=sensor.primary_total_queries, changes=options=>
DEBUG:homeassistant.core:Bus:Handling <Event state_changed[L]: entity_id=sensor.primary_total_queries, old_state=None, new_state=<state sensor.primary_total_queries=57123; state_class=measurement, integration=controld_manager, profile_name=Primary, purpose=purpose_profile_analytics, item_type=analytics_metric, taxonomy_path=[], item_name=Total queries, analytics_start_time=2026-04-06T17:00:00-07:00, analytics_end_time=2026-04-07T17:00:00-07:00, unit_of_measurement=queries, friendly_name=Primary Total queries @ 2026-05-15T13:06:37.808396-07:00>>
INFO:homeassistant.helpers.entity_registry:Registered new sensor.controld_manager entity: sensor.secondary_blocked_queries
DEBUG:homeassistant.core:Bus:Handling <Event entity_registry_updated[L]: action=create, entity_id=sensor.secondary_blocked_queries>
DEBUG:homeassistant.core:Bus:Handling <Event entity_registry_updated[L]: action=update, entity_id=sensor.secondary_blocked_queries, changes=options=>
DEBUG:homeassistant.core:Bus:Handling <Event state_changed[L]: entity_id=sensor.secondary_blocked_queries, old_state=None, new_state=<state sensor.secondary_blocked_queries=100; state_class=measurement, integration=controld_manager, profile_name=Secondary, purpose=purpose_profile_analytics, item_type=analytics_metric, taxonomy_path=[], item_name=Blocked queries, analytics_start_time=2026-04-06T17:00:00-07:00, analytics_end_time=2026-04-07T17:00:00-07:00, unit_of_measurement=queries, friendly_name=Secondary Blocked queries @ 2026-05-15T13:06:37.809029-07:00>>
INFO:homeassistant.helpers.entity_registry:Registered new sensor.controld_manager entity: sensor.secondary_blocked_queries_ratio
DEBUG:homeassistant.core:Bus:Handling <Event entity_registry_updated[L]: action=create, entity_id=sensor.secondary_blocked_queries_ratio>
DEBUG:homeassistant.core:Bus:Handling <Event entity_registry_updated[L]: action=update, entity_id=sensor.secondary_blocked_queries_ratio, changes=options=>
DEBUG:homeassistant.core:Bus:Handling <Event state_changed[L]: entity_id=sensor.secondary_blocked_queries_ratio, old_state=None, new_state=<state sensor.secondary_blocked_queries_ratio=14.2; state_class=measurement, integration=controld_manager, profile_name=Secondary, purpose=purpose_profile_analytics, item_type=analytics_metric, taxonomy_path=[], item_name=Blocked queries ratio, analytics_start_time=2026-04-06T17:00:00-07:00, analytics_end_time=2026-04-07T17:00:00-07:00, unit_of_measurement=%, friendly_name=Secondary Blocked queries ratio @ 2026-05-15T13:06:37.809736-07:00>>
INFO:homeassistant.helpers.entity_registry:Registered new sensor.controld_manager entity: sensor.secondary_bypassed_queries
DEBUG:homeassistant.core:Bus:Handling <Event entity_registry_updated[L]: action=create, entity_id=sensor.secondary_bypassed_queries>
DEBUG:homeassistant.core:Bus:Handling <Event entity_registry_updated[L]: action=update, entity_id=sensor.secondary_bypassed_queries, changes=options=>
DEBUG:homeassistant.core:Bus:Handling <Event state_changed[L]: entity_id=sensor.secondary_bypassed_queries, old_state=None, new_state=<state sensor.secondary_bypassed_queries=600; state_class=measurement, integration=controld_manager, profile_name=Secondary, purpose=purpose_profile_analytics, item_type=analytics_metric, taxonomy_path=[], item_name=Bypassed queries, analytics_start_time=2026-04-06T17:00:00-07:00, analytics_end_time=2026-04-07T17:00:00-07:00, unit_of_measurement=queries, friendly_name=Secondary Bypassed queries @ 2026-05-15T13:06:37.810387-07:00>>
INFO:homeassistant.helpers.entity_registry:Registered new sensor.controld_manager entity: sensor.secondary_endpoint_count
DEBUG:homeassistant.core:Bus:Handling <Event entity_registry_updated[L]: action=create, entity_id=sensor.secondary_endpoint_count>
DEBUG:homeassistant.core:Bus:Handling <Event state_changed[L]: entity_id=sensor.secondary_endpoint_count, old_state=None, new_state=<state sensor.secondary_endpoint_count=1; state_class=measurement, integration=controld_manager, profile_name=Secondary, purpose=purpose_profile_summary, item_type=summary_metric, taxonomy_path=[], item_name=Endpoint count, unit_of_measurement=endpoints, friendly_name=Secondary Endpoint count @ 2026-05-15T13:06:37.810720-07:00>>
INFO:homeassistant.helpers.entity_registry:Registered new sensor.controld_manager entity: sensor.secondary_redirected_queries
DEBUG:homeassistant.core:Bus:Handling <Event entity_registry_updated[L]: action=create, entity_id=sensor.secondary_redirected_queries>
DEBUG:homeassistant.core:Bus:Handling <Event entity_registry_updated[L]: action=update, entity_id=sensor.secondary_redirected_queries, changes=options=>
DEBUG:homeassistant.core:Bus:Handling <Event state_changed[L]: entity_id=sensor.secondary_redirected_queries, old_state=None, new_state=<state sensor.secondary_redirected_queries=3; state_class=measurement, integration=controld_manager, profile_name=Secondary, purpose=purpose_profile_analytics, item_type=analytics_metric, taxonomy_path=[], item_name=Redirected queries, analytics_start_time=2026-04-06T17:00:00-07:00, analytics_end_time=2026-04-07T17:00:00-07:00, unit_of_measurement=queries, friendly_name=Secondary Redirected queries @ 2026-05-15T13:06:37.811394-07:00>>
INFO:homeassistant.helpers.entity_registry:Registered new sensor.controld_manager entity: sensor.secondary_status
DEBUG:homeassistant.core:Bus:Handling <Event entity_registry_updated[L]: action=create, entity_id=sensor.secondary_status>
DEBUG:homeassistant.core:Bus:Handling <Event state_changed[L]: entity_id=sensor.secondary_status, old_state=None, new_state=<state sensor.secondary_status=healthy; options=['healthy', 'degraded', 'problem', 'disabled'], integration=controld_manager, profile_name=Secondary, purpose=purpose_profile_status, item_type=status, taxonomy_path=[], item_name=Status, last_refresh_attempt=2026-05-15T13:06:37.789823-07:00, last_successful_refresh=2026-05-15T13:06:37.793354-07:00, refresh_in_progress=False, last_refresh_trigger=scheduled, consecutive_failed_refreshes=0, stats_endpoint=america, device_class=enum, icon=mdi:shield-check, friendly_name=Secondary Status @ 2026-05-15T13:06:37.811710-07:00>>
INFO:homeassistant.helpers.entity_registry:Registered new sensor.controld_manager entity: sensor.secondary_total_queries
DEBUG:homeassistant.core:Bus:Handling <Event entity_registry_updated[L]: action=create, entity_id=sensor.secondary_total_queries>
DEBUG:homeassistant.core:Bus:Handling <Event entity_registry_updated[L]: action=update, entity_id=sensor.secondary_total_queries, changes=options=>
DEBUG:homeassistant.core:Bus:Handling <Event state_changed[L]: entity_id=sensor.secondary_total_queries, old_state=None, new_state=<state sensor.secondary_total_queries=703; state_class=measurement, integration=controld_manager, profile_name=Secondary, purpose=purpose_profile_analytics, item_type=analytics_metric, taxonomy_path=[], item_name=Total queries, analytics_start_time=2026-04-06T17:00:00-07:00, analytics_end_time=2026-04-07T17:00:00-07:00, unit_of_measurement=queries, friendly_name=Secondary Total queries @ 2026-05-15T13:06:37.812401-07:00>>
INFO:homeassistant.loader:Loaded select from homeassistant.components.select
DEBUG:homeassistant.loader:Component select import took 0.000 seconds (loaded_executor=False)
INFO:homeassistant.setup:Setting up select
DEBUG:homeassistant.core:Bus:Handling <Event service_registered[L]: domain=select, service=select_first>
DEBUG:homeassistant.core:Bus:Handling <Event service_registered[L]: domain=select, service=select_last>
DEBUG:homeassistant.core:Bus:Handling <Event service_registered[L]: domain=select, service=select_next>
DEBUG:homeassistant.core:Bus:Handling <Event service_registered[L]: domain=select, service=select_option>
DEBUG:homeassistant.core:Bus:Handling <Event service_registered[L]: domain=select, service=select_previous>
DEBUG:homeassistant.core:Bus:Handling <Event component_loaded[L]: component=select>
DEBUG:homeassistant.loader:Importing platforms for select executor=[] loop=['condition', 'trigger'] took 0.00s
DEBUG:homeassistant.helpers.condition:Conditions for integration select are disabled
DEBUG:homeassistant.helpers.trigger:Triggers for integration select are disabled
INFO:homeassistant.components.select:Setting up controld_manager.select
INFO:homeassistant.helpers.entity_registry:Registered new select.controld_manager entity: select.primary_options_default_rule
DEBUG:homeassistant.core:Bus:Handling <Event entity_registry_updated[L]: action=create, entity_id=select.primary_options_default_rule>
DEBUG:homeassistant.core:Bus:Handling <Event state_changed[L]: entity_id=select.primary_options_default_rule, old_state=None, new_state=<state select.primary_options_default_rule=bypassing; options=['blocking', 'bypassing', 'redirecting'], integration=controld_manager, profile_name=Primary, purpose=purpose_profile_default_rule, item_type=default_rule, taxonomy_path=['Options'], item_name=Default Rule, friendly_name=Primary Options / Default Rule @ 2026-05-15T13:06:37.818404-07:00>>
INFO:homeassistant.helpers.entity_registry:Registered new select.controld_manager entity: select.primary_filters_ads_trackers_mode
DEBUG:homeassistant.core:Bus:Handling <Event entity_registry_updated[L]: action=create, entity_id=select.primary_filters_ads_trackers_mode>
DEBUG:homeassistant.core:Bus:Handling <Event state_changed[L]: entity_id=select.primary_filters_ads_trackers_mode, old_state=None, new_state=<state select.primary_filters_ads_trackers_mode=Relaxed; options=['Relaxed', 'Balanced', 'Strict'], integration=controld_manager, profile_name=Primary, purpose=purpose_profile_filter_mode, item_type=filter_mode, taxonomy_path=['Filters'], item_name=Ads & Trackers, friendly_name=Primary Filters / Ads & Trackers Mode @ 2026-05-15T13:06:37.818703-07:00>>
INFO:homeassistant.helpers.entity_registry:Registered new select.controld_manager entity: select.primary_filters_adult_content_mode
DEBUG:homeassistant.core:Bus:Handling <Event entity_registry_updated[L]: action=create, entity_id=select.primary_filters_adult_content_mode>
DEBUG:homeassistant.components.select:Not adding entity Filters / Adult Content Mode because it's disabled
INFO:homeassistant.helpers.entity_registry:Registered new select.controld_manager entity: select.primary_options_ai_malware_filter
DEBUG:homeassistant.core:Bus:Handling <Event entity_registry_updated[L]: action=create, entity_id=select.primary_options_ai_malware_filter>
DEBUG:homeassistant.core:Bus:Handling <Event state_changed[L]: entity_id=select.primary_options_ai_malware_filter, old_state=None, new_state=<state select.primary_options_ai_malware_filter=Minimal; options=['Off', 'Minimal', 'Standard', 'Aggressive'], integration=controld_manager, profile_name=Primary, purpose=purpose_profile_option, item_type=option, taxonomy_path=['Options'], item_name=AI Malware Filter, friendly_name=Primary Options / AI Malware Filter @ 2026-05-15T13:06:37.819165-07:00>>
INFO:homeassistant.helpers.entity_registry:Registered new select.controld_manager entity: select.primary_options_block_response
DEBUG:homeassistant.core:Bus:Handling <Event entity_registry_updated[L]: action=create, entity_id=select.primary_options_block_response>
DEBUG:homeassistant.components.select:Not adding entity Options / Block Response because it's disabled
INFO:homeassistant.helpers.entity_registry:Registered new select.controld_manager entity: select.primary_rules_folder_allow_folder
DEBUG:homeassistant.core:Bus:Handling <Event entity_registry_updated[L]: action=create, entity_id=select.primary_rules_folder_allow_folder>
DEBUG:homeassistant.core:Bus:Handling <Event state_changed[L]: entity_id=select.primary_rules_folder_allow_folder, old_state=None, new_state=<state select.primary_rules_folder_allow_folder=bypass; options=['off', 'block', 'bypass', 'redirect'], integration=controld_manager, profile_name=Primary, purpose=purpose_profile_rule_group, item_type=rule_group, taxonomy_path=['Rules', 'Folder'], item_name=Allow folder, friendly_name=Primary Rules / Folder / Allow folder @ 2026-05-15T13:06:37.819647-07:00>>
INFO:homeassistant.helpers.entity_registry:Registered new select.controld_manager entity: select.primary_services_audio_amazon_music
DEBUG:homeassistant.core:Bus:Handling <Event entity_registry_updated[L]: action=create, entity_id=select.primary_services_audio_amazon_music>
DEBUG:homeassistant.core:Bus:Handling <Event state_changed[L]: entity_id=select.primary_services_audio_amazon_music, old_state=None, new_state=<state select.primary_services_audio_amazon_music=bypassed; options=['off', 'blocked', 'bypassed', 'redirected'], integration=controld_manager, profile_name=Primary, purpose=purpose_profile_service, item_type=service, taxonomy_path=['Services', 'Audio'], item_name=Amazon Music, suggested_redirect_target=JFK, friendly_name=Primary Services / Audio / Amazon Music @ 2026-05-15T13:06:37.819905-07:00>>
INFO:homeassistant.helpers.entity_registry:Registered new select.controld_manager entity: select.secondary_options_default_rule
DEBUG:homeassistant.core:Bus:Handling <Event entity_registry_updated[L]: action=create, entity_id=select.secondary_options_default_rule>
DEBUG:homeassistant.core:Bus:Handling <Event state_changed[L]: entity_id=select.secondary_options_default_rule, old_state=None, new_state=<state select.secondary_options_default_rule=bypassing; options=['blocking', 'bypassing', 'redirecting'], integration=controld_manager, profile_name=Secondary, purpose=purpose_profile_default_rule, item_type=default_rule, taxonomy_path=['Options'], item_name=Default Rule, friendly_name=Secondary Options / Default Rule @ 2026-05-15T13:06:37.820159-07:00>>
INFO:homeassistant.helpers.entity_registry:Registered new select.controld_manager entity: select.secondary_filters_ads_trackers_mode
DEBUG:homeassistant.core:Bus:Handling <Event entity_registry_updated[L]: action=create, entity_id=select.secondary_filters_ads_trackers_mode>
DEBUG:homeassistant.core:Bus:Handling <Event state_changed[L]: entity_id=select.secondary_filters_ads_trackers_mode, old_state=None, new_state=<state select.secondary_filters_ads_trackers_mode=Relaxed; options=['Relaxed', 'Balanced', 'Strict'], integration=controld_manager, profile_name=Secondary, purpose=purpose_profile_filter_mode, item_type=filter_mode, taxonomy_path=['Filters'], item_name=Ads & Trackers, friendly_name=Secondary Filters / Ads & Trackers Mode @ 2026-05-15T13:06:37.820385-07:00>>
INFO:homeassistant.helpers.entity_registry:Registered new select.controld_manager entity: select.secondary_filters_adult_content_mode
DEBUG:homeassistant.core:Bus:Handling <Event entity_registry_updated[L]: action=create, entity_id=select.secondary_filters_adult_content_mode>
DEBUG:homeassistant.components.select:Not adding entity Filters / Adult Content Mode because it's disabled
INFO:homeassistant.helpers.entity_registry:Registered new select.controld_manager entity: select.secondary_options_ai_malware_filter
DEBUG:homeassistant.core:Bus:Handling <Event entity_registry_updated[L]: action=create, entity_id=select.secondary_options_ai_malware_filter>
DEBUG:homeassistant.core:Bus:Handling <Event state_changed[L]: entity_id=select.secondary_options_ai_malware_filter, old_state=None, new_state=<state select.secondary_options_ai_malware_filter=Minimal; options=['Off', 'Minimal', 'Standard', 'Aggressive'], integration=controld_manager, profile_name=Secondary, purpose=purpose_profile_option, item_type=option, taxonomy_path=['Options'], item_name=AI Malware Filter, friendly_name=Secondary Options / AI Malware Filter @ 2026-05-15T13:06:37.820761-07:00>>
INFO:homeassistant.loader:Loaded switch from homeassistant.components.switch
DEBUG:homeassistant.loader:Component switch import took 0.000 seconds (loaded_executor=False)
INFO:homeassistant.setup:Setting up switch
DEBUG:homeassistant.core:Bus:Handling <Event service_registered[L]: domain=switch, service=turn_off>
DEBUG:homeassistant.core:Bus:Handling <Event service_registered[L]: domain=switch, service=turn_on>
DEBUG:homeassistant.core:Bus:Handling <Event service_registered[L]: domain=switch, service=toggle>
DEBUG:homeassistant.core:Bus:Handling <Event component_loaded[L]: component=switch>
DEBUG:homeassistant.loader:Importing platforms for switch executor=[] loop=['condition', 'trigger'] took 0.00s
DEBUG:homeassistant.helpers.condition:Conditions for integration switch are disabled
DEBUG:homeassistant.helpers.trigger:Triggers for integration switch are disabled
INFO:homeassistant.components.switch:Setting up controld_manager.switch
INFO:homeassistant.helpers.entity_registry:Registered new switch.controld_manager entity: switch.primary_filters_ads_trackers
DEBUG:homeassistant.core:Bus:Handling <Event entity_registry_updated[L]: action=create, entity_id=switch.primary_filters_ads_trackers>
DEBUG:homeassistant.core:Bus:Handling <Event state_changed[L]: entity_id=switch.primary_filters_ads_trackers, old_state=None, new_state=<state switch.primary_filters_ads_trackers=on; integration=controld_manager, profile_name=Primary, purpose=purpose_profile_filter, item_type=filter, taxonomy_path=['Filters'], item_name=Ads & Trackers, friendly_name=Primary Filters / Ads & Trackers @ 2026-05-15T13:06:37.825127-07:00>>
INFO:homeassistant.helpers.entity_registry:Registered new switch.controld_manager entity: switch.primary_filters_adult_content
DEBUG:homeassistant.core:Bus:Handling <Event entity_registry_updated[L]: action=create, entity_id=switch.primary_filters_adult_content>
DEBUG:homeassistant.components.switch:Not adding entity Filters / Adult Content because it's disabled
INFO:homeassistant.helpers.entity_registry:Registered new switch.controld_manager entity: switch.primary_filters_social_networks
DEBUG:homeassistant.core:Bus:Handling <Event entity_registry_updated[L]: action=create, entity_id=switch.primary_filters_social_networks>
DEBUG:homeassistant.components.switch:Not adding entity Filters / Social Networks because it's disabled
INFO:homeassistant.helpers.entity_registry:Registered new switch.controld_manager entity: switch.primary_options_dns_rebind_protection
DEBUG:homeassistant.core:Bus:Handling <Event entity_registry_updated[L]: action=create, entity_id=switch.primary_options_dns_rebind_protection>
DEBUG:homeassistant.components.switch:Not adding entity Options / DNS Rebind Protection because it's disabled
INFO:homeassistant.helpers.entity_registry:Registered new switch.controld_manager entity: switch.primary_options_safe_search
DEBUG:homeassistant.core:Bus:Handling <Event entity_registry_updated[L]: action=create, entity_id=switch.primary_options_safe_search>
DEBUG:homeassistant.core:Bus:Handling <Event state_changed[L]: entity_id=switch.primary_options_safe_search, old_state=None, new_state=<state switch.primary_options_safe_search=on; integration=controld_manager, profile_name=Primary, purpose=purpose_profile_option, item_type=option, taxonomy_path=['Options'], item_name=Safe Search, friendly_name=Primary Options / Safe Search @ 2026-05-15T13:06:37.825930-07:00>>
INFO:homeassistant.helpers.entity_registry:Registered new switch.controld_manager entity: switch.primary_options_restricted_youtube
DEBUG:homeassistant.core:Bus:Handling <Event entity_registry_updated[L]: action=create, entity_id=switch.primary_options_restricted_youtube>
DEBUG:homeassistant.core:Bus:Handling <Event state_changed[L]: entity_id=switch.primary_options_restricted_youtube, old_state=None, new_state=<state switch.primary_options_restricted_youtube=off; integration=controld_manager, profile_name=Primary, purpose=purpose_profile_option, item_type=option, taxonomy_path=['Options'], item_name=Restricted Youtube, friendly_name=Primary Options / Restricted Youtube @ 2026-05-15T13:06:37.826205-07:00>>
INFO:homeassistant.helpers.entity_registry:Registered new switch.controld_manager entity: switch.primary_options_block_ttl
DEBUG:homeassistant.core:Bus:Handling <Event entity_registry_updated[L]: action=create, entity_id=switch.primary_options_block_ttl>
DEBUG:homeassistant.components.switch:Not adding entity Options / Block TTL because it's disabled
INFO:homeassistant.helpers.entity_registry:Registered new switch.controld_manager entity: switch.primary_options_bypass_ttl
DEBUG:homeassistant.core:Bus:Handling <Event entity_registry_updated[L]: action=create, entity_id=switch.primary_options_bypass_ttl>
DEBUG:homeassistant.components.switch:Not adding entity Options / Bypass TTL because it's disabled
INFO:homeassistant.helpers.entity_registry:Registered new switch.controld_manager entity: switch.primary_options_redirect_ttl
DEBUG:homeassistant.core:Bus:Handling <Event entity_registry_updated[L]: action=create, entity_id=switch.primary_options_redirect_ttl>
DEBUG:homeassistant.components.switch:Not adding entity Options / Redirect TTL because it's disabled
INFO:homeassistant.helpers.entity_registry:Registered new switch.controld_manager entity: switch.primary_disable_15_minutes
DEBUG:homeassistant.core:Bus:Handling <Event entity_registry_updated[L]: action=create, entity_id=switch.primary_disable_15_minutes>
DEBUG:homeassistant.core:Bus:Handling <Event state_changed[L]: entity_id=switch.primary_disable_15_minutes, old_state=None, new_state=<state switch.primary_disable_15_minutes=off; integration=controld_manager, profile_name=Primary, purpose=purpose_profile_pause, item_type=profile_pause, taxonomy_path=[], item_name=Paused, friendly_name=Primary Disable (15 minutes) @ 2026-05-15T13:06:37.826860-07:00>>
INFO:homeassistant.helpers.entity_registry:Registered new switch.controld_manager entity: switch.primary_rules_allow_folder_example2_com
DEBUG:homeassistant.core:Bus:Handling <Event entity_registry_updated[L]: action=create, entity_id=switch.primary_rules_allow_folder_example2_com>
DEBUG:homeassistant.core:Bus:Handling <Event state_changed[L]: entity_id=switch.primary_rules_allow_folder_example2_com, old_state=None, new_state=<state switch.primary_rules_allow_folder_example2_com=on; integration=controld_manager, profile_name=Primary, purpose=purpose_profile_rule, item_type=rule, taxonomy_path=['Rules', 'Allow folder'], item_name=example2.com, rule_identity=group:1|example2.com, group=Allow folder, comment=Here is my reason, action=bypass, friendly_name=Primary Rules / Allow folder / example2.com @ 2026-05-15T13:06:37.827147-07:00>>
INFO:homeassistant.helpers.entity_registry:Registered new switch.controld_manager entity: switch.primary_rules_domain_example_com
DEBUG:homeassistant.core:Bus:Handling <Event entity_registry_updated[L]: action=create, entity_id=switch.primary_rules_domain_example_com>
DEBUG:homeassistant.core:Bus:Handling <Event state_changed[L]: entity_id=switch.primary_rules_domain_example_com, old_state=None, new_state=<state switch.primary_rules_domain_example_com=on; integration=controld_manager, profile_name=Primary, purpose=purpose_profile_rule, item_type=rule, taxonomy_path=['Rules', 'Domain'], item_name=example.com, rule_identity=root|example.com, comment=, action=block, friendly_name=Primary Rules / Domain / example.com @ 2026-05-15T13:06:37.827393-07:00>>
INFO:homeassistant.helpers.entity_registry:Registered new switch.controld_manager entity: switch.secondary_filters_ads_trackers
DEBUG:homeassistant.core:Bus:Handling <Event entity_registry_updated[L]: action=create, entity_id=switch.secondary_filters_ads_trackers>
DEBUG:homeassistant.core:Bus:Handling <Event state_changed[L]: entity_id=switch.secondary_filters_ads_trackers, old_state=None, new_state=<state switch.secondary_filters_ads_trackers=on; integration=controld_manager, profile_name=Secondary, purpose=purpose_profile_filter, item_type=filter, taxonomy_path=['Filters'], item_name=Ads & Trackers, friendly_name=Secondary Filters / Ads & Trackers @ 2026-05-15T13:06:37.827621-07:00>>
INFO:homeassistant.helpers.entity_registry:Registered new switch.controld_manager entity: switch.secondary_filters_adult_content
DEBUG:homeassistant.core:Bus:Handling <Event entity_registry_updated[L]: action=create, entity_id=switch.secondary_filters_adult_content>
DEBUG:homeassistant.components.switch:Not adding entity Filters / Adult Content because it's disabled
INFO:homeassistant.helpers.entity_registry:Registered new switch.controld_manager entity: switch.secondary_filters_social_networks
DEBUG:homeassistant.core:Bus:Handling <Event entity_registry_updated[L]: action=create, entity_id=switch.secondary_filters_social_networks>
DEBUG:homeassistant.components.switch:Not adding entity Filters / Social Networks because it's disabled
INFO:homeassistant.helpers.entity_registry:Registered new switch.controld_manager entity: switch.secondary_options_safe_search
DEBUG:homeassistant.core:Bus:Handling <Event entity_registry_updated[L]: action=create, entity_id=switch.secondary_options_safe_search>
DEBUG:homeassistant.core:Bus:Handling <Event state_changed[L]: entity_id=switch.secondary_options_safe_search, old_state=None, new_state=<state switch.secondary_options_safe_search=on; integration=controld_manager, profile_name=Secondary, purpose=purpose_profile_option, item_type=option, taxonomy_path=['Options'], item_name=Safe Search, friendly_name=Secondary Options / Safe Search @ 2026-05-15T13:06:37.828124-07:00>>
INFO:homeassistant.helpers.entity_registry:Registered new switch.controld_manager entity: switch.secondary_options_restricted_youtube
DEBUG:homeassistant.core:Bus:Handling <Event entity_registry_updated[L]: action=create, entity_id=switch.secondary_options_restricted_youtube>
DEBUG:homeassistant.core:Bus:Handling <Event state_changed[L]: entity_id=switch.secondary_options_restricted_youtube, old_state=None, new_state=<state switch.secondary_options_restricted_youtube=off; integration=controld_manager, profile_name=Secondary, purpose=purpose_profile_option, item_type=option, taxonomy_path=['Options'], item_name=Restricted Youtube, friendly_name=Secondary Options / Restricted Youtube @ 2026-05-15T13:06:37.828367-07:00>>
INFO:homeassistant.helpers.entity_registry:Registered new switch.controld_manager entity: switch.secondary_disable_15_minutes
DEBUG:homeassistant.core:Bus:Handling <Event entity_registry_updated[L]: action=create, entity_id=switch.secondary_disable_15_minutes>
DEBUG:homeassistant.core:Bus:Handling <Event state_changed[L]: entity_id=switch.secondary_disable_15_minutes, old_state=None, new_state=<state switch.secondary_disable_15_minutes=off; integration=controld_manager, profile_name=Secondary, purpose=purpose_profile_pause, item_type=profile_pause, taxonomy_path=[], item_name=Paused, friendly_name=Secondary Disable (15 minutes) @ 2026-05-15T13:06:37.828596-07:00>>
DEBUG:homeassistant.loader:Component binary_sensor import took 0.000 seconds (loaded_executor=False)
INFO:homeassistant.setup:Setting up binary_sensor
DEBUG:homeassistant.core:Bus:Handling <Event component_loaded[L]: component=binary_sensor>
INFO:homeassistant.components.binary_sensor:Setting up controld_manager.binary_sensor
INFO:homeassistant.helpers.entity_registry:Registered new binary_sensor.controld_manager entity: binary_sensor.primary_chads_phone_status
DEBUG:homeassistant.core:Bus:Handling <Event entity_registry_updated[L]: action=create, entity_id=binary_sensor.primary_chads_phone_status>
DEBUG:homeassistant.core:Bus:Handling <Event state_changed[L]: entity_id=binary_sensor.primary_chads_phone_status, old_state=None, new_state=<state binary_sensor.primary_chads_phone_status=off; integration=controld_manager, profile_name=Primary, purpose=purpose_endpoint_status, item_type=status, taxonomy_path=[], item_name=Status, activity_threshold_minutes=15, last_active=2026-04-01T18:16:24+00:00, attached_profiles=['Primary', 'Secondary'], parent_device_id=router-1, device_class=connectivity, friendly_name=Primary Chads-Phone Status @ 2026-05-15T13:06:37.830949-07:00>>
INFO:homeassistant.helpers.entity_registry:Registered new binary_sensor.controld_manager entity: binary_sensor.primary_firewalla_status
DEBUG:homeassistant.core:Bus:Handling <Event entity_registry_updated[L]: action=create, entity_id=binary_sensor.primary_firewalla_status>
DEBUG:homeassistant.core:Bus:Handling <Event state_changed[L]: entity_id=binary_sensor.primary_firewalla_status, old_state=None, new_state=<state binary_sensor.primary_firewalla_status=off; integration=controld_manager, profile_name=Primary, purpose=purpose_endpoint_status, item_type=status, taxonomy_path=[], item_name=Status, activity_threshold_minutes=15, last_active=2026-04-01T18:16:25+00:00, attached_profiles=['Primary'], parent_device_id=None, device_class=connectivity, friendly_name=Primary Firewalla Status @ 2026-05-15T13:06:37.831279-07:00>>
DEBUG:homeassistant.loader:Component button import took 0.000 seconds (loaded_executor=False)
INFO:homeassistant.setup:Setting up button
DEBUG:homeassistant.core:Bus:Handling <Event service_registered[L]: domain=button, service=press>
DEBUG:homeassistant.core:Bus:Handling <Event component_loaded[L]: component=button>
DEBUG:homeassistant.loader:Importing platforms for button executor=[] loop=['trigger'] took 0.00s
DEBUG:homeassistant.helpers.trigger:Triggers for integration button are disabled
INFO:homeassistant.components.button:Setting up controld_manager.button
INFO:homeassistant.helpers.entity_registry:Registered new button.controld_manager entity: button.account_sync_now
DEBUG:homeassistant.core:Bus:Handling <Event entity_registry_updated[L]: action=create, entity_id=button.account_sync_now>
DEBUG:homeassistant.core:Bus:Handling <Event state_changed[L]: entity_id=button.account_sync_now, old_state=None, new_state=<state button.account_sync_now=unknown; integration=controld_manager, profile_name=Account, purpose=purpose_instance_action, item_type=action, taxonomy_path=[], item_name=Sync now, friendly_name=Account Sync now @ 2026-05-15T13:06:37.833932-07:00>>
DEBUG:homeassistant.core:Bus:Handling <Event component_loaded[L]: component=controld_manager>
------------------------------ Captured log call -------------------------------
INFO     homeassistant.loader:loader.py:785 Loaded controld_manager from custom_components.controld_manager
WARNING  homeassistant.loader:loader.py:700 We found a custom integration controld_manager which has not been tested by Home Assistant. This component might cause stability problems, be sure to disable it if you experience issues with Home Assistant
DEBUG    homeassistant.loader:loader.py:1014 Component controld_manager import took 0.000 seconds (loaded_executor=False)
INFO     homeassistant.setup:setup.py:393 Setting up controld_manager
DEBUG    homeassistant.core:core.py:1520 Bus:Handling <Event service_registered[L]: domain=controld_manager, service=disable_profile>
DEBUG    homeassistant.core:core.py:1520 Bus:Handling <Event service_registered[L]: domain=controld_manager, service=enable_profile>
DEBUG    homeassistant.core:core.py:1520 Bus:Handling <Event service_registered[L]: domain=controld_manager, service=set_client_alias>
DEBUG    homeassistant.core:core.py:1520 Bus:Handling <Event service_registered[L]: domain=controld_manager, service=clear_client_alias>
DEBUG    homeassistant.core:core.py:1520 Bus:Handling <Event service_registered[L]: domain=controld_manager, service=rename_endpoint>
DEBUG    homeassistant.core:core.py:1520 Bus:Handling <Event service_registered[L]: domain=controld_manager, service=set_endpoint_analytics_logging>
DEBUG    homeassistant.core:core.py:1520 Bus:Handling <Event service_registered[L]: domain=controld_manager, service=set_filter_state>
DEBUG    homeassistant.core:core.py:1520 Bus:Handling <Event service_registered[L]: domain=controld_manager, service=set_rule_state>
DEBUG    homeassistant.core:core.py:1520 Bus:Handling <Event service_registered[L]: domain=controld_manager, service=create_rule>
DEBUG    homeassistant.core:core.py:1520 Bus:Handling <Event service_registered[L]: domain=controld_manager, service=delete_rule>
DEBUG    homeassistant.core:core.py:1520 Bus:Handling <Event service_registered[L]: domain=controld_manager, service=set_service_state>
DEBUG    homeassistant.core:core.py:1520 Bus:Handling <Event service_registered[L]: domain=controld_manager, service=set_option_state>
DEBUG    homeassistant.core:core.py:1520 Bus:Handling <Event service_registered[L]: domain=controld_manager, service=set_default_rule_state>
DEBUG    homeassistant.core:core.py:1520 Bus:Handling <Event service_registered[L]: domain=controld_manager, service=get_catalog>
DEBUG    homeassistant.loader:loader.py:1202 Importing platforms for controld_manager executor=[] loop=['config_flow'] took 0.00s
DEBUG    homeassistant.core:core.py:1520 Bus:Handling <Event device_registry_updated[L]: action=create, device_id=2cb6fef472be23b8187aec8ad6ef5449>
DEBUG    homeassistant.core:core.py:1520 Bus:Handling <Event device_registry_updated[L]: action=create, device_id=039cff07ba5f90082eb71997b7c5e5cb>
DEBUG    homeassistant.core:core.py:1520 Bus:Handling <Event device_registry_updated[L]: action=create, device_id=9c59d8fa9a6b94cc959776333370ed8b>
DEBUG    custom_components.controld_manager.coordinator:update_coordinator.py:563 Finished fetching controld_manager data in 0.004 seconds (success: True)
DEBUG    homeassistant.loader:loader.py:1202 Importing platforms for controld_manager executor=[] loop=[<EntityPlatforms.BINARY_SENSOR: 'binary_sensor'>, <EntityPlatforms.BUTTON: 'button'>, <EntityPlatforms.SENSOR: 'sensor'>, <EntityPlatforms.SELECT: 'select'>, <EntityPlatforms.SWITCH: 'switch'>] took 0.00s
INFO     homeassistant.loader:loader.py:785 Loaded binary_sensor from homeassistant.components.binary_sensor
INFO     homeassistant.loader:loader.py:785 Loaded button from homeassistant.components.button
INFO     homeassistant.loader:loader.py:785 Loaded sensor from homeassistant.components.sensor
DEBUG    homeassistant.loader:loader.py:1014 Component sensor import took 0.000 seconds (loaded_executor=False)
INFO     homeassistant.setup:setup.py:393 Setting up sensor
DEBUG    homeassistant.core:core.py:1520 Bus:Handling <Event component_loaded[L]: component=sensor>
INFO     homeassistant.components.sensor:entity_platform.py:440 Setting up controld_manager.sensor
INFO     homeassistant.helpers.entity_registry:entity_registry.py:1488 Registered new sensor.controld_manager entity: sensor.account_blocked_queries
DEBUG    homeassistant.core:core.py:1520 Bus:Handling <Event entity_registry_updated[L]: action=create, entity_id=sensor.account_blocked_queries>
DEBUG    homeassistant.core:core.py:1520 Bus:Handling <Event entity_registry_updated[L]: action=update, entity_id=sensor.account_blocked_queries, changes=options=>
DEBUG    homeassistant.core:core.py:1520 Bus:Handling <Event state_changed[L]: entity_id=sensor.account_blocked_queries, old_state=None, new_state=<state sensor.account_blocked_queries=8100; state_class=measurement, integration=controld_manager, profile_name=Account, purpose=purpose_instance_analytics, item_type=analytics_metric, taxonomy_path=[], item_name=Blocked queries, analytics_start_time=2026-04-06T17:00:00-07:00, analytics_end_time=2026-04-07T17:00:00-07:00, unit_of_measurement=queries, friendly_name=Account Blocked queries @ 2026-05-15T13:06:37.800798-07:00>>
INFO     homeassistant.helpers.entity_registry:entity_registry.py:1488 Registered new sensor.controld_manager entity: sensor.account_blocked_queries_ratio
DEBUG    homeassistant.core:core.py:1520 Bus:Handling <Event entity_registry_updated[L]: action=create, entity_id=sensor.account_blocked_queries_ratio>
DEBUG    homeassistant.core:core.py:1520 Bus:Handling <Event entity_registry_updated[L]: action=update, entity_id=sensor.account_blocked_queries_ratio, changes=options=>
DEBUG    homeassistant.core:core.py:1520 Bus:Handling <Event state_changed[L]: entity_id=sensor.account_blocked_queries_ratio, old_state=None, new_state=<state sensor.account_blocked_queries_ratio=14.0; state_class=measurement, integration=controld_manager, profile_name=Account, purpose=purpose_instance_analytics, item_type=analytics_metric, taxonomy_path=[], item_name=Blocked queries ratio, analytics_start_time=2026-04-06T17:00:00-07:00, analytics_end_time=2026-04-07T17:00:00-07:00, unit_of_measurement=%, friendly_name=Account Blocked queries ratio @ 2026-05-15T13:06:37.801534-07:00>>
INFO     homeassistant.helpers.entity_registry:entity_registry.py:1488 Registered new sensor.controld_manager entity: sensor.account_bypassed_queries
DEBUG    homeassistant.core:core.py:1520 Bus:Handling <Event entity_registry_updated[L]: action=create, entity_id=sensor.account_bypassed_queries>
DEBUG    homeassistant.core:core.py:1520 Bus:Handling <Event entity_registry_updated[L]: action=update, entity_id=sensor.account_bypassed_queries, changes=options=>
DEBUG    homeassistant.core:core.py:1520 Bus:Handling <Event state_changed[L]: entity_id=sensor.account_bypassed_queries, old_state=None, new_state=<state sensor.account_bypassed_queries=49700; state_class=measurement, integration=controld_manager, profile_name=Account, purpose=purpose_instance_analytics, item_type=analytics_metric, taxonomy_path=[], item_name=Bypassed queries, analytics_start_time=2026-04-06T17:00:00-07:00, analytics_end_time=2026-04-07T17:00:00-07:00, unit_of_measurement=queries, friendly_name=Account Bypassed queries @ 2026-05-15T13:06:37.802231-07:00>>
INFO     homeassistant.helpers.entity_registry:entity_registry.py:1488 Registered new sensor.controld_manager entity: sensor.account_endpoint_count
DEBUG    homeassistant.core:core.py:1520 Bus:Handling <Event entity_registry_updated[L]: action=create, entity_id=sensor.account_endpoint_count>
DEBUG    homeassistant.core:core.py:1520 Bus:Handling <Event state_changed[L]: entity_id=sensor.account_endpoint_count, old_state=None, new_state=<state sensor.account_endpoint_count=3; state_class=measurement, integration=controld_manager, profile_name=Account, purpose=purpose_instance_summary, item_type=summary_metric, taxonomy_path=[], item_name=Endpoint count, discovered_endpoint_count=2, router_client_count=1, unit_of_measurement=endpoints, friendly_name=Account Endpoint count @ 2026-05-15T13:06:37.802551-07:00>>
INFO     homeassistant.helpers.entity_registry:entity_registry.py:1488 Registered new sensor.controld_manager entity: sensor.account_profile_count
DEBUG    homeassistant.core:core.py:1520 Bus:Handling <Event entity_registry_updated[L]: action=create, entity_id=sensor.account_profile_count>
DEBUG    homeassistant.core:core.py:1520 Bus:Handling <Event state_changed[L]: entity_id=sensor.account_profile_count, old_state=None, new_state=<state sensor.account_profile_count=2; state_class=measurement, integration=controld_manager, profile_name=Account, purpose=purpose_instance_summary, item_type=summary_metric, taxonomy_path=[], item_name=Profile count, unit_of_measurement=profiles, friendly_name=Account Profile count @ 2026-05-15T13:06:37.802845-07:00>>
INFO     homeassistant.helpers.entity_registry:entity_registry.py:1488 Registered new sensor.controld_manager entity: sensor.account_redirected_queries
DEBUG    homeassistant.core:core.py:1520 Bus:Handling <Event entity_registry_updated[L]: action=create, entity_id=sensor.account_redirected_queries>
DEBUG    homeassistant.core:core.py:1520 Bus:Handling <Event entity_registry_updated[L]: action=update, entity_id=sensor.account_redirected_queries, changes=options=>
DEBUG    homeassistant.core:core.py:1520 Bus:Handling <Event state_changed[L]: entity_id=sensor.account_redirected_queries, old_state=None, new_state=<state sensor.account_redirected_queries=26; state_class=measurement, integration=controld_manager, profile_name=Account, purpose=purpose_instance_analytics, item_type=analytics_metric, taxonomy_path=[], item_name=Redirected queries, analytics_start_time=2026-04-06T17:00:00-07:00, analytics_end_time=2026-04-07T17:00:00-07:00, unit_of_measurement=queries, friendly_name=Account Redirected queries @ 2026-05-15T13:06:37.803546-07:00>>
INFO     homeassistant.helpers.entity_registry:entity_registry.py:1488 Registered new sensor.controld_manager entity: sensor.account_status
DEBUG    homeassistant.core:core.py:1520 Bus:Handling <Event entity_registry_updated[L]: action=create, entity_id=sensor.account_status>
DEBUG    homeassistant.core:core.py:1520 Bus:Handling <Event state_changed[L]: entity_id=sensor.account_status, old_state=None, new_state=<state sensor.account_status=healthy; options=['healthy', 'degraded', 'problem'], integration=controld_manager, profile_name=Account, purpose=purpose_instance_status, item_type=status, taxonomy_path=[], item_name=Status, last_refresh_attempt=2026-05-15T13:06:37.789823-07:00, last_successful_refresh=2026-05-15T13:06:37.793354-07:00, refresh_in_progress=False, last_refresh_trigger=scheduled, consecutive_failed_refreshes=0, stats_endpoint=america, device_class=enum, friendly_name=Account Status @ 2026-05-15T13:06:37.803855-07:00>>
INFO     homeassistant.helpers.entity_registry:entity_registry.py:1488 Registered new sensor.controld_manager entity: sensor.account_total_queries
DEBUG    homeassistant.core:core.py:1520 Bus:Handling <Event entity_registry_updated[L]: action=create, entity_id=sensor.account_total_queries>
DEBUG    homeassistant.core:core.py:1520 Bus:Handling <Event entity_registry_updated[L]: action=update, entity_id=sensor.account_total_queries, changes=options=>
DEBUG    homeassistant.core:core.py:1520 Bus:Handling <Event state_changed[L]: entity_id=sensor.account_total_queries, old_state=None, new_state=<state sensor.account_total_queries=57826; state_class=measurement, integration=controld_manager, profile_name=Account, purpose=purpose_instance_analytics, item_type=analytics_metric, taxonomy_path=[], item_name=Total queries, analytics_start_time=2026-04-06T17:00:00-07:00, analytics_end_time=2026-04-07T17:00:00-07:00, unit_of_measurement=queries, friendly_name=Account Total queries @ 2026-05-15T13:06:37.804513-07:00>>
INFO     homeassistant.helpers.entity_registry:entity_registry.py:1488 Registered new sensor.controld_manager entity: sensor.primary_blocked_queries
DEBUG    homeassistant.core:core.py:1520 Bus:Handling <Event entity_registry_updated[L]: action=create, entity_id=sensor.primary_blocked_queries>
DEBUG    homeassistant.core:core.py:1520 Bus:Handling <Event entity_registry_updated[L]: action=update, entity_id=sensor.primary_blocked_queries, changes=options=>
DEBUG    homeassistant.core:core.py:1520 Bus:Handling <Event state_changed[L]: entity_id=sensor.primary_blocked_queries, old_state=None, new_state=<state sensor.primary_blocked_queries=8000; state_class=measurement, integration=controld_manager, profile_name=Primary, purpose=purpose_profile_analytics, item_type=analytics_metric, taxonomy_path=[], item_name=Blocked queries, analytics_start_time=2026-04-06T17:00:00-07:00, analytics_end_time=2026-04-07T17:00:00-07:00, unit_of_measurement=queries, friendly_name=Primary Blocked queries @ 2026-05-15T13:06:37.805171-07:00>>
INFO     homeassistant.helpers.entity_registry:entity_registry.py:1488 Registered new sensor.controld_manager entity: sensor.primary_blocked_queries_ratio
DEBUG    homeassistant.core:core.py:1520 Bus:Handling <Event entity_registry_updated[L]: action=create, entity_id=sensor.primary_blocked_queries_ratio>
DEBUG    homeassistant.core:core.py:1520 Bus:Handling <Event entity_registry_updated[L]: action=update, entity_id=sensor.primary_blocked_queries_ratio, changes=options=>
DEBUG    homeassistant.core:core.py:1520 Bus:Handling <Event state_changed[L]: entity_id=sensor.primary_blocked_queries_ratio, old_state=None, new_state=<state sensor.primary_blocked_queries_ratio=14.0; state_class=measurement, integration=controld_manager, profile_name=Primary, purpose=purpose_profile_analytics, item_type=analytics_metric, taxonomy_path=[], item_name=Blocked queries ratio, analytics_start_time=2026-04-06T17:00:00-07:00, analytics_end_time=2026-04-07T17:00:00-07:00, unit_of_measurement=%, friendly_name=Primary Blocked queries ratio @ 2026-05-15T13:06:37.805801-07:00>>
INFO     homeassistant.helpers.entity_registry:entity_registry.py:1488 Registered new sensor.controld_manager entity: sensor.primary_bypassed_queries
DEBUG    homeassistant.core:core.py:1520 Bus:Handling <Event entity_registry_updated[L]: action=create, entity_id=sensor.primary_bypassed_queries>
DEBUG    homeassistant.core:core.py:1520 Bus:Handling <Event entity_registry_updated[L]: action=update, entity_id=sensor.primary_bypassed_queries, changes=options=>
DEBUG    homeassistant.core:core.py:1520 Bus:Handling <Event state_changed[L]: entity_id=sensor.primary_bypassed_queries, old_state=None, new_state=<state sensor.primary_bypassed_queries=49100; state_class=measurement, integration=controld_manager, profile_name=Primary, purpose=purpose_profile_analytics, item_type=analytics_metric, taxonomy_path=[], item_name=Bypassed queries, analytics_start_time=2026-04-06T17:00:00-07:00, analytics_end_time=2026-04-07T17:00:00-07:00, unit_of_measurement=queries, friendly_name=Primary Bypassed queries @ 2026-05-15T13:06:37.806476-07:00>>
INFO     homeassistant.helpers.entity_registry:entity_registry.py:1488 Registered new sensor.controld_manager entity: sensor.primary_endpoint_count
DEBUG    homeassistant.core:core.py:1520 Bus:Handling <Event entity_registry_updated[L]: action=create, entity_id=sensor.primary_endpoint_count>
DEBUG    homeassistant.core:core.py:1520 Bus:Handling <Event state_changed[L]: entity_id=sensor.primary_endpoint_count, old_state=None, new_state=<state sensor.primary_endpoint_count=3; state_class=measurement, integration=controld_manager, profile_name=Primary, purpose=purpose_profile_summary, item_type=summary_metric, taxonomy_path=[], item_name=Endpoint count, unit_of_measurement=endpoints, friendly_name=Primary Endpoint count @ 2026-05-15T13:06:37.806774-07:00>>
INFO     homeassistant.helpers.entity_registry:entity_registry.py:1488 Registered new sensor.controld_manager entity: sensor.primary_redirected_queries
DEBUG    homeassistant.core:core.py:1520 Bus:Handling <Event entity_registry_updated[L]: action=create, entity_id=sensor.primary_redirected_queries>
DEBUG    homeassistant.core:core.py:1520 Bus:Handling <Event entity_registry_updated[L]: action=update, entity_id=sensor.primary_redirected_queries, changes=options=>
DEBUG    homeassistant.core:core.py:1520 Bus:Handling <Event state_changed[L]: entity_id=sensor.primary_redirected_queries, old_state=None, new_state=<state sensor.primary_redirected_queries=23; state_class=measurement, integration=controld_manager, profile_name=Primary, purpose=purpose_profile_analytics, item_type=analytics_metric, taxonomy_path=[], item_name=Redirected queries, analytics_start_time=2026-04-06T17:00:00-07:00, analytics_end_time=2026-04-07T17:00:00-07:00, unit_of_measurement=queries, friendly_name=Primary Redirected queries @ 2026-05-15T13:06:37.807407-07:00>>
INFO     homeassistant.helpers.entity_registry:entity_registry.py:1488 Registered new sensor.controld_manager entity: sensor.primary_status
DEBUG    homeassistant.core:core.py:1520 Bus:Handling <Event entity_registry_updated[L]: action=create, entity_id=sensor.primary_status>
DEBUG    homeassistant.core:core.py:1520 Bus:Handling <Event state_changed[L]: entity_id=sensor.primary_status, old_state=None, new_state=<state sensor.primary_status=healthy; options=['healthy', 'degraded', 'problem', 'disabled'], integration=controld_manager, profile_name=Primary, purpose=purpose_profile_status, item_type=status, taxonomy_path=[], item_name=Status, last_refresh_attempt=2026-05-15T13:06:37.789823-07:00, last_successful_refresh=2026-05-15T13:06:37.793354-07:00, refresh_in_progress=False, last_refresh_trigger=scheduled, consecutive_failed_refreshes=0, stats_endpoint=america, device_class=enum, icon=mdi:shield-check, friendly_name=Primary Status @ 2026-05-15T13:06:37.807732-07:00>>
INFO     homeassistant.helpers.entity_registry:entity_registry.py:1488 Registered new sensor.controld_manager entity: sensor.primary_total_queries
DEBUG    homeassistant.core:core.py:1520 Bus:Handling <Event entity_registry_updated[L]: action=create, entity_id=sensor.primary_total_queries>
DEBUG    homeassistant.core:core.py:1520 Bus:Handling <Event entity_registry_updated[L]: action=update, entity_id=sensor.primary_total_queries, changes=options=>
DEBUG    homeassistant.core:core.py:1520 Bus:Handling <Event state_changed[L]: entity_id=sensor.primary_total_queries, old_state=None, new_state=<state sensor.primary_total_queries=57123; state_class=measurement, integration=controld_manager, profile_name=Primary, purpose=purpose_profile_analytics, item_type=analytics_metric, taxonomy_path=[], item_name=Total queries, analytics_start_time=2026-04-06T17:00:00-07:00, analytics_end_time=2026-04-07T17:00:00-07:00, unit_of_measurement=queries, friendly_name=Primary Total queries @ 2026-05-15T13:06:37.808396-07:00>>
INFO     homeassistant.helpers.entity_registry:entity_registry.py:1488 Registered new sensor.controld_manager entity: sensor.secondary_blocked_queries
DEBUG    homeassistant.core:core.py:1520 Bus:Handling <Event entity_registry_updated[L]: action=create, entity_id=sensor.secondary_blocked_queries>
DEBUG    homeassistant.core:core.py:1520 Bus:Handling <Event entity_registry_updated[L]: action=update, entity_id=sensor.secondary_blocked_queries, changes=options=>
DEBUG    homeassistant.core:core.py:1520 Bus:Handling <Event state_changed[L]: entity_id=sensor.secondary_blocked_queries, old_state=None, new_state=<state sensor.secondary_blocked_queries=100; state_class=measurement, integration=controld_manager, profile_name=Secondary, purpose=purpose_profile_analytics, item_type=analytics_metric, taxonomy_path=[], item_name=Blocked queries, analytics_start_time=2026-04-06T17:00:00-07:00, analytics_end_time=2026-04-07T17:00:00-07:00, unit_of_measurement=queries, friendly_name=Secondary Blocked queries @ 2026-05-15T13:06:37.809029-07:00>>
INFO     homeassistant.helpers.entity_registry:entity_registry.py:1488 Registered new sensor.controld_manager entity: sensor.secondary_blocked_queries_ratio
DEBUG    homeassistant.core:core.py:1520 Bus:Handling <Event entity_registry_updated[L]: action=create, entity_id=sensor.secondary_blocked_queries_ratio>
DEBUG    homeassistant.core:core.py:1520 Bus:Handling <Event entity_registry_updated[L]: action=update, entity_id=sensor.secondary_blocked_queries_ratio, changes=options=>
DEBUG    homeassistant.core:core.py:1520 Bus:Handling <Event state_changed[L]: entity_id=sensor.secondary_blocked_queries_ratio, old_state=None, new_state=<state sensor.secondary_blocked_queries_ratio=14.2; state_class=measurement, integration=controld_manager, profile_name=Secondary, purpose=purpose_profile_analytics, item_type=analytics_metric, taxonomy_path=[], item_name=Blocked queries ratio, analytics_start_time=2026-04-06T17:00:00-07:00, analytics_end_time=2026-04-07T17:00:00-07:00, unit_of_measurement=%, friendly_name=Secondary Blocked queries ratio @ 2026-05-15T13:06:37.809736-07:00>>
INFO     homeassistant.helpers.entity_registry:entity_registry.py:1488 Registered new sensor.controld_manager entity: sensor.secondary_bypassed_queries
DEBUG    homeassistant.core:core.py:1520 Bus:Handling <Event entity_registry_updated[L]: action=create, entity_id=sensor.secondary_bypassed_queries>
DEBUG    homeassistant.core:core.py:1520 Bus:Handling <Event entity_registry_updated[L]: action=update, entity_id=sensor.secondary_bypassed_queries, changes=options=>
DEBUG    homeassistant.core:core.py:1520 Bus:Handling <Event state_changed[L]: entity_id=sensor.secondary_bypassed_queries, old_state=None, new_state=<state sensor.secondary_bypassed_queries=600; state_class=measurement, integration=controld_manager, profile_name=Secondary, purpose=purpose_profile_analytics, item_type=analytics_metric, taxonomy_path=[], item_name=Bypassed queries, analytics_start_time=2026-04-06T17:00:00-07:00, analytics_end_time=2026-04-07T17:00:00-07:00, unit_of_measurement=queries, friendly_name=Secondary Bypassed queries @ 2026-05-15T13:06:37.810387-07:00>>
INFO     homeassistant.helpers.entity_registry:entity_registry.py:1488 Registered new sensor.controld_manager entity: sensor.secondary_endpoint_count
DEBUG    homeassistant.core:core.py:1520 Bus:Handling <Event entity_registry_updated[L]: action=create, entity_id=sensor.secondary_endpoint_count>
DEBUG    homeassistant.core:core.py:1520 Bus:Handling <Event state_changed[L]: entity_id=sensor.secondary_endpoint_count, old_state=None, new_state=<state sensor.secondary_endpoint_count=1; state_class=measurement, integration=controld_manager, profile_name=Secondary, purpose=purpose_profile_summary, item_type=summary_metric, taxonomy_path=[], item_name=Endpoint count, unit_of_measurement=endpoints, friendly_name=Secondary Endpoint count @ 2026-05-15T13:06:37.810720-07:00>>
INFO     homeassistant.helpers.entity_registry:entity_registry.py:1488 Registered new sensor.controld_manager entity: sensor.secondary_redirected_queries
DEBUG    homeassistant.core:core.py:1520 Bus:Handling <Event entity_registry_updated[L]: action=create, entity_id=sensor.secondary_redirected_queries>
DEBUG    homeassistant.core:core.py:1520 Bus:Handling <Event entity_registry_updated[L]: action=update, entity_id=sensor.secondary_redirected_queries, changes=options=>
DEBUG    homeassistant.core:core.py:1520 Bus:Handling <Event state_changed[L]: entity_id=sensor.secondary_redirected_queries, old_state=None, new_state=<state sensor.secondary_redirected_queries=3; state_class=measurement, integration=controld_manager, profile_name=Secondary, purpose=purpose_profile_analytics, item_type=analytics_metric, taxonomy_path=[], item_name=Redirected queries, analytics_start_time=2026-04-06T17:00:00-07:00, analytics_end_time=2026-04-07T17:00:00-07:00, unit_of_measurement=queries, friendly_name=Secondary Redirected queries @ 2026-05-15T13:06:37.811394-07:00>>
INFO     homeassistant.helpers.entity_registry:entity_registry.py:1488 Registered new sensor.controld_manager entity: sensor.secondary_status
DEBUG    homeassistant.core:core.py:1520 Bus:Handling <Event entity_registry_updated[L]: action=create, entity_id=sensor.secondary_status>
DEBUG    homeassistant.core:core.py:1520 Bus:Handling <Event state_changed[L]: entity_id=sensor.secondary_status, old_state=None, new_state=<state sensor.secondary_status=healthy; options=['healthy', 'degraded', 'problem', 'disabled'], integration=controld_manager, profile_name=Secondary, purpose=purpose_profile_status, item_type=status, taxonomy_path=[], item_name=Status, last_refresh_attempt=2026-05-15T13:06:37.789823-07:00, last_successful_refresh=2026-05-15T13:06:37.793354-07:00, refresh_in_progress=False, last_refresh_trigger=scheduled, consecutive_failed_refreshes=0, stats_endpoint=america, device_class=enum, icon=mdi:shield-check, friendly_name=Secondary Status @ 2026-05-15T13:06:37.811710-07:00>>
INFO     homeassistant.helpers.entity_registry:entity_registry.py:1488 Registered new sensor.controld_manager entity: sensor.secondary_total_queries
DEBUG    homeassistant.core:core.py:1520 Bus:Handling <Event entity_registry_updated[L]: action=create, entity_id=sensor.secondary_total_queries>
DEBUG    homeassistant.core:core.py:1520 Bus:Handling <Event entity_registry_updated[L]: action=update, entity_id=sensor.secondary_total_queries, changes=options=>
DEBUG    homeassistant.core:core.py:1520 Bus:Handling <Event state_changed[L]: entity_id=sensor.secondary_total_queries, old_state=None, new_state=<state sensor.secondary_total_queries=703; state_class=measurement, integration=controld_manager, profile_name=Secondary, purpose=purpose_profile_analytics, item_type=analytics_metric, taxonomy_path=[], item_name=Total queries, analytics_start_time=2026-04-06T17:00:00-07:00, analytics_end_time=2026-04-07T17:00:00-07:00, unit_of_measurement=queries, friendly_name=Secondary Total queries @ 2026-05-15T13:06:37.812401-07:00>>
INFO     homeassistant.loader:loader.py:785 Loaded select from homeassistant.components.select
DEBUG    homeassistant.loader:loader.py:1014 Component select import took 0.000 seconds (loaded_executor=False)
INFO     homeassistant.setup:setup.py:393 Setting up select
DEBUG    homeassistant.core:core.py:1520 Bus:Handling <Event service_registered[L]: domain=select, service=select_first>
DEBUG    homeassistant.core:core.py:1520 Bus:Handling <Event service_registered[L]: domain=select, service=select_last>
DEBUG    homeassistant.core:core.py:1520 Bus:Handling <Event service_registered[L]: domain=select, service=select_next>
DEBUG    homeassistant.core:core.py:1520 Bus:Handling <Event service_registered[L]: domain=select, service=select_option>
DEBUG    homeassistant.core:core.py:1520 Bus:Handling <Event service_registered[L]: domain=select, service=select_previous>
DEBUG    homeassistant.core:core.py:1520 Bus:Handling <Event component_loaded[L]: component=select>
DEBUG    homeassistant.loader:loader.py:1202 Importing platforms for select executor=[] loop=['condition', 'trigger'] took 0.00s
DEBUG    homeassistant.helpers.condition:condition.py:266 Conditions for integration select are disabled
DEBUG    homeassistant.helpers.trigger:trigger.py:240 Triggers for integration select are disabled
INFO     homeassistant.components.select:entity_platform.py:440 Setting up controld_manager.select
INFO     homeassistant.helpers.entity_registry:entity_registry.py:1488 Registered new select.controld_manager entity: select.primary_options_default_rule
DEBUG    homeassistant.core:core.py:1520 Bus:Handling <Event entity_registry_updated[L]: action=create, entity_id=select.primary_options_default_rule>
DEBUG    homeassistant.core:core.py:1520 Bus:Handling <Event state_changed[L]: entity_id=select.primary_options_default_rule, old_state=None, new_state=<state select.primary_options_default_rule=bypassing; options=['blocking', 'bypassing', 'redirecting'], integration=controld_manager, profile_name=Primary, purpose=purpose_profile_default_rule, item_type=default_rule, taxonomy_path=['Options'], item_name=Default Rule, friendly_name=Primary Options / Default Rule @ 2026-05-15T13:06:37.818404-07:00>>
INFO     homeassistant.helpers.entity_registry:entity_registry.py:1488 Registered new select.controld_manager entity: select.primary_filters_ads_trackers_mode
DEBUG    homeassistant.core:core.py:1520 Bus:Handling <Event entity_registry_updated[L]: action=create, entity_id=select.primary_filters_ads_trackers_mode>
DEBUG    homeassistant.core:core.py:1520 Bus:Handling <Event state_changed[L]: entity_id=select.primary_filters_ads_trackers_mode, old_state=None, new_state=<state select.primary_filters_ads_trackers_mode=Relaxed; options=['Relaxed', 'Balanced', 'Strict'], integration=controld_manager, profile_name=Primary, purpose=purpose_profile_filter_mode, item_type=filter_mode, taxonomy_path=['Filters'], item_name=Ads & Trackers, friendly_name=Primary Filters / Ads & Trackers Mode @ 2026-05-15T13:06:37.818703-07:00>>
INFO     homeassistant.helpers.entity_registry:entity_registry.py:1488 Registered new select.controld_manager entity: select.primary_filters_adult_content_mode
DEBUG    homeassistant.core:core.py:1520 Bus:Handling <Event entity_registry_updated[L]: action=create, entity_id=select.primary_filters_adult_content_mode>
DEBUG    homeassistant.components.select:entity_platform.py:980 Not adding entity Filters / Adult Content Mode because it's disabled
INFO     homeassistant.helpers.entity_registry:entity_registry.py:1488 Registered new select.controld_manager entity: select.primary_options_ai_malware_filter
DEBUG    homeassistant.core:core.py:1520 Bus:Handling <Event entity_registry_updated[L]: action=create, entity_id=select.primary_options_ai_malware_filter>
DEBUG    homeassistant.core:core.py:1520 Bus:Handling <Event state_changed[L]: entity_id=select.primary_options_ai_malware_filter, old_state=None, new_state=<state select.primary_options_ai_malware_filter=Minimal; options=['Off', 'Minimal', 'Standard', 'Aggressive'], integration=controld_manager, profile_name=Primary, purpose=purpose_profile_option, item_type=option, taxonomy_path=['Options'], item_name=AI Malware Filter, friendly_name=Primary Options / AI Malware Filter @ 2026-05-15T13:06:37.819165-07:00>>
INFO     homeassistant.helpers.entity_registry:entity_registry.py:1488 Registered new select.controld_manager entity: select.primary_options_block_response
DEBUG    homeassistant.core:core.py:1520 Bus:Handling <Event entity_registry_updated[L]: action=create, entity_id=select.primary_options_block_response>
DEBUG    homeassistant.components.select:entity_platform.py:980 Not adding entity Options / Block Response because it's disabled
INFO     homeassistant.helpers.entity_registry:entity_registry.py:1488 Registered new select.controld_manager entity: select.primary_rules_folder_allow_folder
DEBUG    homeassistant.core:core.py:1520 Bus:Handling <Event entity_registry_updated[L]: action=create, entity_id=select.primary_rules_folder_allow_folder>
DEBUG    homeassistant.core:core.py:1520 Bus:Handling <Event state_changed[L]: entity_id=select.primary_rules_folder_allow_folder, old_state=None, new_state=<state select.primary_rules_folder_allow_folder=bypass; options=['off', 'block', 'bypass', 'redirect'], integration=controld_manager, profile_name=Primary, purpose=purpose_profile_rule_group, item_type=rule_group, taxonomy_path=['Rules', 'Folder'], item_name=Allow folder, friendly_name=Primary Rules / Folder / Allow folder @ 2026-05-15T13:06:37.819647-07:00>>
INFO     homeassistant.helpers.entity_registry:entity_registry.py:1488 Registered new select.controld_manager entity: select.primary_services_audio_amazon_music
DEBUG    homeassistant.core:core.py:1520 Bus:Handling <Event entity_registry_updated[L]: action=create, entity_id=select.primary_services_audio_amazon_music>
DEBUG    homeassistant.core:core.py:1520 Bus:Handling <Event state_changed[L]: entity_id=select.primary_services_audio_amazon_music, old_state=None, new_state=<state select.primary_services_audio_amazon_music=bypassed; options=['off', 'blocked', 'bypassed', 'redirected'], integration=controld_manager, profile_name=Primary, purpose=purpose_profile_service, item_type=service, taxonomy_path=['Services', 'Audio'], item_name=Amazon Music, suggested_redirect_target=JFK, friendly_name=Primary Services / Audio / Amazon Music @ 2026-05-15T13:06:37.819905-07:00>>
INFO     homeassistant.helpers.entity_registry:entity_registry.py:1488 Registered new select.controld_manager entity: select.secondary_options_default_rule
DEBUG    homeassistant.core:core.py:1520 Bus:Handling <Event entity_registry_updated[L]: action=create, entity_id=select.secondary_options_default_rule>
DEBUG    homeassistant.core:core.py:1520 Bus:Handling <Event state_changed[L]: entity_id=select.secondary_options_default_rule, old_state=None, new_state=<state select.secondary_options_default_rule=bypassing; options=['blocking', 'bypassing', 'redirecting'], integration=controld_manager, profile_name=Secondary, purpose=purpose_profile_default_rule, item_type=default_rule, taxonomy_path=['Options'], item_name=Default Rule, friendly_name=Secondary Options / Default Rule @ 2026-05-15T13:06:37.820159-07:00>>
INFO     homeassistant.helpers.entity_registry:entity_registry.py:1488 Registered new select.controld_manager entity: select.secondary_filters_ads_trackers_mode
DEBUG    homeassistant.core:core.py:1520 Bus:Handling <Event entity_registry_updated[L]: action=create, entity_id=select.secondary_filters_ads_trackers_mode>
DEBUG    homeassistant.core:core.py:1520 Bus:Handling <Event state_changed[L]: entity_id=select.secondary_filters_ads_trackers_mode, old_state=None, new_state=<state select.secondary_filters_ads_trackers_mode=Relaxed; options=['Relaxed', 'Balanced', 'Strict'], integration=controld_manager, profile_name=Secondary, purpose=purpose_profile_filter_mode, item_type=filter_mode, taxonomy_path=['Filters'], item_name=Ads & Trackers, friendly_name=Secondary Filters / Ads & Trackers Mode @ 2026-05-15T13:06:37.820385-07:00>>
INFO     homeassistant.helpers.entity_registry:entity_registry.py:1488 Registered new select.controld_manager entity: select.secondary_filters_adult_content_mode
DEBUG    homeassistant.core:core.py:1520 Bus:Handling <Event entity_registry_updated[L]: action=create, entity_id=select.secondary_filters_adult_content_mode>
DEBUG    homeassistant.components.select:entity_platform.py:980 Not adding entity Filters / Adult Content Mode because it's disabled
INFO     homeassistant.helpers.entity_registry:entity_registry.py:1488 Registered new select.controld_manager entity: select.secondary_options_ai_malware_filter
DEBUG    homeassistant.core:core.py:1520 Bus:Handling <Event entity_registry_updated[L]: action=create, entity_id=select.secondary_options_ai_malware_filter>
DEBUG    homeassistant.core:core.py:1520 Bus:Handling <Event state_changed[L]: entity_id=select.secondary_options_ai_malware_filter, old_state=None, new_state=<state select.secondary_options_ai_malware_filter=Minimal; options=['Off', 'Minimal', 'Standard', 'Aggressive'], integration=controld_manager, profile_name=Secondary, purpose=purpose_profile_option, item_type=option, taxonomy_path=['Options'], item_name=AI Malware Filter, friendly_name=Secondary Options / AI Malware Filter @ 2026-05-15T13:06:37.820761-07:00>>
INFO     homeassistant.loader:loader.py:785 Loaded switch from homeassistant.components.switch
DEBUG    homeassistant.loader:loader.py:1014 Component switch import took 0.000 seconds (loaded_executor=False)
INFO     homeassistant.setup:setup.py:393 Setting up switch
DEBUG    homeassistant.core:core.py:1520 Bus:Handling <Event service_registered[L]: domain=switch, service=turn_off>
DEBUG    homeassistant.core:core.py:1520 Bus:Handling <Event service_registered[L]: domain=switch, service=turn_on>
DEBUG    homeassistant.core:core.py:1520 Bus:Handling <Event service_registered[L]: domain=switch, service=toggle>
DEBUG    homeassistant.core:core.py:1520 Bus:Handling <Event component_loaded[L]: component=switch>
DEBUG    homeassistant.loader:loader.py:1202 Importing platforms for switch executor=[] loop=['condition', 'trigger'] took 0.00s
DEBUG    homeassistant.helpers.condition:condition.py:266 Conditions for integration switch are disabled
DEBUG    homeassistant.helpers.trigger:trigger.py:240 Triggers for integration switch are disabled
INFO     homeassistant.components.switch:entity_platform.py:440 Setting up controld_manager.switch
INFO     homeassistant.helpers.entity_registry:entity_registry.py:1488 Registered new switch.controld_manager entity: switch.primary_filters_ads_trackers
DEBUG    homeassistant.core:core.py:1520 Bus:Handling <Event entity_registry_updated[L]: action=create, entity_id=switch.primary_filters_ads_trackers>
DEBUG    homeassistant.core:core.py:1520 Bus:Handling <Event state_changed[L]: entity_id=switch.primary_filters_ads_trackers, old_state=None, new_state=<state switch.primary_filters_ads_trackers=on; integration=controld_manager, profile_name=Primary, purpose=purpose_profile_filter, item_type=filter, taxonomy_path=['Filters'], item_name=Ads & Trackers, friendly_name=Primary Filters / Ads & Trackers @ 2026-05-15T13:06:37.825127-07:00>>
INFO     homeassistant.helpers.entity_registry:entity_registry.py:1488 Registered new switch.controld_manager entity: switch.primary_filters_adult_content
DEBUG    homeassistant.core:core.py:1520 Bus:Handling <Event entity_registry_updated[L]: action=create, entity_id=switch.primary_filters_adult_content>
DEBUG    homeassistant.components.switch:entity_platform.py:980 Not adding entity Filters / Adult Content because it's disabled
INFO     homeassistant.helpers.entity_registry:entity_registry.py:1488 Registered new switch.controld_manager entity: switch.primary_filters_social_networks
DEBUG    homeassistant.core:core.py:1520 Bus:Handling <Event entity_registry_updated[L]: action=create, entity_id=switch.primary_filters_social_networks>
DEBUG    homeassistant.components.switch:entity_platform.py:980 Not adding entity Filters / Social Networks because it's disabled
INFO     homeassistant.helpers.entity_registry:entity_registry.py:1488 Registered new switch.controld_manager entity: switch.primary_options_dns_rebind_protection
DEBUG    homeassistant.core:core.py:1520 Bus:Handling <Event entity_registry_updated[L]: action=create, entity_id=switch.primary_options_dns_rebind_protection>
DEBUG    homeassistant.components.switch:entity_platform.py:980 Not adding entity Options / DNS Rebind Protection because it's disabled
INFO     homeassistant.helpers.entity_registry:entity_registry.py:1488 Registered new switch.controld_manager entity: switch.primary_options_safe_search
DEBUG    homeassistant.core:core.py:1520 Bus:Handling <Event entity_registry_updated[L]: action=create, entity_id=switch.primary_options_safe_search>
DEBUG    homeassistant.core:core.py:1520 Bus:Handling <Event state_changed[L]: entity_id=switch.primary_options_safe_search, old_state=None, new_state=<state switch.primary_options_safe_search=on; integration=controld_manager, profile_name=Primary, purpose=purpose_profile_option, item_type=option, taxonomy_path=['Options'], item_name=Safe Search, friendly_name=Primary Options / Safe Search @ 2026-05-15T13:06:37.825930-07:00>>
INFO     homeassistant.helpers.entity_registry:entity_registry.py:1488 Registered new switch.controld_manager entity: switch.primary_options_restricted_youtube
DEBUG    homeassistant.core:core.py:1520 Bus:Handling <Event entity_registry_updated[L]: action=create, entity_id=switch.primary_options_restricted_youtube>
DEBUG    homeassistant.core:core.py:1520 Bus:Handling <Event state_changed[L]: entity_id=switch.primary_options_restricted_youtube, old_state=None, new_state=<state switch.primary_options_restricted_youtube=off; integration=controld_manager, profile_name=Primary, purpose=purpose_profile_option, item_type=option, taxonomy_path=['Options'], item_name=Restricted Youtube, friendly_name=Primary Options / Restricted Youtube @ 2026-05-15T13:06:37.826205-07:00>>
INFO     homeassistant.helpers.entity_registry:entity_registry.py:1488 Registered new switch.controld_manager entity: switch.primary_options_block_ttl
DEBUG    homeassistant.core:core.py:1520 Bus:Handling <Event entity_registry_updated[L]: action=create, entity_id=switch.primary_options_block_ttl>
DEBUG    homeassistant.components.switch:entity_platform.py:980 Not adding entity Options / Block TTL because it's disabled
INFO     homeassistant.helpers.entity_registry:entity_registry.py:1488 Registered new switch.controld_manager entity: switch.primary_options_bypass_ttl
DEBUG    homeassistant.core:core.py:1520 Bus:Handling <Event entity_registry_updated[L]: action=create, entity_id=switch.primary_options_bypass_ttl>
DEBUG    homeassistant.components.switch:entity_platform.py:980 Not adding entity Options / Bypass TTL because it's disabled
INFO     homeassistant.helpers.entity_registry:entity_registry.py:1488 Registered new switch.controld_manager entity: switch.primary_options_redirect_ttl
DEBUG    homeassistant.core:core.py:1520 Bus:Handling <Event entity_registry_updated[L]: action=create, entity_id=switch.primary_options_redirect_ttl>
DEBUG    homeassistant.components.switch:entity_platform.py:980 Not adding entity Options / Redirect TTL because it's disabled
INFO     homeassistant.helpers.entity_registry:entity_registry.py:1488 Registered new switch.controld_manager entity: switch.primary_disable_15_minutes
DEBUG    homeassistant.core:core.py:1520 Bus:Handling <Event entity_registry_updated[L]: action=create, entity_id=switch.primary_disable_15_minutes>
DEBUG    homeassistant.core:core.py:1520 Bus:Handling <Event state_changed[L]: entity_id=switch.primary_disable_15_minutes, old_state=None, new_state=<state switch.primary_disable_15_minutes=off; integration=controld_manager, profile_name=Primary, purpose=purpose_profile_pause, item_type=profile_pause, taxonomy_path=[], item_name=Paused, friendly_name=Primary Disable (15 minutes) @ 2026-05-15T13:06:37.826860-07:00>>
INFO     homeassistant.helpers.entity_registry:entity_registry.py:1488 Registered new switch.controld_manager entity: switch.primary_rules_allow_folder_example2_com
DEBUG    homeassistant.core:core.py:1520 Bus:Handling <Event entity_registry_updated[L]: action=create, entity_id=switch.primary_rules_allow_folder_example2_com>
DEBUG    homeassistant.core:core.py:1520 Bus:Handling <Event state_changed[L]: entity_id=switch.primary_rules_allow_folder_example2_com, old_state=None, new_state=<state switch.primary_rules_allow_folder_example2_com=on; integration=controld_manager, profile_name=Primary, purpose=purpose_profile_rule, item_type=rule, taxonomy_path=['Rules', 'Allow folder'], item_name=example2.com, rule_identity=group:1|example2.com, group=Allow folder, comment=Here is my reason, action=bypass, friendly_name=Primary Rules / Allow folder / example2.com @ 2026-05-15T13:06:37.827147-07:00>>
INFO     homeassistant.helpers.entity_registry:entity_registry.py:1488 Registered new switch.controld_manager entity: switch.primary_rules_domain_example_com
DEBUG    homeassistant.core:core.py:1520 Bus:Handling <Event entity_registry_updated[L]: action=create, entity_id=switch.primary_rules_domain_example_com>
DEBUG    homeassistant.core:core.py:1520 Bus:Handling <Event state_changed[L]: entity_id=switch.primary_rules_domain_example_com, old_state=None, new_state=<state switch.primary_rules_domain_example_com=on; integration=controld_manager, profile_name=Primary, purpose=purpose_profile_rule, item_type=rule, taxonomy_path=['Rules', 'Domain'], item_name=example.com, rule_identity=root|example.com, comment=, action=block, friendly_name=Primary Rules / Domain / example.com @ 2026-05-15T13:06:37.827393-07:00>>
INFO     homeassistant.helpers.entity_registry:entity_registry.py:1488 Registered new switch.controld_manager entity: switch.secondary_filters_ads_trackers
DEBUG    homeassistant.core:core.py:1520 Bus:Handling <Event entity_registry_updated[L]: action=create, entity_id=switch.secondary_filters_ads_trackers>
DEBUG    homeassistant.core:core.py:1520 Bus:Handling <Event state_changed[L]: entity_id=switch.secondary_filters_ads_trackers, old_state=None, new_state=<state switch.secondary_filters_ads_trackers=on; integration=controld_manager, profile_name=Secondary, purpose=purpose_profile_filter, item_type=filter, taxonomy_path=['Filters'], item_name=Ads & Trackers, friendly_name=Secondary Filters / Ads & Trackers @ 2026-05-15T13:06:37.827621-07:00>>
INFO     homeassistant.helpers.entity_registry:entity_registry.py:1488 Registered new switch.controld_manager entity: switch.secondary_filters_adult_content
DEBUG    homeassistant.core:core.py:1520 Bus:Handling <Event entity_registry_updated[L]: action=create, entity_id=switch.secondary_filters_adult_content>
DEBUG    homeassistant.components.switch:entity_platform.py:980 Not adding entity Filters / Adult Content because it's disabled
INFO     homeassistant.helpers.entity_registry:entity_registry.py:1488 Registered new switch.controld_manager entity: switch.secondary_filters_social_networks
DEBUG    homeassistant.core:core.py:1520 Bus:Handling <Event entity_registry_updated[L]: action=create, entity_id=switch.secondary_filters_social_networks>
DEBUG    homeassistant.components.switch:entity_platform.py:980 Not adding entity Filters / Social Networks because it's disabled
INFO     homeassistant.helpers.entity_registry:entity_registry.py:1488 Registered new switch.controld_manager entity: switch.secondary_options_safe_search
DEBUG    homeassistant.core:core.py:1520 Bus:Handling <Event entity_registry_updated[L]: action=create, entity_id=switch.secondary_options_safe_search>
DEBUG    homeassistant.core:core.py:1520 Bus:Handling <Event state_changed[L]: entity_id=switch.secondary_options_safe_search, old_state=None, new_state=<state switch.secondary_options_safe_search=on; integration=controld_manager, profile_name=Secondary, purpose=purpose_profile_option, item_type=option, taxonomy_path=['Options'], item_name=Safe Search, friendly_name=Secondary Options / Safe Search @ 2026-05-15T13:06:37.828124-07:00>>
INFO     homeassistant.helpers.entity_registry:entity_registry.py:1488 Registered new switch.controld_manager entity: switch.secondary_options_restricted_youtube
DEBUG    homeassistant.core:core.py:1520 Bus:Handling <Event entity_registry_updated[L]: action=create, entity_id=switch.secondary_options_restricted_youtube>
DEBUG    homeassistant.core:core.py:1520 Bus:Handling <Event state_changed[L]: entity_id=switch.secondary_options_restricted_youtube, old_state=None, new_state=<state switch.secondary_options_restricted_youtube=off; integration=controld_manager, profile_name=Secondary, purpose=purpose_profile_option, item_type=option, taxonomy_path=['Options'], item_name=Restricted Youtube, friendly_name=Secondary Options / Restricted Youtube @ 2026-05-15T13:06:37.828367-07:00>>
INFO     homeassistant.helpers.entity_registry:entity_registry.py:1488 Registered new switch.controld_manager entity: switch.secondary_disable_15_minutes
DEBUG    homeassistant.core:core.py:1520 Bus:Handling <Event entity_registry_updated[L]: action=create, entity_id=switch.secondary_disable_15_minutes>
DEBUG    homeassistant.core:core.py:1520 Bus:Handling <Event state_changed[L]: entity_id=switch.secondary_disable_15_minutes, old_state=None, new_state=<state switch.secondary_disable_15_minutes=off; integration=controld_manager, profile_name=Secondary, purpose=purpose_profile_pause, item_type=profile_pause, taxonomy_path=[], item_name=Paused, friendly_name=Secondary Disable (15 minutes) @ 2026-05-15T13:06:37.828596-07:00>>
DEBUG    homeassistant.loader:loader.py:1014 Component binary_sensor import took 0.000 seconds (loaded_executor=False)
INFO     homeassistant.setup:setup.py:393 Setting up binary_sensor
DEBUG    homeassistant.core:core.py:1520 Bus:Handling <Event component_loaded[L]: component=binary_sensor>
INFO     homeassistant.components.binary_sensor:entity_platform.py:440 Setting up controld_manager.binary_sensor
INFO     homeassistant.helpers.entity_registry:entity_registry.py:1488 Registered new binary_sensor.controld_manager entity: binary_sensor.primary_chads_phone_status
DEBUG    homeassistant.core:core.py:1520 Bus:Handling <Event entity_registry_updated[L]: action=create, entity_id=binary_sensor.primary_chads_phone_status>
DEBUG    homeassistant.core:core.py:1520 Bus:Handling <Event state_changed[L]: entity_id=binary_sensor.primary_chads_phone_status, old_state=None, new_state=<state binary_sensor.primary_chads_phone_status=off; integration=controld_manager, profile_name=Primary, purpose=purpose_endpoint_status, item_type=status, taxonomy_path=[], item_name=Status, activity_threshold_minutes=15, last_active=2026-04-01T18:16:24+00:00, attached_profiles=['Primary', 'Secondary'], parent_device_id=router-1, device_class=connectivity, friendly_name=Primary Chads-Phone Status @ 2026-05-15T13:06:37.830949-07:00>>
INFO     homeassistant.helpers.entity_registry:entity_registry.py:1488 Registered new binary_sensor.controld_manager entity: binary_sensor.primary_firewalla_status
DEBUG    homeassistant.core:core.py:1520 Bus:Handling <Event entity_registry_updated[L]: action=create, entity_id=binary_sensor.primary_firewalla_status>
DEBUG    homeassistant.core:core.py:1520 Bus:Handling <Event state_changed[L]: entity_id=binary_sensor.primary_firewalla_status, old_state=None, new_state=<state binary_sensor.primary_firewalla_status=off; integration=controld_manager, profile_name=Primary, purpose=purpose_endpoint_status, item_type=status, taxonomy_path=[], item_name=Status, activity_threshold_minutes=15, last_active=2026-04-01T18:16:25+00:00, attached_profiles=['Primary'], parent_device_id=None, device_class=connectivity, friendly_name=Primary Firewalla Status @ 2026-05-15T13:06:37.831279-07:00>>
DEBUG    homeassistant.loader:loader.py:1014 Component button import took 0.000 seconds (loaded_executor=False)
INFO     homeassistant.setup:setup.py:393 Setting up button
DEBUG    homeassistant.core:core.py:1520 Bus:Handling <Event service_registered[L]: domain=button, service=press>
DEBUG    homeassistant.core:core.py:1520 Bus:Handling <Event component_loaded[L]: component=button>
DEBUG    homeassistant.loader:loader.py:1202 Importing platforms for button executor=[] loop=['trigger'] took 0.00s
DEBUG    homeassistant.helpers.trigger:trigger.py:240 Triggers for integration button are disabled
INFO     homeassistant.components.button:entity_platform.py:440 Setting up controld_manager.button
INFO     homeassistant.helpers.entity_registry:entity_registry.py:1488 Registered new button.controld_manager entity: button.account_sync_now
DEBUG    homeassistant.core:core.py:1520 Bus:Handling <Event entity_registry_updated[L]: action=create, entity_id=button.account_sync_now>
DEBUG    homeassistant.core:core.py:1520 Bus:Handling <Event state_changed[L]: entity_id=button.account_sync_now, old_state=None, new_state=<state button.account_sync_now=unknown; integration=controld_manager, profile_name=Account, purpose=purpose_instance_action, item_type=action, taxonomy_path=[], item_name=Sync now, friendly_name=Account Sync now @ 2026-05-15T13:06:37.833932-07:00>>
DEBUG    homeassistant.core:core.py:1520 Bus:Handling <Event component_loaded[L]: component=controld_manager>
--------------------------- Captured stderr teardown ---------------------------
DEBUG:homeassistant.core:Bus:Handling <Event state_changed[L]: entity_id=binary_sensor.primary_chads_phone_status, old_state=<state binary_sensor.primary_chads_phone_status=off; integration=controld_manager, profile_name=Primary, purpose=purpose_endpoint_status, item_type=status, taxonomy_path=[], item_name=Status, activity_threshold_minutes=15, last_active=2026-04-01T18:16:24+00:00, attached_profiles=['Primary', 'Secondary'], parent_device_id=router-1, device_class=connectivity, friendly_name=Primary Chads-Phone Status @ 2026-05-15T13:06:37.830949-07:00>, new_state=<state binary_sensor.primary_chads_phone_status=unavailable; restored=True, device_class=connectivity, friendly_name=Chads-Phone Status, supported_features=0 @ 2026-05-15T13:06:37.957036-07:00>>
DEBUG:homeassistant.core:Bus:Handling <Event state_changed[L]: entity_id=binary_sensor.primary_firewalla_status, old_state=<state binary_sensor.primary_firewalla_status=off; integration=controld_manager, profile_name=Primary, purpose=purpose_endpoint_status, item_type=status, taxonomy_path=[], item_name=Status, activity_threshold_minutes=15, last_active=2026-04-01T18:16:25+00:00, attached_profiles=['Primary'], parent_device_id=None, device_class=connectivity, friendly_name=Primary Firewalla Status @ 2026-05-15T13:06:37.831279-07:00>, new_state=<state binary_sensor.primary_firewalla_status=unavailable; restored=True, device_class=connectivity, friendly_name=Firewalla Status, supported_features=0 @ 2026-05-15T13:06:37.957667-07:00>>
DEBUG:homeassistant.core:Bus:Handling <Event state_changed[L]: entity_id=button.account_sync_now, old_state=<state button.account_sync_now=unknown; integration=controld_manager, profile_name=Account, purpose=purpose_instance_action, item_type=action, taxonomy_path=[], item_name=Sync now, friendly_name=Account Sync now @ 2026-05-15T13:06:37.833932-07:00>, new_state=<state button.account_sync_now=unavailable; restored=True, friendly_name=Sync now, supported_features=0 @ 2026-05-15T13:06:37.958154-07:00>>
DEBUG:homeassistant.core:Bus:Handling <Event state_changed[L]: entity_id=sensor.account_blocked_queries, old_state=<state sensor.account_blocked_queries=8100; state_class=measurement, integration=controld_manager, profile_name=Account, purpose=purpose_instance_analytics, item_type=analytics_metric, taxonomy_path=[], item_name=Blocked queries, analytics_start_time=2026-04-06T17:00:00-07:00, analytics_end_time=2026-04-07T17:00:00-07:00, unit_of_measurement=queries, friendly_name=Account Blocked queries @ 2026-05-15T13:06:37.800798-07:00>, new_state=<state sensor.account_blocked_queries=unavailable; restored=True, state_class=measurement, friendly_name=Blocked queries, supported_features=0, unit_of_measurement=queries @ 2026-05-15T13:06:37.958559-07:00>>
DEBUG:homeassistant.core:Bus:Handling <Event state_changed[L]: entity_id=sensor.account_blocked_queries_ratio, old_state=<state sensor.account_blocked_queries_ratio=14.0; state_class=measurement, integration=controld_manager, profile_name=Account, purpose=purpose_instance_analytics, item_type=analytics_metric, taxonomy_path=[], item_name=Blocked queries ratio, analytics_start_time=2026-04-06T17:00:00-07:00, analytics_end_time=2026-04-07T17:00:00-07:00, unit_of_measurement=%, friendly_name=Account Blocked queries ratio @ 2026-05-15T13:06:37.801534-07:00>, new_state=<state sensor.account_blocked_queries_ratio=unavailable; restored=True, state_class=measurement, friendly_name=Blocked queries ratio, supported_features=0, unit_of_measurement=% @ 2026-05-15T13:06:37.958818-07:00>>
DEBUG:homeassistant.core:Bus:Handling <Event state_changed[L]: entity_id=sensor.account_bypassed_queries, old_state=<state sensor.account_bypassed_queries=49700; state_class=measurement, integration=controld_manager, profile_name=Account, purpose=purpose_instance_analytics, item_type=analytics_metric, taxonomy_path=[], item_name=Bypassed queries, analytics_start_time=2026-04-06T17:00:00-07:00, analytics_end_time=2026-04-07T17:00:00-07:00, unit_of_measurement=queries, friendly_name=Account Bypassed queries @ 2026-05-15T13:06:37.802231-07:00>, new_state=<state sensor.account_bypassed_queries=unavailable; restored=True, state_class=measurement, friendly_name=Bypassed queries, supported_features=0, unit_of_measurement=queries @ 2026-05-15T13:06:37.959080-07:00>>
DEBUG:homeassistant.core:Bus:Handling <Event state_changed[L]: entity_id=sensor.account_endpoint_count, old_state=<state sensor.account_endpoint_count=3; state_class=measurement, integration=controld_manager, profile_name=Account, purpose=purpose_instance_summary, item_type=summary_metric, taxonomy_path=[], item_name=Endpoint count, discovered_endpoint_count=2, router_client_count=1, unit_of_measurement=endpoints, friendly_name=Account Endpoint count @ 2026-05-15T13:06:37.802551-07:00>, new_state=<state sensor.account_endpoint_count=unavailable; restored=True, state_class=measurement, friendly_name=Endpoint count, supported_features=0, unit_of_measurement=endpoints @ 2026-05-15T13:06:37.959347-07:00>>
DEBUG:homeassistant.core:Bus:Handling <Event state_changed[L]: entity_id=sensor.account_profile_count, old_state=<state sensor.account_profile_count=2; state_class=measurement, integration=controld_manager, profile_name=Account, purpose=purpose_instance_summary, item_type=summary_metric, taxonomy_path=[], item_name=Profile count, unit_of_measurement=profiles, friendly_name=Account Profile count @ 2026-05-15T13:06:37.802845-07:00>, new_state=<state sensor.account_profile_count=unavailable; restored=True, state_class=measurement, friendly_name=Profile count, supported_features=0, unit_of_measurement=profiles @ 2026-05-15T13:06:37.959594-07:00>>
DEBUG:homeassistant.core:Bus:Handling <Event state_changed[L]: entity_id=sensor.account_redirected_queries, old_state=<state sensor.account_redirected_queries=26; state_class=measurement, integration=controld_manager, profile_name=Account, purpose=purpose_instance_analytics, item_type=analytics_metric, taxonomy_path=[], item_name=Redirected queries, analytics_start_time=2026-04-06T17:00:00-07:00, analytics_end_time=2026-04-07T17:00:00-07:00, unit_of_measurement=queries, friendly_name=Account Redirected queries @ 2026-05-15T13:06:37.803546-07:00>, new_state=<state sensor.account_redirected_queries=unavailable; restored=True, state_class=measurement, friendly_name=Redirected queries, supported_features=0, unit_of_measurement=queries @ 2026-05-15T13:06:37.959830-07:00>>
DEBUG:homeassistant.core:Bus:Handling <Event state_changed[L]: entity_id=sensor.account_status, old_state=<state sensor.account_status=healthy; options=['healthy', 'degraded', 'problem'], integration=controld_manager, profile_name=Account, purpose=purpose_instance_status, item_type=status, taxonomy_path=[], item_name=Status, last_refresh_attempt=2026-05-15T13:06:37.789823-07:00, last_successful_refresh=2026-05-15T13:06:37.793354-07:00, refresh_in_progress=False, last_refresh_trigger=scheduled, consecutive_failed_refreshes=0, stats_endpoint=america, device_class=enum, friendly_name=Account Status @ 2026-05-15T13:06:37.803855-07:00>, new_state=<state sensor.account_status=unavailable; restored=True, options=['healthy', 'degraded', 'problem'], device_class=enum, friendly_name=Status, supported_features=0 @ 2026-05-15T13:06:37.960085-07:00>>
DEBUG:homeassistant.core:Bus:Handling <Event state_changed[L]: entity_id=sensor.account_total_queries, old_state=<state sensor.account_total_queries=57826; state_class=measurement, integration=controld_manager, profile_name=Account, purpose=purpose_instance_analytics, item_type=analytics_metric, taxonomy_path=[], item_name=Total queries, analytics_start_time=2026-04-06T17:00:00-07:00, analytics_end_time=2026-04-07T17:00:00-07:00, unit_of_measurement=queries, friendly_name=Account Total queries @ 2026-05-15T13:06:37.804513-07:00>, new_state=<state sensor.account_total_queries=unavailable; restored=True, state_class=measurement, friendly_name=Total queries, supported_features=0, unit_of_measurement=queries @ 2026-05-15T13:06:37.960333-07:00>>
DEBUG:homeassistant.core:Bus:Handling <Event state_changed[L]: entity_id=sensor.primary_blocked_queries, old_state=<state sensor.primary_blocked_queries=8000; state_class=measurement, integration=controld_manager, profile_name=Primary, purpose=purpose_profile_analytics, item_type=analytics_metric, taxonomy_path=[], item_name=Blocked queries, analytics_start_time=2026-04-06T17:00:00-07:00, analytics_end_time=2026-04-07T17:00:00-07:00, unit_of_measurement=queries, friendly_name=Primary Blocked queries @ 2026-05-15T13:06:37.805171-07:00>, new_state=<state sensor.primary_blocked_queries=unavailable; restored=True, state_class=measurement, friendly_name=Blocked queries, supported_features=0, unit_of_measurement=queries @ 2026-05-15T13:06:37.960570-07:00>>
DEBUG:homeassistant.core:Bus:Handling <Event state_changed[L]: entity_id=sensor.primary_blocked_queries_ratio, old_state=<state sensor.primary_blocked_queries_ratio=14.0; state_class=measurement, integration=controld_manager, profile_name=Primary, purpose=purpose_profile_analytics, item_type=analytics_metric, taxonomy_path=[], item_name=Blocked queries ratio, analytics_start_time=2026-04-06T17:00:00-07:00, analytics_end_time=2026-04-07T17:00:00-07:00, unit_of_measurement=%, friendly_name=Primary Blocked queries ratio @ 2026-05-15T13:06:37.805801-07:00>, new_state=<state sensor.primary_blocked_queries_ratio=unavailable; restored=True, state_class=measurement, friendly_name=Blocked queries ratio, supported_features=0, unit_of_measurement=% @ 2026-05-15T13:06:37.960811-07:00>>
DEBUG:homeassistant.core:Bus:Handling <Event state_changed[L]: entity_id=sensor.primary_bypassed_queries, old_state=<state sensor.primary_bypassed_queries=49100; state_class=measurement, integration=controld_manager, profile_name=Primary, purpose=purpose_profile_analytics, item_type=analytics_metric, taxonomy_path=[], item_name=Bypassed queries, analytics_start_time=2026-04-06T17:00:00-07:00, analytics_end_time=2026-04-07T17:00:00-07:00, unit_of_measurement=queries, friendly_name=Primary Bypassed queries @ 2026-05-15T13:06:37.806476-07:00>, new_state=<state sensor.primary_bypassed_queries=unavailable; restored=True, state_class=measurement, friendly_name=Bypassed queries, supported_features=0, unit_of_measurement=queries @ 2026-05-15T13:06:37.961056-07:00>>
DEBUG:homeassistant.core:Bus:Handling <Event state_changed[L]: entity_id=sensor.primary_endpoint_count, old_state=<state sensor.primary_endpoint_count=3; state_class=measurement, integration=controld_manager, profile_name=Primary, purpose=purpose_profile_summary, item_type=summary_metric, taxonomy_path=[], item_name=Endpoint count, unit_of_measurement=endpoints, friendly_name=Primary Endpoint count @ 2026-05-15T13:06:37.806774-07:00>, new_state=<state sensor.primary_endpoint_count=unavailable; restored=True, state_class=measurement, friendly_name=Endpoint count, supported_features=0, unit_of_measurement=endpoints @ 2026-05-15T13:06:37.961292-07:00>>
DEBUG:homeassistant.core:Bus:Handling <Event state_changed[L]: entity_id=sensor.primary_redirected_queries, old_state=<state sensor.primary_redirected_queries=23; state_class=measurement, integration=controld_manager, profile_name=Primary, purpose=purpose_profile_analytics, item_type=analytics_metric, taxonomy_path=[], item_name=Redirected queries, analytics_start_time=2026-04-06T17:00:00-07:00, analytics_end_time=2026-04-07T17:00:00-07:00, unit_of_measurement=queries, friendly_name=Primary Redirected queries @ 2026-05-15T13:06:37.807407-07:00>, new_state=<state sensor.primary_redirected_queries=unavailable; restored=True, state_class=measurement, friendly_name=Redirected queries, supported_features=0, unit_of_measurement=queries @ 2026-05-15T13:06:37.961514-07:00>>
DEBUG:homeassistant.core:Bus:Handling <Event state_changed[L]: entity_id=sensor.primary_status, old_state=<state sensor.primary_status=healthy; options=['healthy', 'degraded', 'problem', 'disabled'], integration=controld_manager, profile_name=Primary, purpose=purpose_profile_status, item_type=status, taxonomy_path=[], item_name=Status, last_refresh_attempt=2026-05-15T13:06:37.789823-07:00, last_successful_refresh=2026-05-15T13:06:37.793354-07:00, refresh_in_progress=False, last_refresh_trigger=scheduled, consecutive_failed_refreshes=0, stats_endpoint=america, device_class=enum, icon=mdi:shield-check, friendly_name=Primary Status @ 2026-05-15T13:06:37.807732-07:00>, new_state=<state sensor.primary_status=unavailable; restored=True, options=['healthy', 'degraded', 'problem', 'disabled'], device_class=enum, icon=mdi:shield-check, friendly_name=Status, supported_features=0 @ 2026-05-15T13:06:37.961744-07:00>>
DEBUG:homeassistant.core:Bus:Handling <Event state_changed[L]: entity_id=sensor.primary_total_queries, old_state=<state sensor.primary_total_queries=57123; state_class=measurement, integration=controld_manager, profile_name=Primary, purpose=purpose_profile_analytics, item_type=analytics_metric, taxonomy_path=[], item_name=Total queries, analytics_start_time=2026-04-06T17:00:00-07:00, analytics_end_time=2026-04-07T17:00:00-07:00, unit_of_measurement=queries, friendly_name=Primary Total queries @ 2026-05-15T13:06:37.808396-07:00>, new_state=<state sensor.primary_total_queries=unavailable; restored=True, state_class=measurement, friendly_name=Total queries, supported_features=0, unit_of_measurement=queries @ 2026-05-15T13:06:37.961991-07:00>>
DEBUG:homeassistant.core:Bus:Handling <Event state_changed[L]: entity_id=sensor.secondary_blocked_queries, old_state=<state sensor.secondary_blocked_queries=100; state_class=measurement, integration=controld_manager, profile_name=Secondary, purpose=purpose_profile_analytics, item_type=analytics_metric, taxonomy_path=[], item_name=Blocked queries, analytics_start_time=2026-04-06T17:00:00-07:00, analytics_end_time=2026-04-07T17:00:00-07:00, unit_of_measurement=queries, friendly_name=Secondary Blocked queries @ 2026-05-15T13:06:37.809029-07:00>, new_state=<state sensor.secondary_blocked_queries=unavailable; restored=True, state_class=measurement, friendly_name=Blocked queries, supported_features=0, unit_of_measurement=queries @ 2026-05-15T13:06:37.962237-07:00>>
DEBUG:homeassistant.core:Bus:Handling <Event state_changed[L]: entity_id=sensor.secondary_blocked_queries_ratio, old_state=<state sensor.secondary_blocked_queries_ratio=14.2; state_class=measurement, integration=controld_manager, profile_name=Secondary, purpose=purpose_profile_analytics, item_type=analytics_metric, taxonomy_path=[], item_name=Blocked queries ratio, analytics_start_time=2026-04-06T17:00:00-07:00, analytics_end_time=2026-04-07T17:00:00-07:00, unit_of_measurement=%, friendly_name=Secondary Blocked queries ratio @ 2026-05-15T13:06:37.809736-07:00>, new_state=<state sensor.secondary_blocked_queries_ratio=unavailable; restored=True, state_class=measurement, friendly_name=Blocked queries ratio, supported_features=0, unit_of_measurement=% @ 2026-05-15T13:06:37.962481-07:00>>
DEBUG:homeassistant.core:Bus:Handling <Event state_changed[L]: entity_id=sensor.secondary_bypassed_queries, old_state=<state sensor.secondary_bypassed_queries=600; state_class=measurement, integration=controld_manager, profile_name=Secondary, purpose=purpose_profile_analytics, item_type=analytics_metric, taxonomy_path=[], item_name=Bypassed queries, analytics_start_time=2026-04-06T17:00:00-07:00, analytics_end_time=2026-04-07T17:00:00-07:00, unit_of_measurement=queries, friendly_name=Secondary Bypassed queries @ 2026-05-15T13:06:37.810387-07:00>, new_state=<state sensor.secondary_bypassed_queries=unavailable; restored=True, state_class=measurement, friendly_name=Bypassed queries, supported_features=0, unit_of_measurement=queries @ 2026-05-15T13:06:37.962713-07:00>>
DEBUG:homeassistant.core:Bus:Handling <Event state_changed[L]: entity_id=sensor.secondary_endpoint_count, old_state=<state sensor.secondary_endpoint_count=1; state_class=measurement, integration=controld_manager, profile_name=Secondary, purpose=purpose_profile_summary, item_type=summary_metric, taxonomy_path=[], item_name=Endpoint count, unit_of_measurement=endpoints, friendly_name=Secondary Endpoint count @ 2026-05-15T13:06:37.810720-07:00>, new_state=<state sensor.secondary_endpoint_count=unavailable; restored=True, state_class=measurement, friendly_name=Endpoint count, supported_features=0, unit_of_measurement=endpoints @ 2026-05-15T13:06:37.962938-07:00>>
DEBUG:homeassistant.core:Bus:Handling <Event state_changed[L]: entity_id=sensor.secondary_redirected_queries, old_state=<state sensor.secondary_redirected_queries=3; state_class=measurement, integration=controld_manager, profile_name=Secondary, purpose=purpose_profile_analytics, item_type=analytics_metric, taxonomy_path=[], item_name=Redirected queries, analytics_start_time=2026-04-06T17:00:00-07:00, analytics_end_time=2026-04-07T17:00:00-07:00, unit_of_measurement=queries, friendly_name=Secondary Redirected queries @ 2026-05-15T13:06:37.811394-07:00>, new_state=<state sensor.secondary_redirected_queries=unavailable; restored=True, state_class=measurement, friendly_name=Redirected queries, supported_features=0, unit_of_measurement=queries @ 2026-05-15T13:06:37.963181-07:00>>
DEBUG:homeassistant.core:Bus:Handling <Event state_changed[L]: entity_id=sensor.secondary_status, old_state=<state sensor.secondary_status=healthy; options=['healthy', 'degraded', 'problem', 'disabled'], integration=controld_manager, profile_name=Secondary, purpose=purpose_profile_status, item_type=status, taxonomy_path=[], item_name=Status, last_refresh_attempt=2026-05-15T13:06:37.789823-07:00, last_successful_refresh=2026-05-15T13:06:37.793354-07:00, refresh_in_progress=False, last_refresh_trigger=scheduled, consecutive_failed_refreshes=0, stats_endpoint=america, device_class=enum, icon=mdi:shield-check, friendly_name=Secondary Status @ 2026-05-15T13:06:37.811710-07:00>, new_state=<state sensor.secondary_status=unavailable; restored=True, options=['healthy', 'degraded', 'problem', 'disabled'], device_class=enum, icon=mdi:shield-check, friendly_name=Status, supported_features=0 @ 2026-05-15T13:06:37.963409-07:00>>
DEBUG:homeassistant.core:Bus:Handling <Event state_changed[L]: entity_id=sensor.secondary_total_queries, old_state=<state sensor.secondary_total_queries=703; state_class=measurement, integration=controld_manager, profile_name=Secondary, purpose=purpose_profile_analytics, item_type=analytics_metric, taxonomy_path=[], item_name=Total queries, analytics_start_time=2026-04-06T17:00:00-07:00, analytics_end_time=2026-04-07T17:00:00-07:00, unit_of_measurement=queries, friendly_name=Secondary Total queries @ 2026-05-15T13:06:37.812401-07:00>, new_state=<state sensor.secondary_total_queries=unavailable; restored=True, state_class=measurement, friendly_name=Total queries, supported_features=0, unit_of_measurement=queries @ 2026-05-15T13:06:37.963642-07:00>>
DEBUG:homeassistant.core:Bus:Handling <Event state_changed[L]: entity_id=select.primary_options_default_rule, old_state=<state select.primary_options_default_rule=bypassing; options=['blocking', 'bypassing', 'redirecting'], integration=controld_manager, profile_name=Primary, purpose=purpose_profile_default_rule, item_type=default_rule, taxonomy_path=['Options'], item_name=Default Rule, friendly_name=Primary Options / Default Rule @ 2026-05-15T13:06:37.818404-07:00>, new_state=<state select.primary_options_default_rule=unavailable; restored=True, options=['blocking', 'bypassing', 'redirecting'], friendly_name=Options / Default Rule, supported_features=0 @ 2026-05-15T13:06:37.964035-07:00>>
DEBUG:homeassistant.core:Bus:Handling <Event state_changed[L]: entity_id=select.primary_filters_ads_trackers_mode, old_state=<state select.primary_filters_ads_trackers_mode=Relaxed; options=['Relaxed', 'Balanced', 'Strict'], integration=controld_manager, profile_name=Primary, purpose=purpose_profile_filter_mode, item_type=filter_mode, taxonomy_path=['Filters'], item_name=Ads & Trackers, friendly_name=Primary Filters / Ads & Trackers Mode @ 2026-05-15T13:06:37.818703-07:00>, new_state=<state select.primary_filters_ads_trackers_mode=unavailable; restored=True, options=['Relaxed', 'Balanced', 'Strict'], friendly_name=Filters / Ads & Trackers Mode, supported_features=0 @ 2026-05-15T13:06:37.964299-07:00>>
DEBUG:homeassistant.core:Bus:Handling <Event state_changed[L]: entity_id=select.primary_options_ai_malware_filter, old_state=<state select.primary_options_ai_malware_filter=Minimal; options=['Off', 'Minimal', 'Standard', 'Aggressive'], integration=controld_manager, profile_name=Primary, purpose=purpose_profile_option, item_type=option, taxonomy_path=['Options'], item_name=AI Malware Filter, friendly_name=Primary Options / AI Malware Filter @ 2026-05-15T13:06:37.819165-07:00>, new_state=<state select.primary_options_ai_malware_filter=unavailable; restored=True, options=['Off', 'Minimal', 'Standard', 'Aggressive'], friendly_name=Options / AI Malware Filter, supported_features=0 @ 2026-05-15T13:06:37.964533-07:00>>
DEBUG:homeassistant.core:Bus:Handling <Event state_changed[L]: entity_id=select.primary_rules_folder_allow_folder, old_state=<state select.primary_rules_folder_allow_folder=bypass; options=['off', 'block', 'bypass', 'redirect'], integration=controld_manager, profile_name=Primary, purpose=purpose_profile_rule_group, item_type=rule_group, taxonomy_path=['Rules', 'Folder'], item_name=Allow folder, friendly_name=Primary Rules / Folder / Allow folder @ 2026-05-15T13:06:37.819647-07:00>, new_state=<state select.primary_rules_folder_allow_folder=unavailable; restored=True, options=['off', 'block', 'bypass', 'redirect'], friendly_name=Rules / Folder / Allow folder, supported_features=0 @ 2026-05-15T13:06:37.964760-07:00>>
DEBUG:homeassistant.core:Bus:Handling <Event state_changed[L]: entity_id=select.primary_services_audio_amazon_music, old_state=<state select.primary_services_audio_amazon_music=bypassed; options=['off', 'blocked', 'bypassed', 'redirected'], integration=controld_manager, profile_name=Primary, purpose=purpose_profile_service, item_type=service, taxonomy_path=['Services', 'Audio'], item_name=Amazon Music, suggested_redirect_target=JFK, friendly_name=Primary Services / Audio / Amazon Music @ 2026-05-15T13:06:37.819905-07:00>, new_state=<state select.primary_services_audio_amazon_music=unavailable; restored=True, options=['off', 'blocked', 'bypassed', 'redirected'], friendly_name=Services / Audio / Amazon Music, supported_features=0 @ 2026-05-15T13:06:37.964994-07:00>>
DEBUG:homeassistant.core:Bus:Handling <Event state_changed[L]: entity_id=select.secondary_options_default_rule, old_state=<state select.secondary_options_default_rule=bypassing; options=['blocking', 'bypassing', 'redirecting'], integration=controld_manager, profile_name=Secondary, purpose=purpose_profile_default_rule, item_type=default_rule, taxonomy_path=['Options'], item_name=Default Rule, friendly_name=Secondary Options / Default Rule @ 2026-05-15T13:06:37.820159-07:00>, new_state=<state select.secondary_options_default_rule=unavailable; restored=True, options=['blocking', 'bypassing', 'redirecting'], friendly_name=Options / Default Rule, supported_features=0 @ 2026-05-15T13:06:37.965231-07:00>>
DEBUG:homeassistant.core:Bus:Handling <Event state_changed[L]: entity_id=select.secondary_filters_ads_trackers_mode, old_state=<state select.secondary_filters_ads_trackers_mode=Relaxed; options=['Relaxed', 'Balanced', 'Strict'], integration=controld_manager, profile_name=Secondary, purpose=purpose_profile_filter_mode, item_type=filter_mode, taxonomy_path=['Filters'], item_name=Ads & Trackers, friendly_name=Secondary Filters / Ads & Trackers Mode @ 2026-05-15T13:06:37.820385-07:00>, new_state=<state select.secondary_filters_ads_trackers_mode=unavailable; restored=True, options=['Relaxed', 'Balanced', 'Strict'], friendly_name=Filters / Ads & Trackers Mode, supported_features=0 @ 2026-05-15T13:06:37.965453-07:00>>
DEBUG:homeassistant.core:Bus:Handling <Event state_changed[L]: entity_id=select.secondary_options_ai_malware_filter, old_state=<state select.secondary_options_ai_malware_filter=Minimal; options=['Off', 'Minimal', 'Standard', 'Aggressive'], integration=controld_manager, profile_name=Secondary, purpose=purpose_profile_option, item_type=option, taxonomy_path=['Options'], item_name=AI Malware Filter, friendly_name=Secondary Options / AI Malware Filter @ 2026-05-15T13:06:37.820761-07:00>, new_state=<state select.secondary_options_ai_malware_filter=unavailable; restored=True, options=['Off', 'Minimal', 'Standard', 'Aggressive'], friendly_name=Options / AI Malware Filter, supported_features=0 @ 2026-05-15T13:06:37.965668-07:00>>
DEBUG:homeassistant.core:Bus:Handling <Event state_changed[L]: entity_id=switch.primary_filters_ads_trackers, old_state=<state switch.primary_filters_ads_trackers=on; integration=controld_manager, profile_name=Primary, purpose=purpose_profile_filter, item_type=filter, taxonomy_path=['Filters'], item_name=Ads & Trackers, friendly_name=Primary Filters / Ads & Trackers @ 2026-05-15T13:06:37.825127-07:00>, new_state=<state switch.primary_filters_ads_trackers=unavailable; restored=True, friendly_name=Filters / Ads & Trackers, supported_features=0 @ 2026-05-15T13:06:37.966063-07:00>>
DEBUG:homeassistant.core:Bus:Handling <Event state_changed[L]: entity_id=switch.primary_options_safe_search, old_state=<state switch.primary_options_safe_search=on; integration=controld_manager, profile_name=Primary, purpose=purpose_profile_option, item_type=option, taxonomy_path=['Options'], item_name=Safe Search, friendly_name=Primary Options / Safe Search @ 2026-05-15T13:06:37.825930-07:00>, new_state=<state switch.primary_options_safe_search=unavailable; restored=True, friendly_name=Options / Safe Search, supported_features=0 @ 2026-05-15T13:06:37.966308-07:00>>
DEBUG:homeassistant.core:Bus:Handling <Event state_changed[L]: entity_id=switch.primary_options_restricted_youtube, old_state=<state switch.primary_options_restricted_youtube=off; integration=controld_manager, profile_name=Primary, purpose=purpose_profile_option, item_type=option, taxonomy_path=['Options'], item_name=Restricted Youtube, friendly_name=Primary Options / Restricted Youtube @ 2026-05-15T13:06:37.826205-07:00>, new_state=<state switch.primary_options_restricted_youtube=unavailable; restored=True, friendly_name=Options / Restricted Youtube, supported_features=0 @ 2026-05-15T13:06:37.966532-07:00>>
DEBUG:homeassistant.core:Bus:Handling <Event state_changed[L]: entity_id=switch.primary_disable_15_minutes, old_state=<state switch.primary_disable_15_minutes=off; integration=controld_manager, profile_name=Primary, purpose=purpose_profile_pause, item_type=profile_pause, taxonomy_path=[], item_name=Paused, friendly_name=Primary Disable (15 minutes) @ 2026-05-15T13:06:37.826860-07:00>, new_state=<state switch.primary_disable_15_minutes=unavailable; restored=True, friendly_name=Disable (15 minutes), supported_features=0 @ 2026-05-15T13:06:37.966750-07:00>>
DEBUG:homeassistant.core:Bus:Handling <Event state_changed[L]: entity_id=switch.primary_rules_allow_folder_example2_com, old_state=<state switch.primary_rules_allow_folder_example2_com=on; integration=controld_manager, profile_name=Primary, purpose=purpose_profile_rule, item_type=rule, taxonomy_path=['Rules', 'Allow folder'], item_name=example2.com, rule_identity=group:1|example2.com, group=Allow folder, comment=Here is my reason, action=bypass, friendly_name=Primary Rules / Allow folder / example2.com @ 2026-05-15T13:06:37.827147-07:00>, new_state=<state switch.primary_rules_allow_folder_example2_com=unavailable; restored=True, friendly_name=Rules / Allow folder / example2.com, supported_features=0 @ 2026-05-15T13:06:37.967793-07:00>>
DEBUG:homeassistant.core:Bus:Handling <Event state_changed[L]: entity_id=switch.primary_rules_domain_example_com, old_state=<state switch.primary_rules_domain_example_com=on; integration=controld_manager, profile_name=Primary, purpose=purpose_profile_rule, item_type=rule, taxonomy_path=['Rules', 'Domain'], item_name=example.com, rule_identity=root|example.com, comment=, action=block, friendly_name=Primary Rules / Domain / example.com @ 2026-05-15T13:06:37.827393-07:00>, new_state=<state switch.primary_rules_domain_example_com=unavailable; restored=True, friendly_name=Rules / Domain / example.com, supported_features=0 @ 2026-05-15T13:06:37.968120-07:00>>
DEBUG:homeassistant.core:Bus:Handling <Event state_changed[L]: entity_id=switch.secondary_filters_ads_trackers, old_state=<state switch.secondary_filters_ads_trackers=on; integration=controld_manager, profile_name=Secondary, purpose=purpose_profile_filter, item_type=filter, taxonomy_path=['Filters'], item_name=Ads & Trackers, friendly_name=Secondary Filters / Ads & Trackers @ 2026-05-15T13:06:37.827621-07:00>, new_state=<state switch.secondary_filters_ads_trackers=unavailable; restored=True, friendly_name=Filters / Ads & Trackers, supported_features=0 @ 2026-05-15T13:06:37.968378-07:00>>
DEBUG:homeassistant.core:Bus:Handling <Event state_changed[L]: entity_id=switch.secondary_options_safe_search, old_state=<state switch.secondary_options_safe_search=on; integration=controld_manager, profile_name=Secondary, purpose=purpose_profile_option, item_type=option, taxonomy_path=['Options'], item_name=Safe Search, friendly_name=Secondary Options / Safe Search @ 2026-05-15T13:06:37.828124-07:00>, new_state=<state switch.secondary_options_safe_search=unavailable; restored=True, friendly_name=Options / Safe Search, supported_features=0 @ 2026-05-15T13:06:37.968621-07:00>>
DEBUG:homeassistant.core:Bus:Handling <Event state_changed[L]: entity_id=switch.secondary_options_restricted_youtube, old_state=<state switch.secondary_options_restricted_youtube=off; integration=controld_manager, profile_name=Secondary, purpose=purpose_profile_option, item_type=option, taxonomy_path=['Options'], item_name=Restricted Youtube, friendly_name=Secondary Options / Restricted Youtube @ 2026-05-15T13:06:37.828367-07:00>, new_state=<state switch.secondary_options_restricted_youtube=unavailable; restored=True, friendly_name=Options / Restricted Youtube, supported_features=0 @ 2026-05-15T13:06:37.968855-07:00>>
DEBUG:homeassistant.core:Bus:Handling <Event state_changed[L]: entity_id=switch.secondary_disable_15_minutes, old_state=<state switch.secondary_disable_15_minutes=off; integration=controld_manager, profile_name=Secondary, purpose=purpose_profile_pause, item_type=profile_pause, taxonomy_path=[], item_name=Paused, friendly_name=Secondary Disable (15 minutes) @ 2026-05-15T13:06:37.828596-07:00>, new_state=<state switch.secondary_disable_15_minutes=unavailable; restored=True, friendly_name=Disable (15 minutes), supported_features=0 @ 2026-05-15T13:06:37.969112-07:00>>
DEBUG:homeassistant.core:Bus:Handling <Event homeassistant_stop[L]>
DEBUG:homeassistant.core:Bus:Handling <Event homeassistant_final_write[L]>
DEBUG:pytest_homeassistant_custom_component.common:Writing data to core.device_registry: {'version': 1, 'minor_version': 12, 'key': 'core.device_registry', 'data_func': <bound method DeviceRegistry._data_to_save of <homeassistant.helpers.device_registry.DeviceRegistry object at 0x788aa646cb90>>}
DEBUG:pytest_homeassistant_custom_component.common:Writing data to core.config_entries: {'version': 1, 'minor_version': 5, 'key': 'core.config_entries', 'data_func': <bound method ConfigEntries._data_to_save of <homeassistant.config_entries.ConfigEntries object at 0x788aa646c2d0>>}
DEBUG:pytest_homeassistant_custom_component.common:Writing data to core.entity_registry: {'version': 1, 'minor_version': 22, 'key': 'core.entity_registry', 'data_func': <bound method EntityRegistry._data_to_save of <homeassistant.helpers.entity_registry.EntityRegistry object at 0x788aa646d310>>}
DEBUG:homeassistant.core:Bus:Handling <Event homeassistant_close[L]>
DEBUG:asyncio:Close <_UnixSelectorEventLoop running=False closed=False debug=True>
---------------------------- Captured log teardown -----------------------------
DEBUG    homeassistant.core:core.py:1520 Bus:Handling <Event state_changed[L]: entity_id=binary_sensor.primary_chads_phone_status, old_state=<state binary_sensor.primary_chads_phone_status=off; integration=controld_manager, profile_name=Primary, purpose=purpose_endpoint_status, item_type=status, taxonomy_path=[], item_name=Status, activity_threshold_minutes=15, last_active=2026-04-01T18:16:24+00:00, attached_profiles=['Primary', 'Secondary'], parent_device_id=router-1, device_class=connectivity, friendly_name=Primary Chads-Phone Status @ 2026-05-15T13:06:37.830949-07:00>, new_state=<state binary_sensor.primary_chads_phone_status=unavailable; restored=True, device_class=connectivity, friendly_name=Chads-Phone Status, supported_features=0 @ 2026-05-15T13:06:37.957036-07:00>>
DEBUG    homeassistant.core:core.py:1520 Bus:Handling <Event state_changed[L]: entity_id=binary_sensor.primary_firewalla_status, old_state=<state binary_sensor.primary_firewalla_status=off; integration=controld_manager, profile_name=Primary, purpose=purpose_endpoint_status, item_type=status, taxonomy_path=[], item_name=Status, activity_threshold_minutes=15, last_active=2026-04-01T18:16:25+00:00, attached_profiles=['Primary'], parent_device_id=None, device_class=connectivity, friendly_name=Primary Firewalla Status @ 2026-05-15T13:06:37.831279-07:00>, new_state=<state binary_sensor.primary_firewalla_status=unavailable; restored=True, device_class=connectivity, friendly_name=Firewalla Status, supported_features=0 @ 2026-05-15T13:06:37.957667-07:00>>
DEBUG    homeassistant.core:core.py:1520 Bus:Handling <Event state_changed[L]: entity_id=button.account_sync_now, old_state=<state button.account_sync_now=unknown; integration=controld_manager, profile_name=Account, purpose=purpose_instance_action, item_type=action, taxonomy_path=[], item_name=Sync now, friendly_name=Account Sync now @ 2026-05-15T13:06:37.833932-07:00>, new_state=<state button.account_sync_now=unavailable; restored=True, friendly_name=Sync now, supported_features=0 @ 2026-05-15T13:06:37.958154-07:00>>
DEBUG    homeassistant.core:core.py:1520 Bus:Handling <Event state_changed[L]: entity_id=sensor.account_blocked_queries, old_state=<state sensor.account_blocked_queries=8100; state_class=measurement, integration=controld_manager, profile_name=Account, purpose=purpose_instance_analytics, item_type=analytics_metric, taxonomy_path=[], item_name=Blocked queries, analytics_start_time=2026-04-06T17:00:00-07:00, analytics_end_time=2026-04-07T17:00:00-07:00, unit_of_measurement=queries, friendly_name=Account Blocked queries @ 2026-05-15T13:06:37.800798-07:00>, new_state=<state sensor.account_blocked_queries=unavailable; restored=True, state_class=measurement, friendly_name=Blocked queries, supported_features=0, unit_of_measurement=queries @ 2026-05-15T13:06:37.958559-07:00>>
DEBUG    homeassistant.core:core.py:1520 Bus:Handling <Event state_changed[L]: entity_id=sensor.account_blocked_queries_ratio, old_state=<state sensor.account_blocked_queries_ratio=14.0; state_class=measurement, integration=controld_manager, profile_name=Account, purpose=purpose_instance_analytics, item_type=analytics_metric, taxonomy_path=[], item_name=Blocked queries ratio, analytics_start_time=2026-04-06T17:00:00-07:00, analytics_end_time=2026-04-07T17:00:00-07:00, unit_of_measurement=%, friendly_name=Account Blocked queries ratio @ 2026-05-15T13:06:37.801534-07:00>, new_state=<state sensor.account_blocked_queries_ratio=unavailable; restored=True, state_class=measurement, friendly_name=Blocked queries ratio, supported_features=0, unit_of_measurement=% @ 2026-05-15T13:06:37.958818-07:00>>
DEBUG    homeassistant.core:core.py:1520 Bus:Handling <Event state_changed[L]: entity_id=sensor.account_bypassed_queries, old_state=<state sensor.account_bypassed_queries=49700; state_class=measurement, integration=controld_manager, profile_name=Account, purpose=purpose_instance_analytics, item_type=analytics_metric, taxonomy_path=[], item_name=Bypassed queries, analytics_start_time=2026-04-06T17:00:00-07:00, analytics_end_time=2026-04-07T17:00:00-07:00, unit_of_measurement=queries, friendly_name=Account Bypassed queries @ 2026-05-15T13:06:37.802231-07:00>, new_state=<state sensor.account_bypassed_queries=unavailable; restored=True, state_class=measurement, friendly_name=Bypassed queries, supported_features=0, unit_of_measurement=queries @ 2026-05-15T13:06:37.959080-07:00>>
DEBUG    homeassistant.core:core.py:1520 Bus:Handling <Event state_changed[L]: entity_id=sensor.account_endpoint_count, old_state=<state sensor.account_endpoint_count=3; state_class=measurement, integration=controld_manager, profile_name=Account, purpose=purpose_instance_summary, item_type=summary_metric, taxonomy_path=[], item_name=Endpoint count, discovered_endpoint_count=2, router_client_count=1, unit_of_measurement=endpoints, friendly_name=Account Endpoint count @ 2026-05-15T13:06:37.802551-07:00>, new_state=<state sensor.account_endpoint_count=unavailable; restored=True, state_class=measurement, friendly_name=Endpoint count, supported_features=0, unit_of_measurement=endpoints @ 2026-05-15T13:06:37.959347-07:00>>
DEBUG    homeassistant.core:core.py:1520 Bus:Handling <Event state_changed[L]: entity_id=sensor.account_profile_count, old_state=<state sensor.account_profile_count=2; state_class=measurement, integration=controld_manager, profile_name=Account, purpose=purpose_instance_summary, item_type=summary_metric, taxonomy_path=[], item_name=Profile count, unit_of_measurement=profiles, friendly_name=Account Profile count @ 2026-05-15T13:06:37.802845-07:00>, new_state=<state sensor.account_profile_count=unavailable; restored=True, state_class=measurement, friendly_name=Profile count, supported_features=0, unit_of_measurement=profiles @ 2026-05-15T13:06:37.959594-07:00>>
DEBUG    homeassistant.core:core.py:1520 Bus:Handling <Event state_changed[L]: entity_id=sensor.account_redirected_queries, old_state=<state sensor.account_redirected_queries=26; state_class=measurement, integration=controld_manager, profile_name=Account, purpose=purpose_instance_analytics, item_type=analytics_metric, taxonomy_path=[], item_name=Redirected queries, analytics_start_time=2026-04-06T17:00:00-07:00, analytics_end_time=2026-04-07T17:00:00-07:00, unit_of_measurement=queries, friendly_name=Account Redirected queries @ 2026-05-15T13:06:37.803546-07:00>, new_state=<state sensor.account_redirected_queries=unavailable; restored=True, state_class=measurement, friendly_name=Redirected queries, supported_features=0, unit_of_measurement=queries @ 2026-05-15T13:06:37.959830-07:00>>
DEBUG    homeassistant.core:core.py:1520 Bus:Handling <Event state_changed[L]: entity_id=sensor.account_status, old_state=<state sensor.account_status=healthy; options=['healthy', 'degraded', 'problem'], integration=controld_manager, profile_name=Account, purpose=purpose_instance_status, item_type=status, taxonomy_path=[], item_name=Status, last_refresh_attempt=2026-05-15T13:06:37.789823-07:00, last_successful_refresh=2026-05-15T13:06:37.793354-07:00, refresh_in_progress=False, last_refresh_trigger=scheduled, consecutive_failed_refreshes=0, stats_endpoint=america, device_class=enum, friendly_name=Account Status @ 2026-05-15T13:06:37.803855-07:00>, new_state=<state sensor.account_status=unavailable; restored=True, options=['healthy', 'degraded', 'problem'], device_class=enum, friendly_name=Status, supported_features=0 @ 2026-05-15T13:06:37.960085-07:00>>
DEBUG    homeassistant.core:core.py:1520 Bus:Handling <Event state_changed[L]: entity_id=sensor.account_total_queries, old_state=<state sensor.account_total_queries=57826; state_class=measurement, integration=controld_manager, profile_name=Account, purpose=purpose_instance_analytics, item_type=analytics_metric, taxonomy_path=[], item_name=Total queries, analytics_start_time=2026-04-06T17:00:00-07:00, analytics_end_time=2026-04-07T17:00:00-07:00, unit_of_measurement=queries, friendly_name=Account Total queries @ 2026-05-15T13:06:37.804513-07:00>, new_state=<state sensor.account_total_queries=unavailable; restored=True, state_class=measurement, friendly_name=Total queries, supported_features=0, unit_of_measurement=queries @ 2026-05-15T13:06:37.960333-07:00>>
DEBUG    homeassistant.core:core.py:1520 Bus:Handling <Event state_changed[L]: entity_id=sensor.primary_blocked_queries, old_state=<state sensor.primary_blocked_queries=8000; state_class=measurement, integration=controld_manager, profile_name=Primary, purpose=purpose_profile_analytics, item_type=analytics_metric, taxonomy_path=[], item_name=Blocked queries, analytics_start_time=2026-04-06T17:00:00-07:00, analytics_end_time=2026-04-07T17:00:00-07:00, unit_of_measurement=queries, friendly_name=Primary Blocked queries @ 2026-05-15T13:06:37.805171-07:00>, new_state=<state sensor.primary_blocked_queries=unavailable; restored=True, state_class=measurement, friendly_name=Blocked queries, supported_features=0, unit_of_measurement=queries @ 2026-05-15T13:06:37.960570-07:00>>
DEBUG    homeassistant.core:core.py:1520 Bus:Handling <Event state_changed[L]: entity_id=sensor.primary_blocked_queries_ratio, old_state=<state sensor.primary_blocked_queries_ratio=14.0; state_class=measurement, integration=controld_manager, profile_name=Primary, purpose=purpose_profile_analytics, item_type=analytics_metric, taxonomy_path=[], item_name=Blocked queries ratio, analytics_start_time=2026-04-06T17:00:00-07:00, analytics_end_time=2026-04-07T17:00:00-07:00, unit_of_measurement=%, friendly_name=Primary Blocked queries ratio @ 2026-05-15T13:06:37.805801-07:00>, new_state=<state sensor.primary_blocked_queries_ratio=unavailable; restored=True, state_class=measurement, friendly_name=Blocked queries ratio, supported_features=0, unit_of_measurement=% @ 2026-05-15T13:06:37.960811-07:00>>
DEBUG    homeassistant.core:core.py:1520 Bus:Handling <Event state_changed[L]: entity_id=sensor.primary_bypassed_queries, old_state=<state sensor.primary_bypassed_queries=49100; state_class=measurement, integration=controld_manager, profile_name=Primary, purpose=purpose_profile_analytics, item_type=analytics_metric, taxonomy_path=[], item_name=Bypassed queries, analytics_start_time=2026-04-06T17:00:00-07:00, analytics_end_time=2026-04-07T17:00:00-07:00, unit_of_measurement=queries, friendly_name=Primary Bypassed queries @ 2026-05-15T13:06:37.806476-07:00>, new_state=<state sensor.primary_bypassed_queries=unavailable; restored=True, state_class=measurement, friendly_name=Bypassed queries, supported_features=0, unit_of_measurement=queries @ 2026-05-15T13:06:37.961056-07:00>>
DEBUG    homeassistant.core:core.py:1520 Bus:Handling <Event state_changed[L]: entity_id=sensor.primary_endpoint_count, old_state=<state sensor.primary_endpoint_count=3; state_class=measurement, integration=controld_manager, profile_name=Primary, purpose=purpose_profile_summary, item_type=summary_metric, taxonomy_path=[], item_name=Endpoint count, unit_of_measurement=endpoints, friendly_name=Primary Endpoint count @ 2026-05-15T13:06:37.806774-07:00>, new_state=<state sensor.primary_endpoint_count=unavailable; restored=True, state_class=measurement, friendly_name=Endpoint count, supported_features=0, unit_of_measurement=endpoints @ 2026-05-15T13:06:37.961292-07:00>>
DEBUG    homeassistant.core:core.py:1520 Bus:Handling <Event state_changed[L]: entity_id=sensor.primary_redirected_queries, old_state=<state sensor.primary_redirected_queries=23; state_class=measurement, integration=controld_manager, profile_name=Primary, purpose=purpose_profile_analytics, item_type=analytics_metric, taxonomy_path=[], item_name=Redirected queries, analytics_start_time=2026-04-06T17:00:00-07:00, analytics_end_time=2026-04-07T17:00:00-07:00, unit_of_measurement=queries, friendly_name=Primary Redirected queries @ 2026-05-15T13:06:37.807407-07:00>, new_state=<state sensor.primary_redirected_queries=unavailable; restored=True, state_class=measurement, friendly_name=Redirected queries, supported_features=0, unit_of_measurement=queries @ 2026-05-15T13:06:37.961514-07:00>>
DEBUG    homeassistant.core:core.py:1520 Bus:Handling <Event state_changed[L]: entity_id=sensor.primary_status, old_state=<state sensor.primary_status=healthy; options=['healthy', 'degraded', 'problem', 'disabled'], integration=controld_manager, profile_name=Primary, purpose=purpose_profile_status, item_type=status, taxonomy_path=[], item_name=Status, last_refresh_attempt=2026-05-15T13:06:37.789823-07:00, last_successful_refresh=2026-05-15T13:06:37.793354-07:00, refresh_in_progress=False, last_refresh_trigger=scheduled, consecutive_failed_refreshes=0, stats_endpoint=america, device_class=enum, icon=mdi:shield-check, friendly_name=Primary Status @ 2026-05-15T13:06:37.807732-07:00>, new_state=<state sensor.primary_status=unavailable; restored=True, options=['healthy', 'degraded', 'problem', 'disabled'], device_class=enum, icon=mdi:shield-check, friendly_name=Status, supported_features=0 @ 2026-05-15T13:06:37.961744-07:00>>
DEBUG    homeassistant.core:core.py:1520 Bus:Handling <Event state_changed[L]: entity_id=sensor.primary_total_queries, old_state=<state sensor.primary_total_queries=57123; state_class=measurement, integration=controld_manager, profile_name=Primary, purpose=purpose_profile_analytics, item_type=analytics_metric, taxonomy_path=[], item_name=Total queries, analytics_start_time=2026-04-06T17:00:00-07:00, analytics_end_time=2026-04-07T17:00:00-07:00, unit_of_measurement=queries, friendly_name=Primary Total queries @ 2026-05-15T13:06:37.808396-07:00>, new_state=<state sensor.primary_total_queries=unavailable; restored=True, state_class=measurement, friendly_name=Total queries, supported_features=0, unit_of_measurement=queries @ 2026-05-15T13:06:37.961991-07:00>>
DEBUG    homeassistant.core:core.py:1520 Bus:Handling <Event state_changed[L]: entity_id=sensor.secondary_blocked_queries, old_state=<state sensor.secondary_blocked_queries=100; state_class=measurement, integration=controld_manager, profile_name=Secondary, purpose=purpose_profile_analytics, item_type=analytics_metric, taxonomy_path=[], item_name=Blocked queries, analytics_start_time=2026-04-06T17:00:00-07:00, analytics_end_time=2026-04-07T17:00:00-07:00, unit_of_measurement=queries, friendly_name=Secondary Blocked queries @ 2026-05-15T13:06:37.809029-07:00>, new_state=<state sensor.secondary_blocked_queries=unavailable; restored=True, state_class=measurement, friendly_name=Blocked queries, supported_features=0, unit_of_measurement=queries @ 2026-05-15T13:06:37.962237-07:00>>
DEBUG    homeassistant.core:core.py:1520 Bus:Handling <Event state_changed[L]: entity_id=sensor.secondary_blocked_queries_ratio, old_state=<state sensor.secondary_blocked_queries_ratio=14.2; state_class=measurement, integration=controld_manager, profile_name=Secondary, purpose=purpose_profile_analytics, item_type=analytics_metric, taxonomy_path=[], item_name=Blocked queries ratio, analytics_start_time=2026-04-06T17:00:00-07:00, analytics_end_time=2026-04-07T17:00:00-07:00, unit_of_measurement=%, friendly_name=Secondary Blocked queries ratio @ 2026-05-15T13:06:37.809736-07:00>, new_state=<state sensor.secondary_blocked_queries_ratio=unavailable; restored=True, state_class=measurement, friendly_name=Blocked queries ratio, supported_features=0, unit_of_measurement=% @ 2026-05-15T13:06:37.962481-07:00>>
DEBUG    homeassistant.core:core.py:1520 Bus:Handling <Event state_changed[L]: entity_id=sensor.secondary_bypassed_queries, old_state=<state sensor.secondary_bypassed_queries=600; state_class=measurement, integration=controld_manager, profile_name=Secondary, purpose=purpose_profile_analytics, item_type=analytics_metric, taxonomy_path=[], item_name=Bypassed queries, analytics_start_time=2026-04-06T17:00:00-07:00, analytics_end_time=2026-04-07T17:00:00-07:00, unit_of_measurement=queries, friendly_name=Secondary Bypassed queries @ 2026-05-15T13:06:37.810387-07:00>, new_state=<state sensor.secondary_bypassed_queries=unavailable; restored=True, state_class=measurement, friendly_name=Bypassed queries, supported_features=0, unit_of_measurement=queries @ 2026-05-15T13:06:37.962713-07:00>>
DEBUG    homeassistant.core:core.py:1520 Bus:Handling <Event state_changed[L]: entity_id=sensor.secondary_endpoint_count, old_state=<state sensor.secondary_endpoint_count=1; state_class=measurement, integration=controld_manager, profile_name=Secondary, purpose=purpose_profile_summary, item_type=summary_metric, taxonomy_path=[], item_name=Endpoint count, unit_of_measurement=endpoints, friendly_name=Secondary Endpoint count @ 2026-05-15T13:06:37.810720-07:00>, new_state=<state sensor.secondary_endpoint_count=unavailable; restored=True, state_class=measurement, friendly_name=Endpoint count, supported_features=0, unit_of_measurement=endpoints @ 2026-05-15T13:06:37.962938-07:00>>
DEBUG    homeassistant.core:core.py:1520 Bus:Handling <Event state_changed[L]: entity_id=sensor.secondary_redirected_queries, old_state=<state sensor.secondary_redirected_queries=3; state_class=measurement, integration=controld_manager, profile_name=Secondary, purpose=purpose_profile_analytics, item_type=analytics_metric, taxonomy_path=[], item_name=Redirected queries, analytics_start_time=2026-04-06T17:00:00-07:00, analytics_end_time=2026-04-07T17:00:00-07:00, unit_of_measurement=queries, friendly_name=Secondary Redirected queries @ 2026-05-15T13:06:37.811394-07:00>, new_state=<state sensor.secondary_redirected_queries=unavailable; restored=True, state_class=measurement, friendly_name=Redirected queries, supported_features=0, unit_of_measurement=queries @ 2026-05-15T13:06:37.963181-07:00>>
DEBUG    homeassistant.core:core.py:1520 Bus:Handling <Event state_changed[L]: entity_id=sensor.secondary_status, old_state=<state sensor.secondary_status=healthy; options=['healthy', 'degraded', 'problem', 'disabled'], integration=controld_manager, profile_name=Secondary, purpose=purpose_profile_status, item_type=status, taxonomy_path=[], item_name=Status, last_refresh_attempt=2026-05-15T13:06:37.789823-07:00, last_successful_refresh=2026-05-15T13:06:37.793354-07:00, refresh_in_progress=False, last_refresh_trigger=scheduled, consecutive_failed_refreshes=0, stats_endpoint=america, device_class=enum, icon=mdi:shield-check, friendly_name=Secondary Status @ 2026-05-15T13:06:37.811710-07:00>, new_state=<state sensor.secondary_status=unavailable; restored=True, options=['healthy', 'degraded', 'problem', 'disabled'], device_class=enum, icon=mdi:shield-check, friendly_name=Status, supported_features=0 @ 2026-05-15T13:06:37.963409-07:00>>
DEBUG    homeassistant.core:core.py:1520 Bus:Handling <Event state_changed[L]: entity_id=sensor.secondary_total_queries, old_state=<state sensor.secondary_total_queries=703; state_class=measurement, integration=controld_manager, profile_name=Secondary, purpose=purpose_profile_analytics, item_type=analytics_metric, taxonomy_path=[], item_name=Total queries, analytics_start_time=2026-04-06T17:00:00-07:00, analytics_end_time=2026-04-07T17:00:00-07:00, unit_of_measurement=queries, friendly_name=Secondary Total queries @ 2026-05-15T13:06:37.812401-07:00>, new_state=<state sensor.secondary_total_queries=unavailable; restored=True, state_class=measurement, friendly_name=Total queries, supported_features=0, unit_of_measurement=queries @ 2026-05-15T13:06:37.963642-07:00>>
DEBUG    homeassistant.core:core.py:1520 Bus:Handling <Event state_changed[L]: entity_id=select.primary_options_default_rule, old_state=<state select.primary_options_default_rule=bypassing; options=['blocking', 'bypassing', 'redirecting'], integration=controld_manager, profile_name=Primary, purpose=purpose_profile_default_rule, item_type=default_rule, taxonomy_path=['Options'], item_name=Default Rule, friendly_name=Primary Options / Default Rule @ 2026-05-15T13:06:37.818404-07:00>, new_state=<state select.primary_options_default_rule=unavailable; restored=True, options=['blocking', 'bypassing', 'redirecting'], friendly_name=Options / Default Rule, supported_features=0 @ 2026-05-15T13:06:37.964035-07:00>>
DEBUG    homeassistant.core:core.py:1520 Bus:Handling <Event state_changed[L]: entity_id=select.primary_filters_ads_trackers_mode, old_state=<state select.primary_filters_ads_trackers_mode=Relaxed; options=['Relaxed', 'Balanced', 'Strict'], integration=controld_manager, profile_name=Primary, purpose=purpose_profile_filter_mode, item_type=filter_mode, taxonomy_path=['Filters'], item_name=Ads & Trackers, friendly_name=Primary Filters / Ads & Trackers Mode @ 2026-05-15T13:06:37.818703-07:00>, new_state=<state select.primary_filters_ads_trackers_mode=unavailable; restored=True, options=['Relaxed', 'Balanced', 'Strict'], friendly_name=Filters / Ads & Trackers Mode, supported_features=0 @ 2026-05-15T13:06:37.964299-07:00>>
DEBUG    homeassistant.core:core.py:1520 Bus:Handling <Event state_changed[L]: entity_id=select.primary_options_ai_malware_filter, old_state=<state select.primary_options_ai_malware_filter=Minimal; options=['Off', 'Minimal', 'Standard', 'Aggressive'], integration=controld_manager, profile_name=Primary, purpose=purpose_profile_option, item_type=option, taxonomy_path=['Options'], item_name=AI Malware Filter, friendly_name=Primary Options / AI Malware Filter @ 2026-05-15T13:06:37.819165-07:00>, new_state=<state select.primary_options_ai_malware_filter=unavailable; restored=True, options=['Off', 'Minimal', 'Standard', 'Aggressive'], friendly_name=Options / AI Malware Filter, supported_features=0 @ 2026-05-15T13:06:37.964533-07:00>>
DEBUG    homeassistant.core:core.py:1520 Bus:Handling <Event state_changed[L]: entity_id=select.primary_rules_folder_allow_folder, old_state=<state select.primary_rules_folder_allow_folder=bypass; options=['off', 'block', 'bypass', 'redirect'], integration=controld_manager, profile_name=Primary, purpose=purpose_profile_rule_group, item_type=rule_group, taxonomy_path=['Rules', 'Folder'], item_name=Allow folder, friendly_name=Primary Rules / Folder / Allow folder @ 2026-05-15T13:06:37.819647-07:00>, new_state=<state select.primary_rules_folder_allow_folder=unavailable; restored=True, options=['off', 'block', 'bypass', 'redirect'], friendly_name=Rules / Folder / Allow folder, supported_features=0 @ 2026-05-15T13:06:37.964760-07:00>>
DEBUG    homeassistant.core:core.py:1520 Bus:Handling <Event state_changed[L]: entity_id=select.primary_services_audio_amazon_music, old_state=<state select.primary_services_audio_amazon_music=bypassed; options=['off', 'blocked', 'bypassed', 'redirected'], integration=controld_manager, profile_name=Primary, purpose=purpose_profile_service, item_type=service, taxonomy_path=['Services', 'Audio'], item_name=Amazon Music, suggested_redirect_target=JFK, friendly_name=Primary Services / Audio / Amazon Music @ 2026-05-15T13:06:37.819905-07:00>, new_state=<state select.primary_services_audio_amazon_music=unavailable; restored=True, options=['off', 'blocked', 'bypassed', 'redirected'], friendly_name=Services / Audio / Amazon Music, supported_features=0 @ 2026-05-15T13:06:37.964994-07:00>>
DEBUG    homeassistant.core:core.py:1520 Bus:Handling <Event state_changed[L]: entity_id=select.secondary_options_default_rule, old_state=<state select.secondary_options_default_rule=bypassing; options=['blocking', 'bypassing', 'redirecting'], integration=controld_manager, profile_name=Secondary, purpose=purpose_profile_default_rule, item_type=default_rule, taxonomy_path=['Options'], item_name=Default Rule, friendly_name=Secondary Options / Default Rule @ 2026-05-15T13:06:37.820159-07:00>, new_state=<state select.secondary_options_default_rule=unavailable; restored=True, options=['blocking', 'bypassing', 'redirecting'], friendly_name=Options / Default Rule, supported_features=0 @ 2026-05-15T13:06:37.965231-07:00>>
DEBUG    homeassistant.core:core.py:1520 Bus:Handling <Event state_changed[L]: entity_id=select.secondary_filters_ads_trackers_mode, old_state=<state select.secondary_filters_ads_trackers_mode=Relaxed; options=['Relaxed', 'Balanced', 'Strict'], integration=controld_manager, profile_name=Secondary, purpose=purpose_profile_filter_mode, item_type=filter_mode, taxonomy_path=['Filters'], item_name=Ads & Trackers, friendly_name=Secondary Filters / Ads & Trackers Mode @ 2026-05-15T13:06:37.820385-07:00>, new_state=<state select.secondary_filters_ads_trackers_mode=unavailable; restored=True, options=['Relaxed', 'Balanced', 'Strict'], friendly_name=Filters / Ads & Trackers Mode, supported_features=0 @ 2026-05-15T13:06:37.965453-07:00>>
DEBUG    homeassistant.core:core.py:1520 Bus:Handling <Event state_changed[L]: entity_id=select.secondary_options_ai_malware_filter, old_state=<state select.secondary_options_ai_malware_filter=Minimal; options=['Off', 'Minimal', 'Standard', 'Aggressive'], integration=controld_manager, profile_name=Secondary, purpose=purpose_profile_option, item_type=option, taxonomy_path=['Options'], item_name=AI Malware Filter, friendly_name=Secondary Options / AI Malware Filter @ 2026-05-15T13:06:37.820761-07:00>, new_state=<state select.secondary_options_ai_malware_filter=unavailable; restored=True, options=['Off', 'Minimal', 'Standard', 'Aggressive'], friendly_name=Options / AI Malware Filter, supported_features=0 @ 2026-05-15T13:06:37.965668-07:00>>
DEBUG    homeassistant.core:core.py:1520 Bus:Handling <Event state_changed[L]: entity_id=switch.primary_filters_ads_trackers, old_state=<state switch.primary_filters_ads_trackers=on; integration=controld_manager, profile_name=Primary, purpose=purpose_profile_filter, item_type=filter, taxonomy_path=['Filters'], item_name=Ads & Trackers, friendly_name=Primary Filters / Ads & Trackers @ 2026-05-15T13:06:37.825127-07:00>, new_state=<state switch.primary_filters_ads_trackers=unavailable; restored=True, friendly_name=Filters / Ads & Trackers, supported_features=0 @ 2026-05-15T13:06:37.966063-07:00>>
DEBUG    homeassistant.core:core.py:1520 Bus:Handling <Event state_changed[L]: entity_id=switch.primary_options_safe_search, old_state=<state switch.primary_options_safe_search=on; integration=controld_manager, profile_name=Primary, purpose=purpose_profile_option, item_type=option, taxonomy_path=['Options'], item_name=Safe Search, friendly_name=Primary Options / Safe Search @ 2026-05-15T13:06:37.825930-07:00>, new_state=<state switch.primary_options_safe_search=unavailable; restored=True, friendly_name=Options / Safe Search, supported_features=0 @ 2026-05-15T13:06:37.966308-07:00>>
DEBUG    homeassistant.core:core.py:1520 Bus:Handling <Event state_changed[L]: entity_id=switch.primary_options_restricted_youtube, old_state=<state switch.primary_options_restricted_youtube=off; integration=controld_manager, profile_name=Primary, purpose=purpose_profile_option, item_type=option, taxonomy_path=['Options'], item_name=Restricted Youtube, friendly_name=Primary Options / Restricted Youtube @ 2026-05-15T13:06:37.826205-07:00>, new_state=<state switch.primary_options_restricted_youtube=unavailable; restored=True, friendly_name=Options / Restricted Youtube, supported_features=0 @ 2026-05-15T13:06:37.966532-07:00>>
DEBUG    homeassistant.core:core.py:1520 Bus:Handling <Event state_changed[L]: entity_id=switch.primary_disable_15_minutes, old_state=<state switch.primary_disable_15_minutes=off; integration=controld_manager, profile_name=Primary, purpose=purpose_profile_pause, item_type=profile_pause, taxonomy_path=[], item_name=Paused, friendly_name=Primary Disable (15 minutes) @ 2026-05-15T13:06:37.826860-07:00>, new_state=<state switch.primary_disable_15_minutes=unavailable; restored=True, friendly_name=Disable (15 minutes), supported_features=0 @ 2026-05-15T13:06:37.966750-07:00>>
DEBUG    homeassistant.core:core.py:1520 Bus:Handling <Event state_changed[L]: entity_id=switch.primary_rules_allow_folder_example2_com, old_state=<state switch.primary_rules_allow_folder_example2_com=on; integration=controld_manager, profile_name=Primary, purpose=purpose_profile_rule, item_type=rule, taxonomy_path=['Rules', 'Allow folder'], item_name=example2.com, rule_identity=group:1|example2.com, group=Allow folder, comment=Here is my reason, action=bypass, friendly_name=Primary Rules / Allow folder / example2.com @ 2026-05-15T13:06:37.827147-07:00>, new_state=<state switch.primary_rules_allow_folder_example2_com=unavailable; restored=True, friendly_name=Rules / Allow folder / example2.com, supported_features=0 @ 2026-05-15T13:06:37.967793-07:00>>
DEBUG    homeassistant.core:core.py:1520 Bus:Handling <Event state_changed[L]: entity_id=switch.primary_rules_domain_example_com, old_state=<state switch.primary_rules_domain_example_com=on; integration=controld_manager, profile_name=Primary, purpose=purpose_profile_rule, item_type=rule, taxonomy_path=['Rules', 'Domain'], item_name=example.com, rule_identity=root|example.com, comment=, action=block, friendly_name=Primary Rules / Domain / example.com @ 2026-05-15T13:06:37.827393-07:00>, new_state=<state switch.primary_rules_domain_example_com=unavailable; restored=True, friendly_name=Rules / Domain / example.com, supported_features=0 @ 2026-05-15T13:06:37.968120-07:00>>
DEBUG    homeassistant.core:core.py:1520 Bus:Handling <Event state_changed[L]: entity_id=switch.secondary_filters_ads_trackers, old_state=<state switch.secondary_filters_ads_trackers=on; integration=controld_manager, profile_name=Secondary, purpose=purpose_profile_filter, item_type=filter, taxonomy_path=['Filters'], item_name=Ads & Trackers, friendly_name=Secondary Filters / Ads & Trackers @ 2026-05-15T13:06:37.827621-07:00>, new_state=<state switch.secondary_filters_ads_trackers=unavailable; restored=True, friendly_name=Filters / Ads & Trackers, supported_features=0 @ 2026-05-15T13:06:37.968378-07:00>>
DEBUG    homeassistant.core:core.py:1520 Bus:Handling <Event state_changed[L]: entity_id=switch.secondary_options_safe_search, old_state=<state switch.secondary_options_safe_search=on; integration=controld_manager, profile_name=Secondary, purpose=purpose_profile_option, item_type=option, taxonomy_path=['Options'], item_name=Safe Search, friendly_name=Secondary Options / Safe Search @ 2026-05-15T13:06:37.828124-07:00>, new_state=<state switch.secondary_options_safe_search=unavailable; restored=True, friendly_name=Options / Safe Search, supported_features=0 @ 2026-05-15T13:06:37.968621-07:00>>
DEBUG    homeassistant.core:core.py:1520 Bus:Handling <Event state_changed[L]: entity_id=switch.secondary_options_restricted_youtube, old_state=<state switch.secondary_options_restricted_youtube=off; integration=controld_manager, profile_name=Secondary, purpose=purpose_profile_option, item_type=option, taxonomy_path=['Options'], item_name=Restricted Youtube, friendly_name=Secondary Options / Restricted Youtube @ 2026-05-15T13:06:37.828367-07:00>, new_state=<state switch.secondary_options_restricted_youtube=unavailable; restored=True, friendly_name=Options / Restricted Youtube, supported_features=0 @ 2026-05-15T13:06:37.968855-07:00>>
DEBUG    homeassistant.core:core.py:1520 Bus:Handling <Event state_changed[L]: entity_id=switch.secondary_disable_15_minutes, old_state=<state switch.secondary_disable_15_minutes=off; integration=controld_manager, profile_name=Secondary, purpose=purpose_profile_pause, item_type=profile_pause, taxonomy_path=[], item_name=Paused, friendly_name=Secondary Disable (15 minutes) @ 2026-05-15T13:06:37.828596-07:00>, new_state=<state switch.secondary_disable_15_minutes=unavailable; restored=True, friendly_name=Disable (15 minutes), supported_features=0 @ 2026-05-15T13:06:37.969112-07:00>>
DEBUG    homeassistant.core:core.py:1520 Bus:Handling <Event homeassistant_stop[L]>
DEBUG    homeassistant.core:core.py:1520 Bus:Handling <Event homeassistant_final_write[L]>
DEBUG    pytest_homeassistant_custom_component.common:common.py:1553 Writing data to core.device_registry: {'version': 1, 'minor_version': 12, 'key': 'core.device_registry', 'data_func': <bound method DeviceRegistry._data_to_save of <homeassistant.helpers.device_registry.DeviceRegistry object at 0x788aa646cb90>>}
DEBUG    pytest_homeassistant_custom_component.common:common.py:1553 Writing data to core.config_entries: {'version': 1, 'minor_version': 5, 'key': 'core.config_entries', 'data_func': <bound method ConfigEntries._data_to_save of <homeassistant.config_entries.ConfigEntries object at 0x788aa646c2d0>>}
DEBUG    pytest_homeassistant_custom_component.common:common.py:1553 Writing data to core.entity_registry: {'version': 1, 'minor_version': 22, 'key': 'core.entity_registry', 'data_func': <bound method EntityRegistry._data_to_save of <homeassistant.helpers.entity_registry.EntityRegistry object at 0x788aa646d310>>}
DEBUG    homeassistant.core:core.py:1520 Bus:Handling <Event homeassistant_close[L]>
DEBUG    asyncio:base_events.py:742 Close <_UnixSelectorEventLoop running=False closed=False debug=True>
=========================== short test summary info ============================
FAILED tests/components/controld_manager/test_phase4.py::test_profile_entities_expose_metadata_contract
================= 1 failed, 2 passed, 146 deselected in 0.56s ==================
