============================= test session starts ==============================
platform linux -- Python 3.14.4, pytest-9.0.3, pluggy-1.6.0 -- /home/vscode/.local/ha-venv/bin/python3
cachedir: .pytest_cache
rootdir: /workspaces/controld-manager-ha
configfile: pyproject.toml
plugins: github-actions-annotate-failures-0.4.0, syrupy-5.1.0, homeassistant-custom-component-0.13.330, typeguard-4.5.1, cov-7.1.0, respx-0.23.1, unordered-0.7.0, socket-0.7.0, requests-mock-1.12.1, asyncio-1.3.0, aiohttp-1.1.0, pytest_freezer-0.4.9, anyio-4.10.0, picked-0.5.1, sugar-1.0.0, xdist-3.8.0, timeout-2.4.0
asyncio: mode=Mode.AUTO, debug=False, asyncio_default_fixture_loop_scope=None, asyncio_default_test_loop_scope=function
collecting ... collected 147 items / 137 deselected / 10 selected

tests/components/controld_manager/test_phase4.py::test_filter_and_service_selects_update_expected_modes PASSED [ 10%]
tests/components/controld_manager/test_phase4.py::test_service_select_recognizes_location_redirect_state PASSED [ 20%]
tests/components/controld_manager/test_phase4.py::test_service_select_reports_special_redirect_target_types[LOCAL-auto] PASSED [ 30%]
tests/components/controld_manager/test_phase4.py::test_service_select_reports_special_redirect_target_types[?-random] PASSED [ 40%]
tests/components/controld_manager/test_phase4.py::test_new_manual_service_category_adds_category_only_entities_disabled PASSED [ 50%]
tests/components/controld_manager/test_phase4.py::test_options_flow_manual_service_category_adds_disabled_entities FAILED [ 60%]
tests/components/controld_manager/test_phase4.py::test_manual_service_select_stays_integration_disabled_across_sync PASSED [ 70%]
tests/components/controld_manager/test_phase4.py::test_existing_service_select_stays_enabled_on_automatic_to_manual_transition PASSED [ 80%]
tests/components/controld_manager/test_phase4.py::test_set_service_state_defaults_to_local_without_unlock_location PASSED [ 90%]
tests/components/controld_manager/test_phase4.py::test_service_select_reports_off_for_disabled_service PASSED [100%]

=================================== FAILURES ===================================
_______ test_options_flow_manual_service_category_adds_disabled_entities _______

hass = <HomeAssistant RUNNING>

    async def test_options_flow_manual_service_category_adds_disabled_entities(
        hass,
    ) -> None:
        """Editing a manual profile should keep newly added category services disabled."""
        entry = MockConfigEntry(
            domain=DOMAIN,
            data={CONF_API_TOKEN: "token-value", "entry_name": "Control D Home"},
            options=ControlDOptions(
                profile_policies={
                    "profile-1": ControlDProfilePolicy(
                        service_exposure_mode=SERVICE_EXPOSURE_MANUAL,
                    )
                }
            ).as_mapping(),
            unique_id="user-123",
            title="Control D Home",
        )
    
        await _async_setup_entry(hass, entry, _inventory("user-123", "profile-1"))
    
        entity_registry = er.async_get(hass)
        service_entity_id = entity_registry.async_get_entity_id(
            "select", DOMAIN, "user-123::profile::profile-1::service::amazonmusic"
        )
>       assert service_entity_id is None
E       AssertionError: assert 'select.primary_services_audio_amazon_music' is None

tests/components/controld_manager/test_phase4.py:2156: AssertionError
---------------------------- Captured stderr setup -----------------------------
DEBUG:asyncio:Using selector: EpollSelector
DEBUG:homeassistant.helpers.restore_state:Not creating cache - no saved states found
------------------------------ Captured log setup ------------------------------
DEBUG    asyncio:selector_events.py:64 Using selector: EpollSelector
DEBUG    homeassistant.helpers.restore_state:restore_state.py:156 Not creating cache - no saved states found
----------------------------- Captured stderr call -----------------------------
INFO:homeassistant.loader:Loaded controld_manager from custom_components.controld_manager
WARNING:homeassistant.loader:We found a custom integration controld_manager which has not been tested by Home Assistant. This component might cause stability problems, be sure to disable it if you experience issues with Home Assistant
DEBUG:homeassistant.loader:Component controld_manager import took 0.000 seconds (loaded_executor=False)
INFO:homeassistant.setup:Setting up controld_manager
DEBUG:homeassistant.core:Bus:Handling <Event service_registered[L]: domain=controld_manager, service=disable_profile>
DEBUG:homeassistant.core:Bus:Handling <Event service_registered[L]: domain=controld_manager, service=enable_profile>
DEBUG:homeassistant.core:Bus:Handling <Event service_registered[L]: domain=controld_manager, service=set_client_alias>
DEBUG:homeassistant.core:Bus:Handling <Event service_registered[L]: domain=controld_manager, service=clear_client_alias>
DEBUG:homeassistant.core:Bus:Handling <Event service_registered[L]: domain=controld_manager, service=rename_endpoint>
DEBUG:homeassistant.core:Bus:Handling <Event service_registered[L]: domain=controld_manager, service=set_endpoint_analytics_logging>
DEBUG:homeassistant.core:Bus:Handling <Event service_registered[L]: domain=controld_manager, service=set_filter_state>
DEBUG:homeassistant.core:Bus:Handling <Event service_registered[L]: domain=controld_manager, service=set_rule_state>
DEBUG:homeassistant.core:Bus:Handling <Event service_registered[L]: domain=controld_manager, service=create_rule>
DEBUG:homeassistant.core:Bus:Handling <Event service_registered[L]: domain=controld_manager, service=delete_rule>
DEBUG:homeassistant.core:Bus:Handling <Event service_registered[L]: domain=controld_manager, service=set_service_state>
DEBUG:homeassistant.core:Bus:Handling <Event service_registered[L]: domain=controld_manager, service=set_option_state>
DEBUG:homeassistant.core:Bus:Handling <Event service_registered[L]: domain=controld_manager, service=set_default_rule_state>
DEBUG:homeassistant.core:Bus:Handling <Event service_registered[L]: domain=controld_manager, service=get_catalog>
DEBUG:homeassistant.loader:Importing platforms for controld_manager executor=[] loop=['config_flow'] took 0.00s
DEBUG:homeassistant.core:Bus:Handling <Event device_registry_updated[L]: action=create, device_id=08bdcd389985b2896ed47c7edb28632a>
DEBUG:homeassistant.core:Bus:Handling <Event device_registry_updated[L]: action=create, device_id=fdd453f470f082a2fa2be1e171c05da9>
DEBUG:homeassistant.core:Bus:Handling <Event device_registry_updated[L]: action=create, device_id=1eddc1b459d8336ea7e7bc0c906d2b1d>
DEBUG:custom_components.controld_manager.coordinator:Finished fetching controld_manager data in 0.003 seconds (success: True)
DEBUG:homeassistant.loader:Importing platforms for controld_manager executor=[] loop=[<EntityPlatforms.BINARY_SENSOR: 'binary_sensor'>, <EntityPlatforms.BUTTON: 'button'>, <EntityPlatforms.SENSOR: 'sensor'>, <EntityPlatforms.SELECT: 'select'>, <EntityPlatforms.SWITCH: 'switch'>] took 0.00s
INFO:homeassistant.loader:Loaded binary_sensor from homeassistant.components.binary_sensor
DEBUG:homeassistant.loader:Component binary_sensor import took 0.000 seconds (loaded_executor=False)
INFO:homeassistant.setup:Setting up binary_sensor
DEBUG:homeassistant.core:Bus:Handling <Event component_loaded[L]: component=binary_sensor>
INFO:homeassistant.components.binary_sensor:Setting up controld_manager.binary_sensor
INFO:homeassistant.loader:Loaded button from homeassistant.components.button
DEBUG:homeassistant.loader:Component button import took 0.000 seconds (loaded_executor=False)
INFO:homeassistant.setup:Setting up button
DEBUG:homeassistant.core:Bus:Handling <Event service_registered[L]: domain=button, service=press>
DEBUG:homeassistant.core:Bus:Handling <Event component_loaded[L]: component=button>
DEBUG:homeassistant.loader:Importing platforms for button executor=[] loop=['trigger'] took 0.00s
DEBUG:homeassistant.helpers.trigger:Triggers for integration button are disabled
INFO:homeassistant.components.button:Setting up controld_manager.button
INFO:homeassistant.helpers.entity_registry:Registered new button.controld_manager entity: button.account_sync_now
DEBUG:homeassistant.core:Bus:Handling <Event entity_registry_updated[L]: action=create, entity_id=button.account_sync_now>
DEBUG:homeassistant.core:Bus:Handling <Event state_changed[L]: entity_id=button.account_sync_now, old_state=None, new_state=<state button.account_sync_now=unknown; purpose=purpose_instance_action, friendly_name=Account Sync now @ 2026-05-12T21:25:40.635153-07:00>>
INFO:homeassistant.loader:Loaded sensor from homeassistant.components.sensor
DEBUG:homeassistant.loader:Component sensor import took 0.000 seconds (loaded_executor=False)
INFO:homeassistant.setup:Setting up sensor
DEBUG:homeassistant.core:Bus:Handling <Event component_loaded[L]: component=sensor>
INFO:homeassistant.components.sensor:Setting up controld_manager.sensor
INFO:homeassistant.helpers.entity_registry:Registered new sensor.controld_manager entity: sensor.account_blocked_queries
DEBUG:homeassistant.core:Bus:Handling <Event entity_registry_updated[L]: action=create, entity_id=sensor.account_blocked_queries>
DEBUG:homeassistant.core:Bus:Handling <Event entity_registry_updated[L]: action=update, entity_id=sensor.account_blocked_queries, changes=options=>
DEBUG:homeassistant.core:Bus:Handling <Event state_changed[L]: entity_id=sensor.account_blocked_queries, old_state=None, new_state=<state sensor.account_blocked_queries=8100; state_class=measurement, purpose=purpose_instance_analytics, analytics_start_time=2026-04-06T17:00:00-07:00, analytics_end_time=2026-04-07T17:00:00-07:00, unit_of_measurement=queries, friendly_name=Account Blocked queries @ 2026-05-12T21:25:40.640849-07:00>>
INFO:homeassistant.helpers.entity_registry:Registered new sensor.controld_manager entity: sensor.account_blocked_queries_ratio
DEBUG:homeassistant.core:Bus:Handling <Event entity_registry_updated[L]: action=create, entity_id=sensor.account_blocked_queries_ratio>
DEBUG:homeassistant.core:Bus:Handling <Event entity_registry_updated[L]: action=update, entity_id=sensor.account_blocked_queries_ratio, changes=options=>
DEBUG:homeassistant.core:Bus:Handling <Event state_changed[L]: entity_id=sensor.account_blocked_queries_ratio, old_state=None, new_state=<state sensor.account_blocked_queries_ratio=14.0; state_class=measurement, purpose=purpose_instance_analytics, analytics_start_time=2026-04-06T17:00:00-07:00, analytics_end_time=2026-04-07T17:00:00-07:00, unit_of_measurement=%, friendly_name=Account Blocked queries ratio @ 2026-05-12T21:25:40.641624-07:00>>
INFO:homeassistant.helpers.entity_registry:Registered new sensor.controld_manager entity: sensor.account_bypassed_queries
DEBUG:homeassistant.core:Bus:Handling <Event entity_registry_updated[L]: action=create, entity_id=sensor.account_bypassed_queries>
DEBUG:homeassistant.core:Bus:Handling <Event entity_registry_updated[L]: action=update, entity_id=sensor.account_bypassed_queries, changes=options=>
DEBUG:homeassistant.core:Bus:Handling <Event state_changed[L]: entity_id=sensor.account_bypassed_queries, old_state=None, new_state=<state sensor.account_bypassed_queries=49700; state_class=measurement, purpose=purpose_instance_analytics, analytics_start_time=2026-04-06T17:00:00-07:00, analytics_end_time=2026-04-07T17:00:00-07:00, unit_of_measurement=queries, friendly_name=Account Bypassed queries @ 2026-05-12T21:25:40.642310-07:00>>
INFO:homeassistant.helpers.entity_registry:Registered new sensor.controld_manager entity: sensor.account_endpoint_count
DEBUG:homeassistant.core:Bus:Handling <Event entity_registry_updated[L]: action=create, entity_id=sensor.account_endpoint_count>
DEBUG:homeassistant.core:Bus:Handling <Event state_changed[L]: entity_id=sensor.account_endpoint_count, old_state=None, new_state=<state sensor.account_endpoint_count=3; state_class=measurement, purpose=purpose_instance_summary, discovered_endpoint_count=2, router_client_count=1, unit_of_measurement=endpoints, friendly_name=Account Endpoint count @ 2026-05-12T21:25:40.642626-07:00>>
INFO:homeassistant.helpers.entity_registry:Registered new sensor.controld_manager entity: sensor.account_profile_count
DEBUG:homeassistant.core:Bus:Handling <Event entity_registry_updated[L]: action=create, entity_id=sensor.account_profile_count>
DEBUG:homeassistant.core:Bus:Handling <Event state_changed[L]: entity_id=sensor.account_profile_count, old_state=None, new_state=<state sensor.account_profile_count=2; state_class=measurement, purpose=purpose_instance_summary, unit_of_measurement=profiles, friendly_name=Account Profile count @ 2026-05-12T21:25:40.642910-07:00>>
INFO:homeassistant.helpers.entity_registry:Registered new sensor.controld_manager entity: sensor.account_redirected_queries
DEBUG:homeassistant.core:Bus:Handling <Event entity_registry_updated[L]: action=create, entity_id=sensor.account_redirected_queries>
DEBUG:homeassistant.core:Bus:Handling <Event entity_registry_updated[L]: action=update, entity_id=sensor.account_redirected_queries, changes=options=>
DEBUG:homeassistant.core:Bus:Handling <Event state_changed[L]: entity_id=sensor.account_redirected_queries, old_state=None, new_state=<state sensor.account_redirected_queries=26; state_class=measurement, purpose=purpose_instance_analytics, analytics_start_time=2026-04-06T17:00:00-07:00, analytics_end_time=2026-04-07T17:00:00-07:00, unit_of_measurement=queries, friendly_name=Account Redirected queries @ 2026-05-12T21:25:40.643546-07:00>>
INFO:homeassistant.helpers.entity_registry:Registered new sensor.controld_manager entity: sensor.account_status
DEBUG:homeassistant.core:Bus:Handling <Event entity_registry_updated[L]: action=create, entity_id=sensor.account_status>
DEBUG:homeassistant.core:Bus:Handling <Event state_changed[L]: entity_id=sensor.account_status, old_state=None, new_state=<state sensor.account_status=healthy; options=['healthy', 'degraded', 'problem'], purpose=purpose_instance_status, last_refresh_attempt=2026-05-12T21:25:40.625191-07:00, last_successful_refresh=2026-05-12T21:25:40.628673-07:00, refresh_in_progress=False, last_refresh_trigger=scheduled, consecutive_failed_refreshes=0, stats_endpoint=america, device_class=enum, friendly_name=Account Status @ 2026-05-12T21:25:40.643872-07:00>>
INFO:homeassistant.helpers.entity_registry:Registered new sensor.controld_manager entity: sensor.account_total_queries
DEBUG:homeassistant.core:Bus:Handling <Event entity_registry_updated[L]: action=create, entity_id=sensor.account_total_queries>
DEBUG:homeassistant.core:Bus:Handling <Event entity_registry_updated[L]: action=update, entity_id=sensor.account_total_queries, changes=options=>
DEBUG:homeassistant.core:Bus:Handling <Event state_changed[L]: entity_id=sensor.account_total_queries, old_state=None, new_state=<state sensor.account_total_queries=57826; state_class=measurement, purpose=purpose_instance_analytics, analytics_start_time=2026-04-06T17:00:00-07:00, analytics_end_time=2026-04-07T17:00:00-07:00, unit_of_measurement=queries, friendly_name=Account Total queries @ 2026-05-12T21:25:40.644534-07:00>>
INFO:homeassistant.helpers.entity_registry:Registered new sensor.controld_manager entity: sensor.primary_blocked_queries
DEBUG:homeassistant.core:Bus:Handling <Event entity_registry_updated[L]: action=create, entity_id=sensor.primary_blocked_queries>
DEBUG:homeassistant.core:Bus:Handling <Event entity_registry_updated[L]: action=update, entity_id=sensor.primary_blocked_queries, changes=options=>
DEBUG:homeassistant.core:Bus:Handling <Event state_changed[L]: entity_id=sensor.primary_blocked_queries, old_state=None, new_state=<state sensor.primary_blocked_queries=8000; state_class=measurement, purpose=purpose_profile_analytics, analytics_start_time=2026-04-06T17:00:00-07:00, analytics_end_time=2026-04-07T17:00:00-07:00, unit_of_measurement=queries, friendly_name=Primary Blocked queries @ 2026-05-12T21:25:40.645201-07:00>>
INFO:homeassistant.helpers.entity_registry:Registered new sensor.controld_manager entity: sensor.primary_blocked_queries_ratio
DEBUG:homeassistant.core:Bus:Handling <Event entity_registry_updated[L]: action=create, entity_id=sensor.primary_blocked_queries_ratio>
DEBUG:homeassistant.core:Bus:Handling <Event entity_registry_updated[L]: action=update, entity_id=sensor.primary_blocked_queries_ratio, changes=options=>
DEBUG:homeassistant.core:Bus:Handling <Event state_changed[L]: entity_id=sensor.primary_blocked_queries_ratio, old_state=None, new_state=<state sensor.primary_blocked_queries_ratio=14.0; state_class=measurement, purpose=purpose_profile_analytics, analytics_start_time=2026-04-06T17:00:00-07:00, analytics_end_time=2026-04-07T17:00:00-07:00, unit_of_measurement=%, friendly_name=Primary Blocked queries ratio @ 2026-05-12T21:25:40.645910-07:00>>
INFO:homeassistant.helpers.entity_registry:Registered new sensor.controld_manager entity: sensor.primary_bypassed_queries
DEBUG:homeassistant.core:Bus:Handling <Event entity_registry_updated[L]: action=create, entity_id=sensor.primary_bypassed_queries>
DEBUG:homeassistant.core:Bus:Handling <Event entity_registry_updated[L]: action=update, entity_id=sensor.primary_bypassed_queries, changes=options=>
DEBUG:homeassistant.core:Bus:Handling <Event state_changed[L]: entity_id=sensor.primary_bypassed_queries, old_state=None, new_state=<state sensor.primary_bypassed_queries=49100; state_class=measurement, purpose=purpose_profile_analytics, analytics_start_time=2026-04-06T17:00:00-07:00, analytics_end_time=2026-04-07T17:00:00-07:00, unit_of_measurement=queries, friendly_name=Primary Bypassed queries @ 2026-05-12T21:25:40.646751-07:00>>
INFO:homeassistant.helpers.entity_registry:Registered new sensor.controld_manager entity: sensor.primary_endpoint_count
DEBUG:homeassistant.core:Bus:Handling <Event entity_registry_updated[L]: action=create, entity_id=sensor.primary_endpoint_count>
DEBUG:homeassistant.core:Bus:Handling <Event state_changed[L]: entity_id=sensor.primary_endpoint_count, old_state=None, new_state=<state sensor.primary_endpoint_count=3; state_class=measurement, purpose=purpose_profile_summary, unit_of_measurement=endpoints, friendly_name=Primary Endpoint count @ 2026-05-12T21:25:40.647094-07:00>>
INFO:homeassistant.helpers.entity_registry:Registered new sensor.controld_manager entity: sensor.primary_redirected_queries
DEBUG:homeassistant.core:Bus:Handling <Event entity_registry_updated[L]: action=create, entity_id=sensor.primary_redirected_queries>
DEBUG:homeassistant.core:Bus:Handling <Event entity_registry_updated[L]: action=update, entity_id=sensor.primary_redirected_queries, changes=options=>
DEBUG:homeassistant.core:Bus:Handling <Event state_changed[L]: entity_id=sensor.primary_redirected_queries, old_state=None, new_state=<state sensor.primary_redirected_queries=23; state_class=measurement, purpose=purpose_profile_analytics, analytics_start_time=2026-04-06T17:00:00-07:00, analytics_end_time=2026-04-07T17:00:00-07:00, unit_of_measurement=queries, friendly_name=Primary Redirected queries @ 2026-05-12T21:25:40.647717-07:00>>
INFO:homeassistant.helpers.entity_registry:Registered new sensor.controld_manager entity: sensor.primary_status
DEBUG:homeassistant.core:Bus:Handling <Event entity_registry_updated[L]: action=create, entity_id=sensor.primary_status>
DEBUG:homeassistant.core:Bus:Handling <Event state_changed[L]: entity_id=sensor.primary_status, old_state=None, new_state=<state sensor.primary_status=healthy; options=['healthy', 'degraded', 'problem', 'disabled'], purpose=purpose_profile_status, last_refresh_attempt=2026-05-12T21:25:40.625191-07:00, last_successful_refresh=2026-05-12T21:25:40.628673-07:00, refresh_in_progress=False, last_refresh_trigger=scheduled, consecutive_failed_refreshes=0, stats_endpoint=america, device_class=enum, icon=mdi:shield-check, friendly_name=Primary Status @ 2026-05-12T21:25:40.648057-07:00>>
INFO:homeassistant.helpers.entity_registry:Registered new sensor.controld_manager entity: sensor.primary_total_queries
DEBUG:homeassistant.core:Bus:Handling <Event entity_registry_updated[L]: action=create, entity_id=sensor.primary_total_queries>
DEBUG:homeassistant.core:Bus:Handling <Event entity_registry_updated[L]: action=update, entity_id=sensor.primary_total_queries, changes=options=>
DEBUG:homeassistant.core:Bus:Handling <Event state_changed[L]: entity_id=sensor.primary_total_queries, old_state=None, new_state=<state sensor.primary_total_queries=57123; state_class=measurement, purpose=purpose_profile_analytics, analytics_start_time=2026-04-06T17:00:00-07:00, analytics_end_time=2026-04-07T17:00:00-07:00, unit_of_measurement=queries, friendly_name=Primary Total queries @ 2026-05-12T21:25:40.648703-07:00>>
INFO:homeassistant.helpers.entity_registry:Registered new sensor.controld_manager entity: sensor.secondary_blocked_queries
DEBUG:homeassistant.core:Bus:Handling <Event entity_registry_updated[L]: action=create, entity_id=sensor.secondary_blocked_queries>
DEBUG:homeassistant.core:Bus:Handling <Event entity_registry_updated[L]: action=update, entity_id=sensor.secondary_blocked_queries, changes=options=>
DEBUG:homeassistant.core:Bus:Handling <Event state_changed[L]: entity_id=sensor.secondary_blocked_queries, old_state=None, new_state=<state sensor.secondary_blocked_queries=100; state_class=measurement, purpose=purpose_profile_analytics, analytics_start_time=2026-04-06T17:00:00-07:00, analytics_end_time=2026-04-07T17:00:00-07:00, unit_of_measurement=queries, friendly_name=Secondary Blocked queries @ 2026-05-12T21:25:40.649365-07:00>>
INFO:homeassistant.helpers.entity_registry:Registered new sensor.controld_manager entity: sensor.secondary_blocked_queries_ratio
DEBUG:homeassistant.core:Bus:Handling <Event entity_registry_updated[L]: action=create, entity_id=sensor.secondary_blocked_queries_ratio>
DEBUG:homeassistant.core:Bus:Handling <Event entity_registry_updated[L]: action=update, entity_id=sensor.secondary_blocked_queries_ratio, changes=options=>
DEBUG:homeassistant.core:Bus:Handling <Event state_changed[L]: entity_id=sensor.secondary_blocked_queries_ratio, old_state=None, new_state=<state sensor.secondary_blocked_queries_ratio=14.2; state_class=measurement, purpose=purpose_profile_analytics, analytics_start_time=2026-04-06T17:00:00-07:00, analytics_end_time=2026-04-07T17:00:00-07:00, unit_of_measurement=%, friendly_name=Secondary Blocked queries ratio @ 2026-05-12T21:25:40.650008-07:00>>
INFO:homeassistant.helpers.entity_registry:Registered new sensor.controld_manager entity: sensor.secondary_bypassed_queries
DEBUG:homeassistant.core:Bus:Handling <Event entity_registry_updated[L]: action=create, entity_id=sensor.secondary_bypassed_queries>
DEBUG:homeassistant.core:Bus:Handling <Event entity_registry_updated[L]: action=update, entity_id=sensor.secondary_bypassed_queries, changes=options=>
DEBUG:homeassistant.core:Bus:Handling <Event state_changed[L]: entity_id=sensor.secondary_bypassed_queries, old_state=None, new_state=<state sensor.secondary_bypassed_queries=600; state_class=measurement, purpose=purpose_profile_analytics, analytics_start_time=2026-04-06T17:00:00-07:00, analytics_end_time=2026-04-07T17:00:00-07:00, unit_of_measurement=queries, friendly_name=Secondary Bypassed queries @ 2026-05-12T21:25:40.650623-07:00>>
INFO:homeassistant.helpers.entity_registry:Registered new sensor.controld_manager entity: sensor.secondary_endpoint_count
DEBUG:homeassistant.core:Bus:Handling <Event entity_registry_updated[L]: action=create, entity_id=sensor.secondary_endpoint_count>
DEBUG:homeassistant.core:Bus:Handling <Event state_changed[L]: entity_id=sensor.secondary_endpoint_count, old_state=None, new_state=<state sensor.secondary_endpoint_count=1; state_class=measurement, purpose=purpose_profile_summary, unit_of_measurement=endpoints, friendly_name=Secondary Endpoint count @ 2026-05-12T21:25:40.650929-07:00>>
INFO:homeassistant.helpers.entity_registry:Registered new sensor.controld_manager entity: sensor.secondary_redirected_queries
DEBUG:homeassistant.core:Bus:Handling <Event entity_registry_updated[L]: action=create, entity_id=sensor.secondary_redirected_queries>
DEBUG:homeassistant.core:Bus:Handling <Event entity_registry_updated[L]: action=update, entity_id=sensor.secondary_redirected_queries, changes=options=>
DEBUG:homeassistant.core:Bus:Handling <Event state_changed[L]: entity_id=sensor.secondary_redirected_queries, old_state=None, new_state=<state sensor.secondary_redirected_queries=3; state_class=measurement, purpose=purpose_profile_analytics, analytics_start_time=2026-04-06T17:00:00-07:00, analytics_end_time=2026-04-07T17:00:00-07:00, unit_of_measurement=queries, friendly_name=Secondary Redirected queries @ 2026-05-12T21:25:40.651563-07:00>>
INFO:homeassistant.helpers.entity_registry:Registered new sensor.controld_manager entity: sensor.secondary_status
DEBUG:homeassistant.core:Bus:Handling <Event entity_registry_updated[L]: action=create, entity_id=sensor.secondary_status>
DEBUG:homeassistant.core:Bus:Handling <Event state_changed[L]: entity_id=sensor.secondary_status, old_state=None, new_state=<state sensor.secondary_status=healthy; options=['healthy', 'degraded', 'problem', 'disabled'], purpose=purpose_profile_status, last_refresh_attempt=2026-05-12T21:25:40.625191-07:00, last_successful_refresh=2026-05-12T21:25:40.628673-07:00, refresh_in_progress=False, last_refresh_trigger=scheduled, consecutive_failed_refreshes=0, stats_endpoint=america, device_class=enum, icon=mdi:shield-check, friendly_name=Secondary Status @ 2026-05-12T21:25:40.651891-07:00>>
INFO:homeassistant.helpers.entity_registry:Registered new sensor.controld_manager entity: sensor.secondary_total_queries
DEBUG:homeassistant.core:Bus:Handling <Event entity_registry_updated[L]: action=create, entity_id=sensor.secondary_total_queries>
DEBUG:homeassistant.core:Bus:Handling <Event entity_registry_updated[L]: action=update, entity_id=sensor.secondary_total_queries, changes=options=>
DEBUG:homeassistant.core:Bus:Handling <Event state_changed[L]: entity_id=sensor.secondary_total_queries, old_state=None, new_state=<state sensor.secondary_total_queries=703; state_class=measurement, purpose=purpose_profile_analytics, analytics_start_time=2026-04-06T17:00:00-07:00, analytics_end_time=2026-04-07T17:00:00-07:00, unit_of_measurement=queries, friendly_name=Secondary Total queries @ 2026-05-12T21:25:40.652542-07:00>>
INFO:homeassistant.loader:Loaded select from homeassistant.components.select
INFO:homeassistant.loader:Loaded switch from homeassistant.components.switch
DEBUG:homeassistant.loader:Component switch import took 0.000 seconds (loaded_executor=False)
INFO:homeassistant.setup:Setting up switch
DEBUG:homeassistant.core:Bus:Handling <Event service_registered[L]: domain=switch, service=turn_off>
DEBUG:homeassistant.core:Bus:Handling <Event service_registered[L]: domain=switch, service=turn_on>
DEBUG:homeassistant.core:Bus:Handling <Event service_registered[L]: domain=switch, service=toggle>
DEBUG:homeassistant.core:Bus:Handling <Event component_loaded[L]: component=switch>
DEBUG:homeassistant.loader:Importing platforms for switch executor=[] loop=['condition', 'trigger'] took 0.00s
DEBUG:homeassistant.helpers.condition:Conditions for integration switch are disabled
DEBUG:homeassistant.helpers.trigger:Triggers for integration switch are disabled
INFO:homeassistant.components.switch:Setting up controld_manager.switch
INFO:homeassistant.helpers.entity_registry:Registered new switch.controld_manager entity: switch.primary_filters_ads_trackers
DEBUG:homeassistant.core:Bus:Handling <Event entity_registry_updated[L]: action=create, entity_id=switch.primary_filters_ads_trackers>
DEBUG:homeassistant.core:Bus:Handling <Event state_changed[L]: entity_id=switch.primary_filters_ads_trackers, old_state=None, new_state=<state switch.primary_filters_ads_trackers=on; purpose=purpose_profile_filter, friendly_name=Primary Filters / Ads & Trackers @ 2026-05-12T21:25:40.658440-07:00>>
INFO:homeassistant.helpers.entity_registry:Registered new switch.controld_manager entity: switch.primary_filters_adult_content
DEBUG:homeassistant.core:Bus:Handling <Event entity_registry_updated[L]: action=create, entity_id=switch.primary_filters_adult_content>
DEBUG:homeassistant.components.switch:Not adding entity Filters / Adult Content because it's disabled
INFO:homeassistant.helpers.entity_registry:Registered new switch.controld_manager entity: switch.primary_filters_social_networks
DEBUG:homeassistant.core:Bus:Handling <Event entity_registry_updated[L]: action=create, entity_id=switch.primary_filters_social_networks>
DEBUG:homeassistant.components.switch:Not adding entity Filters / Social Networks because it's disabled
INFO:homeassistant.helpers.entity_registry:Registered new switch.controld_manager entity: switch.primary_options_safe_search
DEBUG:homeassistant.core:Bus:Handling <Event entity_registry_updated[L]: action=create, entity_id=switch.primary_options_safe_search>
DEBUG:homeassistant.core:Bus:Handling <Event state_changed[L]: entity_id=switch.primary_options_safe_search, old_state=None, new_state=<state switch.primary_options_safe_search=on; purpose=purpose_profile_option, friendly_name=Primary Options / Safe Search @ 2026-05-12T21:25:40.659097-07:00>>
INFO:homeassistant.helpers.entity_registry:Registered new switch.controld_manager entity: switch.primary_options_restricted_youtube
DEBUG:homeassistant.core:Bus:Handling <Event entity_registry_updated[L]: action=create, entity_id=switch.primary_options_restricted_youtube>
DEBUG:homeassistant.core:Bus:Handling <Event state_changed[L]: entity_id=switch.primary_options_restricted_youtube, old_state=None, new_state=<state switch.primary_options_restricted_youtube=off; purpose=purpose_profile_option, friendly_name=Primary Options / Restricted Youtube @ 2026-05-12T21:25:40.659321-07:00>>
INFO:homeassistant.helpers.entity_registry:Registered new switch.controld_manager entity: switch.primary_disable_15_minutes
DEBUG:homeassistant.core:Bus:Handling <Event entity_registry_updated[L]: action=create, entity_id=switch.primary_disable_15_minutes>
DEBUG:homeassistant.core:Bus:Handling <Event state_changed[L]: entity_id=switch.primary_disable_15_minutes, old_state=None, new_state=<state switch.primary_disable_15_minutes=off; purpose=purpose_profile_pause, friendly_name=Primary Disable (15 minutes) @ 2026-05-12T21:25:40.659545-07:00>>
INFO:homeassistant.helpers.entity_registry:Registered new switch.controld_manager entity: switch.secondary_filters_ads_trackers
DEBUG:homeassistant.core:Bus:Handling <Event entity_registry_updated[L]: action=create, entity_id=switch.secondary_filters_ads_trackers>
DEBUG:homeassistant.core:Bus:Handling <Event state_changed[L]: entity_id=switch.secondary_filters_ads_trackers, old_state=None, new_state=<state switch.secondary_filters_ads_trackers=on; purpose=purpose_profile_filter, friendly_name=Secondary Filters / Ads & Trackers @ 2026-05-12T21:25:40.659749-07:00>>
INFO:homeassistant.helpers.entity_registry:Registered new switch.controld_manager entity: switch.secondary_filters_adult_content
DEBUG:homeassistant.core:Bus:Handling <Event entity_registry_updated[L]: action=create, entity_id=switch.secondary_filters_adult_content>
DEBUG:homeassistant.components.switch:Not adding entity Filters / Adult Content because it's disabled
INFO:homeassistant.helpers.entity_registry:Registered new switch.controld_manager entity: switch.secondary_filters_social_networks
DEBUG:homeassistant.core:Bus:Handling <Event entity_registry_updated[L]: action=create, entity_id=switch.secondary_filters_social_networks>
DEBUG:homeassistant.components.switch:Not adding entity Filters / Social Networks because it's disabled
INFO:homeassistant.helpers.entity_registry:Registered new switch.controld_manager entity: switch.secondary_options_safe_search
DEBUG:homeassistant.core:Bus:Handling <Event entity_registry_updated[L]: action=create, entity_id=switch.secondary_options_safe_search>
DEBUG:homeassistant.core:Bus:Handling <Event state_changed[L]: entity_id=switch.secondary_options_safe_search, old_state=None, new_state=<state switch.secondary_options_safe_search=on; purpose=purpose_profile_option, friendly_name=Secondary Options / Safe Search @ 2026-05-12T21:25:40.660259-07:00>>
INFO:homeassistant.helpers.entity_registry:Registered new switch.controld_manager entity: switch.secondary_options_restricted_youtube
DEBUG:homeassistant.core:Bus:Handling <Event entity_registry_updated[L]: action=create, entity_id=switch.secondary_options_restricted_youtube>
DEBUG:homeassistant.core:Bus:Handling <Event state_changed[L]: entity_id=switch.secondary_options_restricted_youtube, old_state=None, new_state=<state switch.secondary_options_restricted_youtube=off; purpose=purpose_profile_option, friendly_name=Secondary Options / Restricted Youtube @ 2026-05-12T21:25:40.660470-07:00>>
INFO:homeassistant.helpers.entity_registry:Registered new switch.controld_manager entity: switch.secondary_disable_15_minutes
DEBUG:homeassistant.core:Bus:Handling <Event entity_registry_updated[L]: action=create, entity_id=switch.secondary_disable_15_minutes>
DEBUG:homeassistant.core:Bus:Handling <Event state_changed[L]: entity_id=switch.secondary_disable_15_minutes, old_state=None, new_state=<state switch.secondary_disable_15_minutes=off; purpose=purpose_profile_pause, friendly_name=Secondary Disable (15 minutes) @ 2026-05-12T21:25:40.660688-07:00>>
DEBUG:homeassistant.loader:Component select import took 0.000 seconds (loaded_executor=False)
INFO:homeassistant.setup:Setting up select
DEBUG:homeassistant.core:Bus:Handling <Event service_registered[L]: domain=select, service=select_first>
DEBUG:homeassistant.core:Bus:Handling <Event service_registered[L]: domain=select, service=select_last>
DEBUG:homeassistant.core:Bus:Handling <Event service_registered[L]: domain=select, service=select_next>
DEBUG:homeassistant.core:Bus:Handling <Event service_registered[L]: domain=select, service=select_option>
DEBUG:homeassistant.core:Bus:Handling <Event service_registered[L]: domain=select, service=select_previous>
DEBUG:homeassistant.core:Bus:Handling <Event component_loaded[L]: component=select>
DEBUG:homeassistant.loader:Importing platforms for select executor=[] loop=['condition', 'trigger'] took 0.00s
DEBUG:homeassistant.helpers.condition:Conditions for integration select are disabled
DEBUG:homeassistant.helpers.trigger:Triggers for integration select are disabled
INFO:homeassistant.components.select:Setting up controld_manager.select
INFO:homeassistant.helpers.entity_registry:Registered new select.controld_manager entity: select.primary_options_default_rule
DEBUG:homeassistant.core:Bus:Handling <Event entity_registry_updated[L]: action=create, entity_id=select.primary_options_default_rule>
DEBUG:homeassistant.core:Bus:Handling <Event state_changed[L]: entity_id=select.primary_options_default_rule, old_state=None, new_state=<state select.primary_options_default_rule=bypassing; options=['blocking', 'bypassing', 'redirecting'], purpose=purpose_profile_default_rule, friendly_name=Primary Options / Default Rule @ 2026-05-12T21:25:40.664448-07:00>>
INFO:homeassistant.helpers.entity_registry:Registered new select.controld_manager entity: select.primary_filters_ads_trackers_mode
DEBUG:homeassistant.core:Bus:Handling <Event entity_registry_updated[L]: action=create, entity_id=select.primary_filters_ads_trackers_mode>
DEBUG:homeassistant.core:Bus:Handling <Event state_changed[L]: entity_id=select.primary_filters_ads_trackers_mode, old_state=None, new_state=<state select.primary_filters_ads_trackers_mode=Relaxed; options=['Relaxed', 'Balanced', 'Strict'], purpose=purpose_profile_filter_mode, friendly_name=Primary Filters / Ads & Trackers Mode @ 2026-05-12T21:25:40.664729-07:00>>
INFO:homeassistant.helpers.entity_registry:Registered new select.controld_manager entity: select.primary_filters_adult_content_mode
DEBUG:homeassistant.core:Bus:Handling <Event entity_registry_updated[L]: action=create, entity_id=select.primary_filters_adult_content_mode>
DEBUG:homeassistant.components.select:Not adding entity Filters / Adult Content Mode because it's disabled
INFO:homeassistant.helpers.entity_registry:Registered new select.controld_manager entity: select.primary_options_ai_malware_filter
DEBUG:homeassistant.core:Bus:Handling <Event entity_registry_updated[L]: action=create, entity_id=select.primary_options_ai_malware_filter>
DEBUG:homeassistant.core:Bus:Handling <Event state_changed[L]: entity_id=select.primary_options_ai_malware_filter, old_state=None, new_state=<state select.primary_options_ai_malware_filter=Minimal; options=['Off', 'Minimal', 'Standard', 'Aggressive'], purpose=purpose_profile_option, friendly_name=Primary Options / AI Malware Filter @ 2026-05-12T21:25:40.665166-07:00>>
INFO:homeassistant.helpers.entity_registry:Registered new select.controld_manager entity: select.primary_services_audio_amazon_music
DEBUG:homeassistant.core:Bus:Handling <Event entity_registry_updated[L]: action=create, entity_id=select.primary_services_audio_amazon_music>
DEBUG:homeassistant.core:Bus:Handling <Event state_changed[L]: entity_id=select.primary_services_audio_amazon_music, old_state=None, new_state=<state select.primary_services_audio_amazon_music=bypassed; options=['off', 'blocked', 'bypassed', 'redirected'], purpose=purpose_profile_service, suggested_redirect_target=JFK, friendly_name=Primary Services / Audio / Amazon Music @ 2026-05-12T21:25:40.665411-07:00>>
INFO:homeassistant.helpers.entity_registry:Registered new select.controld_manager entity: select.secondary_options_default_rule
DEBUG:homeassistant.core:Bus:Handling <Event entity_registry_updated[L]: action=create, entity_id=select.secondary_options_default_rule>
DEBUG:homeassistant.core:Bus:Handling <Event state_changed[L]: entity_id=select.secondary_options_default_rule, old_state=None, new_state=<state select.secondary_options_default_rule=bypassing; options=['blocking', 'bypassing', 'redirecting'], purpose=purpose_profile_default_rule, friendly_name=Secondary Options / Default Rule @ 2026-05-12T21:25:40.665633-07:00>>
INFO:homeassistant.helpers.entity_registry:Registered new select.controld_manager entity: select.secondary_filters_ads_trackers_mode
DEBUG:homeassistant.core:Bus:Handling <Event entity_registry_updated[L]: action=create, entity_id=select.secondary_filters_ads_trackers_mode>
DEBUG:homeassistant.core:Bus:Handling <Event state_changed[L]: entity_id=select.secondary_filters_ads_trackers_mode, old_state=None, new_state=<state select.secondary_filters_ads_trackers_mode=Relaxed; options=['Relaxed', 'Balanced', 'Strict'], purpose=purpose_profile_filter_mode, friendly_name=Secondary Filters / Ads & Trackers Mode @ 2026-05-12T21:25:40.665857-07:00>>
INFO:homeassistant.helpers.entity_registry:Registered new select.controld_manager entity: select.secondary_filters_adult_content_mode
DEBUG:homeassistant.core:Bus:Handling <Event entity_registry_updated[L]: action=create, entity_id=select.secondary_filters_adult_content_mode>
DEBUG:homeassistant.components.select:Not adding entity Filters / Adult Content Mode because it's disabled
INFO:homeassistant.helpers.entity_registry:Registered new select.controld_manager entity: select.secondary_options_ai_malware_filter
DEBUG:homeassistant.core:Bus:Handling <Event entity_registry_updated[L]: action=create, entity_id=select.secondary_options_ai_malware_filter>
DEBUG:homeassistant.core:Bus:Handling <Event state_changed[L]: entity_id=select.secondary_options_ai_malware_filter, old_state=None, new_state=<state select.secondary_options_ai_malware_filter=Minimal; options=['Off', 'Minimal', 'Standard', 'Aggressive'], purpose=purpose_profile_option, friendly_name=Secondary Options / AI Malware Filter @ 2026-05-12T21:25:40.666225-07:00>>
DEBUG:homeassistant.core:Bus:Handling <Event component_loaded[L]: component=controld_manager>
------------------------------ Captured log call -------------------------------
INFO     homeassistant.loader:loader.py:785 Loaded controld_manager from custom_components.controld_manager
WARNING  homeassistant.loader:loader.py:700 We found a custom integration controld_manager which has not been tested by Home Assistant. This component might cause stability problems, be sure to disable it if you experience issues with Home Assistant
DEBUG    homeassistant.loader:loader.py:1014 Component controld_manager import took 0.000 seconds (loaded_executor=False)
INFO     homeassistant.setup:setup.py:393 Setting up controld_manager
DEBUG    homeassistant.core:core.py:1520 Bus:Handling <Event service_registered[L]: domain=controld_manager, service=disable_profile>
DEBUG    homeassistant.core:core.py:1520 Bus:Handling <Event service_registered[L]: domain=controld_manager, service=enable_profile>
DEBUG    homeassistant.core:core.py:1520 Bus:Handling <Event service_registered[L]: domain=controld_manager, service=set_client_alias>
DEBUG    homeassistant.core:core.py:1520 Bus:Handling <Event service_registered[L]: domain=controld_manager, service=clear_client_alias>
DEBUG    homeassistant.core:core.py:1520 Bus:Handling <Event service_registered[L]: domain=controld_manager, service=rename_endpoint>
DEBUG    homeassistant.core:core.py:1520 Bus:Handling <Event service_registered[L]: domain=controld_manager, service=set_endpoint_analytics_logging>
DEBUG    homeassistant.core:core.py:1520 Bus:Handling <Event service_registered[L]: domain=controld_manager, service=set_filter_state>
DEBUG    homeassistant.core:core.py:1520 Bus:Handling <Event service_registered[L]: domain=controld_manager, service=set_rule_state>
DEBUG    homeassistant.core:core.py:1520 Bus:Handling <Event service_registered[L]: domain=controld_manager, service=create_rule>
DEBUG    homeassistant.core:core.py:1520 Bus:Handling <Event service_registered[L]: domain=controld_manager, service=delete_rule>
DEBUG    homeassistant.core:core.py:1520 Bus:Handling <Event service_registered[L]: domain=controld_manager, service=set_service_state>
DEBUG    homeassistant.core:core.py:1520 Bus:Handling <Event service_registered[L]: domain=controld_manager, service=set_option_state>
DEBUG    homeassistant.core:core.py:1520 Bus:Handling <Event service_registered[L]: domain=controld_manager, service=set_default_rule_state>
DEBUG    homeassistant.core:core.py:1520 Bus:Handling <Event service_registered[L]: domain=controld_manager, service=get_catalog>
DEBUG    homeassistant.loader:loader.py:1202 Importing platforms for controld_manager executor=[] loop=['config_flow'] took 0.00s
DEBUG    homeassistant.core:core.py:1520 Bus:Handling <Event device_registry_updated[L]: action=create, device_id=08bdcd389985b2896ed47c7edb28632a>
DEBUG    homeassistant.core:core.py:1520 Bus:Handling <Event device_registry_updated[L]: action=create, device_id=fdd453f470f082a2fa2be1e171c05da9>
DEBUG    homeassistant.core:core.py:1520 Bus:Handling <Event device_registry_updated[L]: action=create, device_id=1eddc1b459d8336ea7e7bc0c906d2b1d>
DEBUG    custom_components.controld_manager.coordinator:update_coordinator.py:563 Finished fetching controld_manager data in 0.003 seconds (success: True)
DEBUG    homeassistant.loader:loader.py:1202 Importing platforms for controld_manager executor=[] loop=[<EntityPlatforms.BINARY_SENSOR: 'binary_sensor'>, <EntityPlatforms.BUTTON: 'button'>, <EntityPlatforms.SENSOR: 'sensor'>, <EntityPlatforms.SELECT: 'select'>, <EntityPlatforms.SWITCH: 'switch'>] took 0.00s
INFO     homeassistant.loader:loader.py:785 Loaded binary_sensor from homeassistant.components.binary_sensor
DEBUG    homeassistant.loader:loader.py:1014 Component binary_sensor import took 0.000 seconds (loaded_executor=False)
INFO     homeassistant.setup:setup.py:393 Setting up binary_sensor
DEBUG    homeassistant.core:core.py:1520 Bus:Handling <Event component_loaded[L]: component=binary_sensor>
INFO     homeassistant.components.binary_sensor:entity_platform.py:440 Setting up controld_manager.binary_sensor
INFO     homeassistant.loader:loader.py:785 Loaded button from homeassistant.components.button
DEBUG    homeassistant.loader:loader.py:1014 Component button import took 0.000 seconds (loaded_executor=False)
INFO     homeassistant.setup:setup.py:393 Setting up button
DEBUG    homeassistant.core:core.py:1520 Bus:Handling <Event service_registered[L]: domain=button, service=press>
DEBUG    homeassistant.core:core.py:1520 Bus:Handling <Event component_loaded[L]: component=button>
DEBUG    homeassistant.loader:loader.py:1202 Importing platforms for button executor=[] loop=['trigger'] took 0.00s
DEBUG    homeassistant.helpers.trigger:trigger.py:240 Triggers for integration button are disabled
INFO     homeassistant.components.button:entity_platform.py:440 Setting up controld_manager.button
INFO     homeassistant.helpers.entity_registry:entity_registry.py:1488 Registered new button.controld_manager entity: button.account_sync_now
DEBUG    homeassistant.core:core.py:1520 Bus:Handling <Event entity_registry_updated[L]: action=create, entity_id=button.account_sync_now>
DEBUG    homeassistant.core:core.py:1520 Bus:Handling <Event state_changed[L]: entity_id=button.account_sync_now, old_state=None, new_state=<state button.account_sync_now=unknown; purpose=purpose_instance_action, friendly_name=Account Sync now @ 2026-05-12T21:25:40.635153-07:00>>
INFO     homeassistant.loader:loader.py:785 Loaded sensor from homeassistant.components.sensor
DEBUG    homeassistant.loader:loader.py:1014 Component sensor import took 0.000 seconds (loaded_executor=False)
INFO     homeassistant.setup:setup.py:393 Setting up sensor
DEBUG    homeassistant.core:core.py:1520 Bus:Handling <Event component_loaded[L]: component=sensor>
INFO     homeassistant.components.sensor:entity_platform.py:440 Setting up controld_manager.sensor
INFO     homeassistant.helpers.entity_registry:entity_registry.py:1488 Registered new sensor.controld_manager entity: sensor.account_blocked_queries
DEBUG    homeassistant.core:core.py:1520 Bus:Handling <Event entity_registry_updated[L]: action=create, entity_id=sensor.account_blocked_queries>
DEBUG    homeassistant.core:core.py:1520 Bus:Handling <Event entity_registry_updated[L]: action=update, entity_id=sensor.account_blocked_queries, changes=options=>
DEBUG    homeassistant.core:core.py:1520 Bus:Handling <Event state_changed[L]: entity_id=sensor.account_blocked_queries, old_state=None, new_state=<state sensor.account_blocked_queries=8100; state_class=measurement, purpose=purpose_instance_analytics, analytics_start_time=2026-04-06T17:00:00-07:00, analytics_end_time=2026-04-07T17:00:00-07:00, unit_of_measurement=queries, friendly_name=Account Blocked queries @ 2026-05-12T21:25:40.640849-07:00>>
INFO     homeassistant.helpers.entity_registry:entity_registry.py:1488 Registered new sensor.controld_manager entity: sensor.account_blocked_queries_ratio
DEBUG    homeassistant.core:core.py:1520 Bus:Handling <Event entity_registry_updated[L]: action=create, entity_id=sensor.account_blocked_queries_ratio>
DEBUG    homeassistant.core:core.py:1520 Bus:Handling <Event entity_registry_updated[L]: action=update, entity_id=sensor.account_blocked_queries_ratio, changes=options=>
DEBUG    homeassistant.core:core.py:1520 Bus:Handling <Event state_changed[L]: entity_id=sensor.account_blocked_queries_ratio, old_state=None, new_state=<state sensor.account_blocked_queries_ratio=14.0; state_class=measurement, purpose=purpose_instance_analytics, analytics_start_time=2026-04-06T17:00:00-07:00, analytics_end_time=2026-04-07T17:00:00-07:00, unit_of_measurement=%, friendly_name=Account Blocked queries ratio @ 2026-05-12T21:25:40.641624-07:00>>
INFO     homeassistant.helpers.entity_registry:entity_registry.py:1488 Registered new sensor.controld_manager entity: sensor.account_bypassed_queries
DEBUG    homeassistant.core:core.py:1520 Bus:Handling <Event entity_registry_updated[L]: action=create, entity_id=sensor.account_bypassed_queries>
DEBUG    homeassistant.core:core.py:1520 Bus:Handling <Event entity_registry_updated[L]: action=update, entity_id=sensor.account_bypassed_queries, changes=options=>
DEBUG    homeassistant.core:core.py:1520 Bus:Handling <Event state_changed[L]: entity_id=sensor.account_bypassed_queries, old_state=None, new_state=<state sensor.account_bypassed_queries=49700; state_class=measurement, purpose=purpose_instance_analytics, analytics_start_time=2026-04-06T17:00:00-07:00, analytics_end_time=2026-04-07T17:00:00-07:00, unit_of_measurement=queries, friendly_name=Account Bypassed queries @ 2026-05-12T21:25:40.642310-07:00>>
INFO     homeassistant.helpers.entity_registry:entity_registry.py:1488 Registered new sensor.controld_manager entity: sensor.account_endpoint_count
DEBUG    homeassistant.core:core.py:1520 Bus:Handling <Event entity_registry_updated[L]: action=create, entity_id=sensor.account_endpoint_count>
DEBUG    homeassistant.core:core.py:1520 Bus:Handling <Event state_changed[L]: entity_id=sensor.account_endpoint_count, old_state=None, new_state=<state sensor.account_endpoint_count=3; state_class=measurement, purpose=purpose_instance_summary, discovered_endpoint_count=2, router_client_count=1, unit_of_measurement=endpoints, friendly_name=Account Endpoint count @ 2026-05-12T21:25:40.642626-07:00>>
INFO     homeassistant.helpers.entity_registry:entity_registry.py:1488 Registered new sensor.controld_manager entity: sensor.account_profile_count
DEBUG    homeassistant.core:core.py:1520 Bus:Handling <Event entity_registry_updated[L]: action=create, entity_id=sensor.account_profile_count>
DEBUG    homeassistant.core:core.py:1520 Bus:Handling <Event state_changed[L]: entity_id=sensor.account_profile_count, old_state=None, new_state=<state sensor.account_profile_count=2; state_class=measurement, purpose=purpose_instance_summary, unit_of_measurement=profiles, friendly_name=Account Profile count @ 2026-05-12T21:25:40.642910-07:00>>
INFO     homeassistant.helpers.entity_registry:entity_registry.py:1488 Registered new sensor.controld_manager entity: sensor.account_redirected_queries
DEBUG    homeassistant.core:core.py:1520 Bus:Handling <Event entity_registry_updated[L]: action=create, entity_id=sensor.account_redirected_queries>
DEBUG    homeassistant.core:core.py:1520 Bus:Handling <Event entity_registry_updated[L]: action=update, entity_id=sensor.account_redirected_queries, changes=options=>
DEBUG    homeassistant.core:core.py:1520 Bus:Handling <Event state_changed[L]: entity_id=sensor.account_redirected_queries, old_state=None, new_state=<state sensor.account_redirected_queries=26; state_class=measurement, purpose=purpose_instance_analytics, analytics_start_time=2026-04-06T17:00:00-07:00, analytics_end_time=2026-04-07T17:00:00-07:00, unit_of_measurement=queries, friendly_name=Account Redirected queries @ 2026-05-12T21:25:40.643546-07:00>>
INFO     homeassistant.helpers.entity_registry:entity_registry.py:1488 Registered new sensor.controld_manager entity: sensor.account_status
DEBUG    homeassistant.core:core.py:1520 Bus:Handling <Event entity_registry_updated[L]: action=create, entity_id=sensor.account_status>
DEBUG    homeassistant.core:core.py:1520 Bus:Handling <Event state_changed[L]: entity_id=sensor.account_status, old_state=None, new_state=<state sensor.account_status=healthy; options=['healthy', 'degraded', 'problem'], purpose=purpose_instance_status, last_refresh_attempt=2026-05-12T21:25:40.625191-07:00, last_successful_refresh=2026-05-12T21:25:40.628673-07:00, refresh_in_progress=False, last_refresh_trigger=scheduled, consecutive_failed_refreshes=0, stats_endpoint=america, device_class=enum, friendly_name=Account Status @ 2026-05-12T21:25:40.643872-07:00>>
INFO     homeassistant.helpers.entity_registry:entity_registry.py:1488 Registered new sensor.controld_manager entity: sensor.account_total_queries
DEBUG    homeassistant.core:core.py:1520 Bus:Handling <Event entity_registry_updated[L]: action=create, entity_id=sensor.account_total_queries>
DEBUG    homeassistant.core:core.py:1520 Bus:Handling <Event entity_registry_updated[L]: action=update, entity_id=sensor.account_total_queries, changes=options=>
DEBUG    homeassistant.core:core.py:1520 Bus:Handling <Event state_changed[L]: entity_id=sensor.account_total_queries, old_state=None, new_state=<state sensor.account_total_queries=57826; state_class=measurement, purpose=purpose_instance_analytics, analytics_start_time=2026-04-06T17:00:00-07:00, analytics_end_time=2026-04-07T17:00:00-07:00, unit_of_measurement=queries, friendly_name=Account Total queries @ 2026-05-12T21:25:40.644534-07:00>>
INFO     homeassistant.helpers.entity_registry:entity_registry.py:1488 Registered new sensor.controld_manager entity: sensor.primary_blocked_queries
DEBUG    homeassistant.core:core.py:1520 Bus:Handling <Event entity_registry_updated[L]: action=create, entity_id=sensor.primary_blocked_queries>
DEBUG    homeassistant.core:core.py:1520 Bus:Handling <Event entity_registry_updated[L]: action=update, entity_id=sensor.primary_blocked_queries, changes=options=>
DEBUG    homeassistant.core:core.py:1520 Bus:Handling <Event state_changed[L]: entity_id=sensor.primary_blocked_queries, old_state=None, new_state=<state sensor.primary_blocked_queries=8000; state_class=measurement, purpose=purpose_profile_analytics, analytics_start_time=2026-04-06T17:00:00-07:00, analytics_end_time=2026-04-07T17:00:00-07:00, unit_of_measurement=queries, friendly_name=Primary Blocked queries @ 2026-05-12T21:25:40.645201-07:00>>
INFO     homeassistant.helpers.entity_registry:entity_registry.py:1488 Registered new sensor.controld_manager entity: sensor.primary_blocked_queries_ratio
DEBUG    homeassistant.core:core.py:1520 Bus:Handling <Event entity_registry_updated[L]: action=create, entity_id=sensor.primary_blocked_queries_ratio>
DEBUG    homeassistant.core:core.py:1520 Bus:Handling <Event entity_registry_updated[L]: action=update, entity_id=sensor.primary_blocked_queries_ratio, changes=options=>
DEBUG    homeassistant.core:core.py:1520 Bus:Handling <Event state_changed[L]: entity_id=sensor.primary_blocked_queries_ratio, old_state=None, new_state=<state sensor.primary_blocked_queries_ratio=14.0; state_class=measurement, purpose=purpose_profile_analytics, analytics_start_time=2026-04-06T17:00:00-07:00, analytics_end_time=2026-04-07T17:00:00-07:00, unit_of_measurement=%, friendly_name=Primary Blocked queries ratio @ 2026-05-12T21:25:40.645910-07:00>>
INFO     homeassistant.helpers.entity_registry:entity_registry.py:1488 Registered new sensor.controld_manager entity: sensor.primary_bypassed_queries
DEBUG    homeassistant.core:core.py:1520 Bus:Handling <Event entity_registry_updated[L]: action=create, entity_id=sensor.primary_bypassed_queries>
DEBUG    homeassistant.core:core.py:1520 Bus:Handling <Event entity_registry_updated[L]: action=update, entity_id=sensor.primary_bypassed_queries, changes=options=>
DEBUG    homeassistant.core:core.py:1520 Bus:Handling <Event state_changed[L]: entity_id=sensor.primary_bypassed_queries, old_state=None, new_state=<state sensor.primary_bypassed_queries=49100; state_class=measurement, purpose=purpose_profile_analytics, analytics_start_time=2026-04-06T17:00:00-07:00, analytics_end_time=2026-04-07T17:00:00-07:00, unit_of_measurement=queries, friendly_name=Primary Bypassed queries @ 2026-05-12T21:25:40.646751-07:00>>
INFO     homeassistant.helpers.entity_registry:entity_registry.py:1488 Registered new sensor.controld_manager entity: sensor.primary_endpoint_count
DEBUG    homeassistant.core:core.py:1520 Bus:Handling <Event entity_registry_updated[L]: action=create, entity_id=sensor.primary_endpoint_count>
DEBUG    homeassistant.core:core.py:1520 Bus:Handling <Event state_changed[L]: entity_id=sensor.primary_endpoint_count, old_state=None, new_state=<state sensor.primary_endpoint_count=3; state_class=measurement, purpose=purpose_profile_summary, unit_of_measurement=endpoints, friendly_name=Primary Endpoint count @ 2026-05-12T21:25:40.647094-07:00>>
INFO     homeassistant.helpers.entity_registry:entity_registry.py:1488 Registered new sensor.controld_manager entity: sensor.primary_redirected_queries
DEBUG    homeassistant.core:core.py:1520 Bus:Handling <Event entity_registry_updated[L]: action=create, entity_id=sensor.primary_redirected_queries>
DEBUG    homeassistant.core:core.py:1520 Bus:Handling <Event entity_registry_updated[L]: action=update, entity_id=sensor.primary_redirected_queries, changes=options=>
DEBUG    homeassistant.core:core.py:1520 Bus:Handling <Event state_changed[L]: entity_id=sensor.primary_redirected_queries, old_state=None, new_state=<state sensor.primary_redirected_queries=23; state_class=measurement, purpose=purpose_profile_analytics, analytics_start_time=2026-04-06T17:00:00-07:00, analytics_end_time=2026-04-07T17:00:00-07:00, unit_of_measurement=queries, friendly_name=Primary Redirected queries @ 2026-05-12T21:25:40.647717-07:00>>
INFO     homeassistant.helpers.entity_registry:entity_registry.py:1488 Registered new sensor.controld_manager entity: sensor.primary_status
DEBUG    homeassistant.core:core.py:1520 Bus:Handling <Event entity_registry_updated[L]: action=create, entity_id=sensor.primary_status>
DEBUG    homeassistant.core:core.py:1520 Bus:Handling <Event state_changed[L]: entity_id=sensor.primary_status, old_state=None, new_state=<state sensor.primary_status=healthy; options=['healthy', 'degraded', 'problem', 'disabled'], purpose=purpose_profile_status, last_refresh_attempt=2026-05-12T21:25:40.625191-07:00, last_successful_refresh=2026-05-12T21:25:40.628673-07:00, refresh_in_progress=False, last_refresh_trigger=scheduled, consecutive_failed_refreshes=0, stats_endpoint=america, device_class=enum, icon=mdi:shield-check, friendly_name=Primary Status @ 2026-05-12T21:25:40.648057-07:00>>
INFO     homeassistant.helpers.entity_registry:entity_registry.py:1488 Registered new sensor.controld_manager entity: sensor.primary_total_queries
DEBUG    homeassistant.core:core.py:1520 Bus:Handling <Event entity_registry_updated[L]: action=create, entity_id=sensor.primary_total_queries>
DEBUG    homeassistant.core:core.py:1520 Bus:Handling <Event entity_registry_updated[L]: action=update, entity_id=sensor.primary_total_queries, changes=options=>
DEBUG    homeassistant.core:core.py:1520 Bus:Handling <Event state_changed[L]: entity_id=sensor.primary_total_queries, old_state=None, new_state=<state sensor.primary_total_queries=57123; state_class=measurement, purpose=purpose_profile_analytics, analytics_start_time=2026-04-06T17:00:00-07:00, analytics_end_time=2026-04-07T17:00:00-07:00, unit_of_measurement=queries, friendly_name=Primary Total queries @ 2026-05-12T21:25:40.648703-07:00>>
INFO     homeassistant.helpers.entity_registry:entity_registry.py:1488 Registered new sensor.controld_manager entity: sensor.secondary_blocked_queries
DEBUG    homeassistant.core:core.py:1520 Bus:Handling <Event entity_registry_updated[L]: action=create, entity_id=sensor.secondary_blocked_queries>
DEBUG    homeassistant.core:core.py:1520 Bus:Handling <Event entity_registry_updated[L]: action=update, entity_id=sensor.secondary_blocked_queries, changes=options=>
DEBUG    homeassistant.core:core.py:1520 Bus:Handling <Event state_changed[L]: entity_id=sensor.secondary_blocked_queries, old_state=None, new_state=<state sensor.secondary_blocked_queries=100; state_class=measurement, purpose=purpose_profile_analytics, analytics_start_time=2026-04-06T17:00:00-07:00, analytics_end_time=2026-04-07T17:00:00-07:00, unit_of_measurement=queries, friendly_name=Secondary Blocked queries @ 2026-05-12T21:25:40.649365-07:00>>
INFO     homeassistant.helpers.entity_registry:entity_registry.py:1488 Registered new sensor.controld_manager entity: sensor.secondary_blocked_queries_ratio
DEBUG    homeassistant.core:core.py:1520 Bus:Handling <Event entity_registry_updated[L]: action=create, entity_id=sensor.secondary_blocked_queries_ratio>
DEBUG    homeassistant.core:core.py:1520 Bus:Handling <Event entity_registry_updated[L]: action=update, entity_id=sensor.secondary_blocked_queries_ratio, changes=options=>
DEBUG    homeassistant.core:core.py:1520 Bus:Handling <Event state_changed[L]: entity_id=sensor.secondary_blocked_queries_ratio, old_state=None, new_state=<state sensor.secondary_blocked_queries_ratio=14.2; state_class=measurement, purpose=purpose_profile_analytics, analytics_start_time=2026-04-06T17:00:00-07:00, analytics_end_time=2026-04-07T17:00:00-07:00, unit_of_measurement=%, friendly_name=Secondary Blocked queries ratio @ 2026-05-12T21:25:40.650008-07:00>>
INFO     homeassistant.helpers.entity_registry:entity_registry.py:1488 Registered new sensor.controld_manager entity: sensor.secondary_bypassed_queries
DEBUG    homeassistant.core:core.py:1520 Bus:Handling <Event entity_registry_updated[L]: action=create, entity_id=sensor.secondary_bypassed_queries>
DEBUG    homeassistant.core:core.py:1520 Bus:Handling <Event entity_registry_updated[L]: action=update, entity_id=sensor.secondary_bypassed_queries, changes=options=>
DEBUG    homeassistant.core:core.py:1520 Bus:Handling <Event state_changed[L]: entity_id=sensor.secondary_bypassed_queries, old_state=None, new_state=<state sensor.secondary_bypassed_queries=600; state_class=measurement, purpose=purpose_profile_analytics, analytics_start_time=2026-04-06T17:00:00-07:00, analytics_end_time=2026-04-07T17:00:00-07:00, unit_of_measurement=queries, friendly_name=Secondary Bypassed queries @ 2026-05-12T21:25:40.650623-07:00>>
INFO     homeassistant.helpers.entity_registry:entity_registry.py:1488 Registered new sensor.controld_manager entity: sensor.secondary_endpoint_count
DEBUG    homeassistant.core:core.py:1520 Bus:Handling <Event entity_registry_updated[L]: action=create, entity_id=sensor.secondary_endpoint_count>
DEBUG    homeassistant.core:core.py:1520 Bus:Handling <Event state_changed[L]: entity_id=sensor.secondary_endpoint_count, old_state=None, new_state=<state sensor.secondary_endpoint_count=1; state_class=measurement, purpose=purpose_profile_summary, unit_of_measurement=endpoints, friendly_name=Secondary Endpoint count @ 2026-05-12T21:25:40.650929-07:00>>
INFO     homeassistant.helpers.entity_registry:entity_registry.py:1488 Registered new sensor.controld_manager entity: sensor.secondary_redirected_queries
DEBUG    homeassistant.core:core.py:1520 Bus:Handling <Event entity_registry_updated[L]: action=create, entity_id=sensor.secondary_redirected_queries>
DEBUG    homeassistant.core:core.py:1520 Bus:Handling <Event entity_registry_updated[L]: action=update, entity_id=sensor.secondary_redirected_queries, changes=options=>
DEBUG    homeassistant.core:core.py:1520 Bus:Handling <Event state_changed[L]: entity_id=sensor.secondary_redirected_queries, old_state=None, new_state=<state sensor.secondary_redirected_queries=3; state_class=measurement, purpose=purpose_profile_analytics, analytics_start_time=2026-04-06T17:00:00-07:00, analytics_end_time=2026-04-07T17:00:00-07:00, unit_of_measurement=queries, friendly_name=Secondary Redirected queries @ 2026-05-12T21:25:40.651563-07:00>>
INFO     homeassistant.helpers.entity_registry:entity_registry.py:1488 Registered new sensor.controld_manager entity: sensor.secondary_status
DEBUG    homeassistant.core:core.py:1520 Bus:Handling <Event entity_registry_updated[L]: action=create, entity_id=sensor.secondary_status>
DEBUG    homeassistant.core:core.py:1520 Bus:Handling <Event state_changed[L]: entity_id=sensor.secondary_status, old_state=None, new_state=<state sensor.secondary_status=healthy; options=['healthy', 'degraded', 'problem', 'disabled'], purpose=purpose_profile_status, last_refresh_attempt=2026-05-12T21:25:40.625191-07:00, last_successful_refresh=2026-05-12T21:25:40.628673-07:00, refresh_in_progress=False, last_refresh_trigger=scheduled, consecutive_failed_refreshes=0, stats_endpoint=america, device_class=enum, icon=mdi:shield-check, friendly_name=Secondary Status @ 2026-05-12T21:25:40.651891-07:00>>
INFO     homeassistant.helpers.entity_registry:entity_registry.py:1488 Registered new sensor.controld_manager entity: sensor.secondary_total_queries
DEBUG    homeassistant.core:core.py:1520 Bus:Handling <Event entity_registry_updated[L]: action=create, entity_id=sensor.secondary_total_queries>
DEBUG    homeassistant.core:core.py:1520 Bus:Handling <Event entity_registry_updated[L]: action=update, entity_id=sensor.secondary_total_queries, changes=options=>
DEBUG    homeassistant.core:core.py:1520 Bus:Handling <Event state_changed[L]: entity_id=sensor.secondary_total_queries, old_state=None, new_state=<state sensor.secondary_total_queries=703; state_class=measurement, purpose=purpose_profile_analytics, analytics_start_time=2026-04-06T17:00:00-07:00, analytics_end_time=2026-04-07T17:00:00-07:00, unit_of_measurement=queries, friendly_name=Secondary Total queries @ 2026-05-12T21:25:40.652542-07:00>>
INFO     homeassistant.loader:loader.py:785 Loaded select from homeassistant.components.select
INFO     homeassistant.loader:loader.py:785 Loaded switch from homeassistant.components.switch
DEBUG    homeassistant.loader:loader.py:1014 Component switch import took 0.000 seconds (loaded_executor=False)
INFO     homeassistant.setup:setup.py:393 Setting up switch
DEBUG    homeassistant.core:core.py:1520 Bus:Handling <Event service_registered[L]: domain=switch, service=turn_off>
DEBUG    homeassistant.core:core.py:1520 Bus:Handling <Event service_registered[L]: domain=switch, service=turn_on>
DEBUG    homeassistant.core:core.py:1520 Bus:Handling <Event service_registered[L]: domain=switch, service=toggle>
DEBUG    homeassistant.core:core.py:1520 Bus:Handling <Event component_loaded[L]: component=switch>
DEBUG    homeassistant.loader:loader.py:1202 Importing platforms for switch executor=[] loop=['condition', 'trigger'] took 0.00s
DEBUG    homeassistant.helpers.condition:condition.py:266 Conditions for integration switch are disabled
DEBUG    homeassistant.helpers.trigger:trigger.py:240 Triggers for integration switch are disabled
INFO     homeassistant.components.switch:entity_platform.py:440 Setting up controld_manager.switch
INFO     homeassistant.helpers.entity_registry:entity_registry.py:1488 Registered new switch.controld_manager entity: switch.primary_filters_ads_trackers
DEBUG    homeassistant.core:core.py:1520 Bus:Handling <Event entity_registry_updated[L]: action=create, entity_id=switch.primary_filters_ads_trackers>
DEBUG    homeassistant.core:core.py:1520 Bus:Handling <Event state_changed[L]: entity_id=switch.primary_filters_ads_trackers, old_state=None, new_state=<state switch.primary_filters_ads_trackers=on; purpose=purpose_profile_filter, friendly_name=Primary Filters / Ads & Trackers @ 2026-05-12T21:25:40.658440-07:00>>
INFO     homeassistant.helpers.entity_registry:entity_registry.py:1488 Registered new switch.controld_manager entity: switch.primary_filters_adult_content
DEBUG    homeassistant.core:core.py:1520 Bus:Handling <Event entity_registry_updated[L]: action=create, entity_id=switch.primary_filters_adult_content>
DEBUG    homeassistant.components.switch:entity_platform.py:980 Not adding entity Filters / Adult Content because it's disabled
INFO     homeassistant.helpers.entity_registry:entity_registry.py:1488 Registered new switch.controld_manager entity: switch.primary_filters_social_networks
DEBUG    homeassistant.core:core.py:1520 Bus:Handling <Event entity_registry_updated[L]: action=create, entity_id=switch.primary_filters_social_networks>
DEBUG    homeassistant.components.switch:entity_platform.py:980 Not adding entity Filters / Social Networks because it's disabled
INFO     homeassistant.helpers.entity_registry:entity_registry.py:1488 Registered new switch.controld_manager entity: switch.primary_options_safe_search
DEBUG    homeassistant.core:core.py:1520 Bus:Handling <Event entity_registry_updated[L]: action=create, entity_id=switch.primary_options_safe_search>
DEBUG    homeassistant.core:core.py:1520 Bus:Handling <Event state_changed[L]: entity_id=switch.primary_options_safe_search, old_state=None, new_state=<state switch.primary_options_safe_search=on; purpose=purpose_profile_option, friendly_name=Primary Options / Safe Search @ 2026-05-12T21:25:40.659097-07:00>>
INFO     homeassistant.helpers.entity_registry:entity_registry.py:1488 Registered new switch.controld_manager entity: switch.primary_options_restricted_youtube
DEBUG    homeassistant.core:core.py:1520 Bus:Handling <Event entity_registry_updated[L]: action=create, entity_id=switch.primary_options_restricted_youtube>
DEBUG    homeassistant.core:core.py:1520 Bus:Handling <Event state_changed[L]: entity_id=switch.primary_options_restricted_youtube, old_state=None, new_state=<state switch.primary_options_restricted_youtube=off; purpose=purpose_profile_option, friendly_name=Primary Options / Restricted Youtube @ 2026-05-12T21:25:40.659321-07:00>>
INFO     homeassistant.helpers.entity_registry:entity_registry.py:1488 Registered new switch.controld_manager entity: switch.primary_disable_15_minutes
DEBUG    homeassistant.core:core.py:1520 Bus:Handling <Event entity_registry_updated[L]: action=create, entity_id=switch.primary_disable_15_minutes>
DEBUG    homeassistant.core:core.py:1520 Bus:Handling <Event state_changed[L]: entity_id=switch.primary_disable_15_minutes, old_state=None, new_state=<state switch.primary_disable_15_minutes=off; purpose=purpose_profile_pause, friendly_name=Primary Disable (15 minutes) @ 2026-05-12T21:25:40.659545-07:00>>
INFO     homeassistant.helpers.entity_registry:entity_registry.py:1488 Registered new switch.controld_manager entity: switch.secondary_filters_ads_trackers
DEBUG    homeassistant.core:core.py:1520 Bus:Handling <Event entity_registry_updated[L]: action=create, entity_id=switch.secondary_filters_ads_trackers>
DEBUG    homeassistant.core:core.py:1520 Bus:Handling <Event state_changed[L]: entity_id=switch.secondary_filters_ads_trackers, old_state=None, new_state=<state switch.secondary_filters_ads_trackers=on; purpose=purpose_profile_filter, friendly_name=Secondary Filters / Ads & Trackers @ 2026-05-12T21:25:40.659749-07:00>>
INFO     homeassistant.helpers.entity_registry:entity_registry.py:1488 Registered new switch.controld_manager entity: switch.secondary_filters_adult_content
DEBUG    homeassistant.core:core.py:1520 Bus:Handling <Event entity_registry_updated[L]: action=create, entity_id=switch.secondary_filters_adult_content>
DEBUG    homeassistant.components.switch:entity_platform.py:980 Not adding entity Filters / Adult Content because it's disabled
INFO     homeassistant.helpers.entity_registry:entity_registry.py:1488 Registered new switch.controld_manager entity: switch.secondary_filters_social_networks
DEBUG    homeassistant.core:core.py:1520 Bus:Handling <Event entity_registry_updated[L]: action=create, entity_id=switch.secondary_filters_social_networks>
DEBUG    homeassistant.components.switch:entity_platform.py:980 Not adding entity Filters / Social Networks because it's disabled
INFO     homeassistant.helpers.entity_registry:entity_registry.py:1488 Registered new switch.controld_manager entity: switch.secondary_options_safe_search
DEBUG    homeassistant.core:core.py:1520 Bus:Handling <Event entity_registry_updated[L]: action=create, entity_id=switch.secondary_options_safe_search>
DEBUG    homeassistant.core:core.py:1520 Bus:Handling <Event state_changed[L]: entity_id=switch.secondary_options_safe_search, old_state=None, new_state=<state switch.secondary_options_safe_search=on; purpose=purpose_profile_option, friendly_name=Secondary Options / Safe Search @ 2026-05-12T21:25:40.660259-07:00>>
INFO     homeassistant.helpers.entity_registry:entity_registry.py:1488 Registered new switch.controld_manager entity: switch.secondary_options_restricted_youtube
DEBUG    homeassistant.core:core.py:1520 Bus:Handling <Event entity_registry_updated[L]: action=create, entity_id=switch.secondary_options_restricted_youtube>
DEBUG    homeassistant.core:core.py:1520 Bus:Handling <Event state_changed[L]: entity_id=switch.secondary_options_restricted_youtube, old_state=None, new_state=<state switch.secondary_options_restricted_youtube=off; purpose=purpose_profile_option, friendly_name=Secondary Options / Restricted Youtube @ 2026-05-12T21:25:40.660470-07:00>>
INFO     homeassistant.helpers.entity_registry:entity_registry.py:1488 Registered new switch.controld_manager entity: switch.secondary_disable_15_minutes
DEBUG    homeassistant.core:core.py:1520 Bus:Handling <Event entity_registry_updated[L]: action=create, entity_id=switch.secondary_disable_15_minutes>
DEBUG    homeassistant.core:core.py:1520 Bus:Handling <Event state_changed[L]: entity_id=switch.secondary_disable_15_minutes, old_state=None, new_state=<state switch.secondary_disable_15_minutes=off; purpose=purpose_profile_pause, friendly_name=Secondary Disable (15 minutes) @ 2026-05-12T21:25:40.660688-07:00>>
DEBUG    homeassistant.loader:loader.py:1014 Component select import took 0.000 seconds (loaded_executor=False)
INFO     homeassistant.setup:setup.py:393 Setting up select
DEBUG    homeassistant.core:core.py:1520 Bus:Handling <Event service_registered[L]: domain=select, service=select_first>
DEBUG    homeassistant.core:core.py:1520 Bus:Handling <Event service_registered[L]: domain=select, service=select_last>
DEBUG    homeassistant.core:core.py:1520 Bus:Handling <Event service_registered[L]: domain=select, service=select_next>
DEBUG    homeassistant.core:core.py:1520 Bus:Handling <Event service_registered[L]: domain=select, service=select_option>
DEBUG    homeassistant.core:core.py:1520 Bus:Handling <Event service_registered[L]: domain=select, service=select_previous>
DEBUG    homeassistant.core:core.py:1520 Bus:Handling <Event component_loaded[L]: component=select>
DEBUG    homeassistant.loader:loader.py:1202 Importing platforms for select executor=[] loop=['condition', 'trigger'] took 0.00s
DEBUG    homeassistant.helpers.condition:condition.py:266 Conditions for integration select are disabled
DEBUG    homeassistant.helpers.trigger:trigger.py:240 Triggers for integration select are disabled
INFO     homeassistant.components.select:entity_platform.py:440 Setting up controld_manager.select
INFO     homeassistant.helpers.entity_registry:entity_registry.py:1488 Registered new select.controld_manager entity: select.primary_options_default_rule
DEBUG    homeassistant.core:core.py:1520 Bus:Handling <Event entity_registry_updated[L]: action=create, entity_id=select.primary_options_default_rule>
DEBUG    homeassistant.core:core.py:1520 Bus:Handling <Event state_changed[L]: entity_id=select.primary_options_default_rule, old_state=None, new_state=<state select.primary_options_default_rule=bypassing; options=['blocking', 'bypassing', 'redirecting'], purpose=purpose_profile_default_rule, friendly_name=Primary Options / Default Rule @ 2026-05-12T21:25:40.664448-07:00>>
INFO     homeassistant.helpers.entity_registry:entity_registry.py:1488 Registered new select.controld_manager entity: select.primary_filters_ads_trackers_mode
DEBUG    homeassistant.core:core.py:1520 Bus:Handling <Event entity_registry_updated[L]: action=create, entity_id=select.primary_filters_ads_trackers_mode>
DEBUG    homeassistant.core:core.py:1520 Bus:Handling <Event state_changed[L]: entity_id=select.primary_filters_ads_trackers_mode, old_state=None, new_state=<state select.primary_filters_ads_trackers_mode=Relaxed; options=['Relaxed', 'Balanced', 'Strict'], purpose=purpose_profile_filter_mode, friendly_name=Primary Filters / Ads & Trackers Mode @ 2026-05-12T21:25:40.664729-07:00>>
INFO     homeassistant.helpers.entity_registry:entity_registry.py:1488 Registered new select.controld_manager entity: select.primary_filters_adult_content_mode
DEBUG    homeassistant.core:core.py:1520 Bus:Handling <Event entity_registry_updated[L]: action=create, entity_id=select.primary_filters_adult_content_mode>
DEBUG    homeassistant.components.select:entity_platform.py:980 Not adding entity Filters / Adult Content Mode because it's disabled
INFO     homeassistant.helpers.entity_registry:entity_registry.py:1488 Registered new select.controld_manager entity: select.primary_options_ai_malware_filter
DEBUG    homeassistant.core:core.py:1520 Bus:Handling <Event entity_registry_updated[L]: action=create, entity_id=select.primary_options_ai_malware_filter>
DEBUG    homeassistant.core:core.py:1520 Bus:Handling <Event state_changed[L]: entity_id=select.primary_options_ai_malware_filter, old_state=None, new_state=<state select.primary_options_ai_malware_filter=Minimal; options=['Off', 'Minimal', 'Standard', 'Aggressive'], purpose=purpose_profile_option, friendly_name=Primary Options / AI Malware Filter @ 2026-05-12T21:25:40.665166-07:00>>
INFO     homeassistant.helpers.entity_registry:entity_registry.py:1488 Registered new select.controld_manager entity: select.primary_services_audio_amazon_music
DEBUG    homeassistant.core:core.py:1520 Bus:Handling <Event entity_registry_updated[L]: action=create, entity_id=select.primary_services_audio_amazon_music>
DEBUG    homeassistant.core:core.py:1520 Bus:Handling <Event state_changed[L]: entity_id=select.primary_services_audio_amazon_music, old_state=None, new_state=<state select.primary_services_audio_amazon_music=bypassed; options=['off', 'blocked', 'bypassed', 'redirected'], purpose=purpose_profile_service, suggested_redirect_target=JFK, friendly_name=Primary Services / Audio / Amazon Music @ 2026-05-12T21:25:40.665411-07:00>>
INFO     homeassistant.helpers.entity_registry:entity_registry.py:1488 Registered new select.controld_manager entity: select.secondary_options_default_rule
DEBUG    homeassistant.core:core.py:1520 Bus:Handling <Event entity_registry_updated[L]: action=create, entity_id=select.secondary_options_default_rule>
DEBUG    homeassistant.core:core.py:1520 Bus:Handling <Event state_changed[L]: entity_id=select.secondary_options_default_rule, old_state=None, new_state=<state select.secondary_options_default_rule=bypassing; options=['blocking', 'bypassing', 'redirecting'], purpose=purpose_profile_default_rule, friendly_name=Secondary Options / Default Rule @ 2026-05-12T21:25:40.665633-07:00>>
INFO     homeassistant.helpers.entity_registry:entity_registry.py:1488 Registered new select.controld_manager entity: select.secondary_filters_ads_trackers_mode
DEBUG    homeassistant.core:core.py:1520 Bus:Handling <Event entity_registry_updated[L]: action=create, entity_id=select.secondary_filters_ads_trackers_mode>
DEBUG    homeassistant.core:core.py:1520 Bus:Handling <Event state_changed[L]: entity_id=select.secondary_filters_ads_trackers_mode, old_state=None, new_state=<state select.secondary_filters_ads_trackers_mode=Relaxed; options=['Relaxed', 'Balanced', 'Strict'], purpose=purpose_profile_filter_mode, friendly_name=Secondary Filters / Ads & Trackers Mode @ 2026-05-12T21:25:40.665857-07:00>>
INFO     homeassistant.helpers.entity_registry:entity_registry.py:1488 Registered new select.controld_manager entity: select.secondary_filters_adult_content_mode
DEBUG    homeassistant.core:core.py:1520 Bus:Handling <Event entity_registry_updated[L]: action=create, entity_id=select.secondary_filters_adult_content_mode>
DEBUG    homeassistant.components.select:entity_platform.py:980 Not adding entity Filters / Adult Content Mode because it's disabled
INFO     homeassistant.helpers.entity_registry:entity_registry.py:1488 Registered new select.controld_manager entity: select.secondary_options_ai_malware_filter
DEBUG    homeassistant.core:core.py:1520 Bus:Handling <Event entity_registry_updated[L]: action=create, entity_id=select.secondary_options_ai_malware_filter>
DEBUG    homeassistant.core:core.py:1520 Bus:Handling <Event state_changed[L]: entity_id=select.secondary_options_ai_malware_filter, old_state=None, new_state=<state select.secondary_options_ai_malware_filter=Minimal; options=['Off', 'Minimal', 'Standard', 'Aggressive'], purpose=purpose_profile_option, friendly_name=Secondary Options / AI Malware Filter @ 2026-05-12T21:25:40.666225-07:00>>
DEBUG    homeassistant.core:core.py:1520 Bus:Handling <Event component_loaded[L]: component=controld_manager>
--------------------------- Captured stderr teardown ---------------------------
DEBUG:homeassistant.core:Bus:Handling <Event state_changed[L]: entity_id=button.account_sync_now, old_state=<state button.account_sync_now=unknown; purpose=purpose_instance_action, friendly_name=Account Sync now @ 2026-05-12T21:25:40.635153-07:00>, new_state=<state button.account_sync_now=unavailable; restored=True, friendly_name=Sync now, supported_features=0 @ 2026-05-12T21:25:40.791921-07:00>>
DEBUG:homeassistant.core:Bus:Handling <Event state_changed[L]: entity_id=sensor.account_blocked_queries, old_state=<state sensor.account_blocked_queries=8100; state_class=measurement, purpose=purpose_instance_analytics, analytics_start_time=2026-04-06T17:00:00-07:00, analytics_end_time=2026-04-07T17:00:00-07:00, unit_of_measurement=queries, friendly_name=Account Blocked queries @ 2026-05-12T21:25:40.640849-07:00>, new_state=<state sensor.account_blocked_queries=unavailable; restored=True, state_class=measurement, friendly_name=Blocked queries, supported_features=0, unit_of_measurement=queries @ 2026-05-12T21:25:40.792430-07:00>>
DEBUG:homeassistant.core:Bus:Handling <Event state_changed[L]: entity_id=sensor.account_blocked_queries_ratio, old_state=<state sensor.account_blocked_queries_ratio=14.0; state_class=measurement, purpose=purpose_instance_analytics, analytics_start_time=2026-04-06T17:00:00-07:00, analytics_end_time=2026-04-07T17:00:00-07:00, unit_of_measurement=%, friendly_name=Account Blocked queries ratio @ 2026-05-12T21:25:40.641624-07:00>, new_state=<state sensor.account_blocked_queries_ratio=unavailable; restored=True, state_class=measurement, friendly_name=Blocked queries ratio, supported_features=0, unit_of_measurement=% @ 2026-05-12T21:25:40.792696-07:00>>
DEBUG:homeassistant.core:Bus:Handling <Event state_changed[L]: entity_id=sensor.account_bypassed_queries, old_state=<state sensor.account_bypassed_queries=49700; state_class=measurement, purpose=purpose_instance_analytics, analytics_start_time=2026-04-06T17:00:00-07:00, analytics_end_time=2026-04-07T17:00:00-07:00, unit_of_measurement=queries, friendly_name=Account Bypassed queries @ 2026-05-12T21:25:40.642310-07:00>, new_state=<state sensor.account_bypassed_queries=unavailable; restored=True, state_class=measurement, friendly_name=Bypassed queries, supported_features=0, unit_of_measurement=queries @ 2026-05-12T21:25:40.792954-07:00>>
DEBUG:homeassistant.core:Bus:Handling <Event state_changed[L]: entity_id=sensor.account_endpoint_count, old_state=<state sensor.account_endpoint_count=3; state_class=measurement, purpose=purpose_instance_summary, discovered_endpoint_count=2, router_client_count=1, unit_of_measurement=endpoints, friendly_name=Account Endpoint count @ 2026-05-12T21:25:40.642626-07:00>, new_state=<state sensor.account_endpoint_count=unavailable; restored=True, state_class=measurement, friendly_name=Endpoint count, supported_features=0, unit_of_measurement=endpoints @ 2026-05-12T21:25:40.793219-07:00>>
DEBUG:homeassistant.core:Bus:Handling <Event state_changed[L]: entity_id=sensor.account_profile_count, old_state=<state sensor.account_profile_count=2; state_class=measurement, purpose=purpose_instance_summary, unit_of_measurement=profiles, friendly_name=Account Profile count @ 2026-05-12T21:25:40.642910-07:00>, new_state=<state sensor.account_profile_count=unavailable; restored=True, state_class=measurement, friendly_name=Profile count, supported_features=0, unit_of_measurement=profiles @ 2026-05-12T21:25:40.793458-07:00>>
DEBUG:homeassistant.core:Bus:Handling <Event state_changed[L]: entity_id=sensor.account_redirected_queries, old_state=<state sensor.account_redirected_queries=26; state_class=measurement, purpose=purpose_instance_analytics, analytics_start_time=2026-04-06T17:00:00-07:00, analytics_end_time=2026-04-07T17:00:00-07:00, unit_of_measurement=queries, friendly_name=Account Redirected queries @ 2026-05-12T21:25:40.643546-07:00>, new_state=<state sensor.account_redirected_queries=unavailable; restored=True, state_class=measurement, friendly_name=Redirected queries, supported_features=0, unit_of_measurement=queries @ 2026-05-12T21:25:40.793694-07:00>>
DEBUG:homeassistant.core:Bus:Handling <Event state_changed[L]: entity_id=sensor.account_status, old_state=<state sensor.account_status=healthy; options=['healthy', 'degraded', 'problem'], purpose=purpose_instance_status, last_refresh_attempt=2026-05-12T21:25:40.625191-07:00, last_successful_refresh=2026-05-12T21:25:40.628673-07:00, refresh_in_progress=False, last_refresh_trigger=scheduled, consecutive_failed_refreshes=0, stats_endpoint=america, device_class=enum, friendly_name=Account Status @ 2026-05-12T21:25:40.643872-07:00>, new_state=<state sensor.account_status=unavailable; restored=True, options=['healthy', 'degraded', 'problem'], device_class=enum, friendly_name=Status, supported_features=0 @ 2026-05-12T21:25:40.793952-07:00>>
DEBUG:homeassistant.core:Bus:Handling <Event state_changed[L]: entity_id=sensor.account_total_queries, old_state=<state sensor.account_total_queries=57826; state_class=measurement, purpose=purpose_instance_analytics, analytics_start_time=2026-04-06T17:00:00-07:00, analytics_end_time=2026-04-07T17:00:00-07:00, unit_of_measurement=queries, friendly_name=Account Total queries @ 2026-05-12T21:25:40.644534-07:00>, new_state=<state sensor.account_total_queries=unavailable; restored=True, state_class=measurement, friendly_name=Total queries, supported_features=0, unit_of_measurement=queries @ 2026-05-12T21:25:40.794213-07:00>>
DEBUG:homeassistant.core:Bus:Handling <Event state_changed[L]: entity_id=sensor.primary_blocked_queries, old_state=<state sensor.primary_blocked_queries=8000; state_class=measurement, purpose=purpose_profile_analytics, analytics_start_time=2026-04-06T17:00:00-07:00, analytics_end_time=2026-04-07T17:00:00-07:00, unit_of_measurement=queries, friendly_name=Primary Blocked queries @ 2026-05-12T21:25:40.645201-07:00>, new_state=<state sensor.primary_blocked_queries=unavailable; restored=True, state_class=measurement, friendly_name=Blocked queries, supported_features=0, unit_of_measurement=queries @ 2026-05-12T21:25:40.794453-07:00>>
DEBUG:homeassistant.core:Bus:Handling <Event state_changed[L]: entity_id=sensor.primary_blocked_queries_ratio, old_state=<state sensor.primary_blocked_queries_ratio=14.0; state_class=measurement, purpose=purpose_profile_analytics, analytics_start_time=2026-04-06T17:00:00-07:00, analytics_end_time=2026-04-07T17:00:00-07:00, unit_of_measurement=%, friendly_name=Primary Blocked queries ratio @ 2026-05-12T21:25:40.645910-07:00>, new_state=<state sensor.primary_blocked_queries_ratio=unavailable; restored=True, state_class=measurement, friendly_name=Blocked queries ratio, supported_features=0, unit_of_measurement=% @ 2026-05-12T21:25:40.794695-07:00>>
DEBUG:homeassistant.core:Bus:Handling <Event state_changed[L]: entity_id=sensor.primary_bypassed_queries, old_state=<state sensor.primary_bypassed_queries=49100; state_class=measurement, purpose=purpose_profile_analytics, analytics_start_time=2026-04-06T17:00:00-07:00, analytics_end_time=2026-04-07T17:00:00-07:00, unit_of_measurement=queries, friendly_name=Primary Bypassed queries @ 2026-05-12T21:25:40.646751-07:00>, new_state=<state sensor.primary_bypassed_queries=unavailable; restored=True, state_class=measurement, friendly_name=Bypassed queries, supported_features=0, unit_of_measurement=queries @ 2026-05-12T21:25:40.794944-07:00>>
DEBUG:homeassistant.core:Bus:Handling <Event state_changed[L]: entity_id=sensor.primary_endpoint_count, old_state=<state sensor.primary_endpoint_count=3; state_class=measurement, purpose=purpose_profile_summary, unit_of_measurement=endpoints, friendly_name=Primary Endpoint count @ 2026-05-12T21:25:40.647094-07:00>, new_state=<state sensor.primary_endpoint_count=unavailable; restored=True, state_class=measurement, friendly_name=Endpoint count, supported_features=0, unit_of_measurement=endpoints @ 2026-05-12T21:25:40.795203-07:00>>
DEBUG:homeassistant.core:Bus:Handling <Event state_changed[L]: entity_id=sensor.primary_redirected_queries, old_state=<state sensor.primary_redirected_queries=23; state_class=measurement, purpose=purpose_profile_analytics, analytics_start_time=2026-04-06T17:00:00-07:00, analytics_end_time=2026-04-07T17:00:00-07:00, unit_of_measurement=queries, friendly_name=Primary Redirected queries @ 2026-05-12T21:25:40.647717-07:00>, new_state=<state sensor.primary_redirected_queries=unavailable; restored=True, state_class=measurement, friendly_name=Redirected queries, supported_features=0, unit_of_measurement=queries @ 2026-05-12T21:25:40.795459-07:00>>
DEBUG:homeassistant.core:Bus:Handling <Event state_changed[L]: entity_id=sensor.primary_status, old_state=<state sensor.primary_status=healthy; options=['healthy', 'degraded', 'problem', 'disabled'], purpose=purpose_profile_status, last_refresh_attempt=2026-05-12T21:25:40.625191-07:00, last_successful_refresh=2026-05-12T21:25:40.628673-07:00, refresh_in_progress=False, last_refresh_trigger=scheduled, consecutive_failed_refreshes=0, stats_endpoint=america, device_class=enum, icon=mdi:shield-check, friendly_name=Primary Status @ 2026-05-12T21:25:40.648057-07:00>, new_state=<state sensor.primary_status=unavailable; restored=True, options=['healthy', 'degraded', 'problem', 'disabled'], device_class=enum, icon=mdi:shield-check, friendly_name=Status, supported_features=0 @ 2026-05-12T21:25:40.795701-07:00>>
DEBUG:homeassistant.core:Bus:Handling <Event state_changed[L]: entity_id=sensor.primary_total_queries, old_state=<state sensor.primary_total_queries=57123; state_class=measurement, purpose=purpose_profile_analytics, analytics_start_time=2026-04-06T17:00:00-07:00, analytics_end_time=2026-04-07T17:00:00-07:00, unit_of_measurement=queries, friendly_name=Primary Total queries @ 2026-05-12T21:25:40.648703-07:00>, new_state=<state sensor.primary_total_queries=unavailable; restored=True, state_class=measurement, friendly_name=Total queries, supported_features=0, unit_of_measurement=queries @ 2026-05-12T21:25:40.795966-07:00>>
DEBUG:homeassistant.core:Bus:Handling <Event state_changed[L]: entity_id=sensor.secondary_blocked_queries, old_state=<state sensor.secondary_blocked_queries=100; state_class=measurement, purpose=purpose_profile_analytics, analytics_start_time=2026-04-06T17:00:00-07:00, analytics_end_time=2026-04-07T17:00:00-07:00, unit_of_measurement=queries, friendly_name=Secondary Blocked queries @ 2026-05-12T21:25:40.649365-07:00>, new_state=<state sensor.secondary_blocked_queries=unavailable; restored=True, state_class=measurement, friendly_name=Blocked queries, supported_features=0, unit_of_measurement=queries @ 2026-05-12T21:25:40.796221-07:00>>
DEBUG:homeassistant.core:Bus:Handling <Event state_changed[L]: entity_id=sensor.secondary_blocked_queries_ratio, old_state=<state sensor.secondary_blocked_queries_ratio=14.2; state_class=measurement, purpose=purpose_profile_analytics, analytics_start_time=2026-04-06T17:00:00-07:00, analytics_end_time=2026-04-07T17:00:00-07:00, unit_of_measurement=%, friendly_name=Secondary Blocked queries ratio @ 2026-05-12T21:25:40.650008-07:00>, new_state=<state sensor.secondary_blocked_queries_ratio=unavailable; restored=True, state_class=measurement, friendly_name=Blocked queries ratio, supported_features=0, unit_of_measurement=% @ 2026-05-12T21:25:40.796443-07:00>>
DEBUG:homeassistant.core:Bus:Handling <Event state_changed[L]: entity_id=sensor.secondary_bypassed_queries, old_state=<state sensor.secondary_bypassed_queries=600; state_class=measurement, purpose=purpose_profile_analytics, analytics_start_time=2026-04-06T17:00:00-07:00, analytics_end_time=2026-04-07T17:00:00-07:00, unit_of_measurement=queries, friendly_name=Secondary Bypassed queries @ 2026-05-12T21:25:40.650623-07:00>, new_state=<state sensor.secondary_bypassed_queries=unavailable; restored=True, state_class=measurement, friendly_name=Bypassed queries, supported_features=0, unit_of_measurement=queries @ 2026-05-12T21:25:40.796665-07:00>>
DEBUG:homeassistant.core:Bus:Handling <Event state_changed[L]: entity_id=sensor.secondary_endpoint_count, old_state=<state sensor.secondary_endpoint_count=1; state_class=measurement, purpose=purpose_profile_summary, unit_of_measurement=endpoints, friendly_name=Secondary Endpoint count @ 2026-05-12T21:25:40.650929-07:00>, new_state=<state sensor.secondary_endpoint_count=unavailable; restored=True, state_class=measurement, friendly_name=Endpoint count, supported_features=0, unit_of_measurement=endpoints @ 2026-05-12T21:25:40.796894-07:00>>
DEBUG:homeassistant.core:Bus:Handling <Event state_changed[L]: entity_id=sensor.secondary_redirected_queries, old_state=<state sensor.secondary_redirected_queries=3; state_class=measurement, purpose=purpose_profile_analytics, analytics_start_time=2026-04-06T17:00:00-07:00, analytics_end_time=2026-04-07T17:00:00-07:00, unit_of_measurement=queries, friendly_name=Secondary Redirected queries @ 2026-05-12T21:25:40.651563-07:00>, new_state=<state sensor.secondary_redirected_queries=unavailable; restored=True, state_class=measurement, friendly_name=Redirected queries, supported_features=0, unit_of_measurement=queries @ 2026-05-12T21:25:40.797138-07:00>>
DEBUG:homeassistant.core:Bus:Handling <Event state_changed[L]: entity_id=sensor.secondary_status, old_state=<state sensor.secondary_status=healthy; options=['healthy', 'degraded', 'problem', 'disabled'], purpose=purpose_profile_status, last_refresh_attempt=2026-05-12T21:25:40.625191-07:00, last_successful_refresh=2026-05-12T21:25:40.628673-07:00, refresh_in_progress=False, last_refresh_trigger=scheduled, consecutive_failed_refreshes=0, stats_endpoint=america, device_class=enum, icon=mdi:shield-check, friendly_name=Secondary Status @ 2026-05-12T21:25:40.651891-07:00>, new_state=<state sensor.secondary_status=unavailable; restored=True, options=['healthy', 'degraded', 'problem', 'disabled'], device_class=enum, icon=mdi:shield-check, friendly_name=Status, supported_features=0 @ 2026-05-12T21:25:40.797370-07:00>>
DEBUG:homeassistant.core:Bus:Handling <Event state_changed[L]: entity_id=sensor.secondary_total_queries, old_state=<state sensor.secondary_total_queries=703; state_class=measurement, purpose=purpose_profile_analytics, analytics_start_time=2026-04-06T17:00:00-07:00, analytics_end_time=2026-04-07T17:00:00-07:00, unit_of_measurement=queries, friendly_name=Secondary Total queries @ 2026-05-12T21:25:40.652542-07:00>, new_state=<state sensor.secondary_total_queries=unavailable; restored=True, state_class=measurement, friendly_name=Total queries, supported_features=0, unit_of_measurement=queries @ 2026-05-12T21:25:40.797618-07:00>>
DEBUG:homeassistant.core:Bus:Handling <Event state_changed[L]: entity_id=select.primary_options_default_rule, old_state=<state select.primary_options_default_rule=bypassing; options=['blocking', 'bypassing', 'redirecting'], purpose=purpose_profile_default_rule, friendly_name=Primary Options / Default Rule @ 2026-05-12T21:25:40.664448-07:00>, new_state=<state select.primary_options_default_rule=unavailable; restored=True, options=['blocking', 'bypassing', 'redirecting'], friendly_name=Options / Default Rule, supported_features=0 @ 2026-05-12T21:25:40.798038-07:00>>
DEBUG:homeassistant.core:Bus:Handling <Event state_changed[L]: entity_id=select.primary_filters_ads_trackers_mode, old_state=<state select.primary_filters_ads_trackers_mode=Relaxed; options=['Relaxed', 'Balanced', 'Strict'], purpose=purpose_profile_filter_mode, friendly_name=Primary Filters / Ads & Trackers Mode @ 2026-05-12T21:25:40.664729-07:00>, new_state=<state select.primary_filters_ads_trackers_mode=unavailable; restored=True, options=['Relaxed', 'Balanced', 'Strict'], friendly_name=Filters / Ads & Trackers Mode, supported_features=0 @ 2026-05-12T21:25:40.798273-07:00>>
DEBUG:homeassistant.core:Bus:Handling <Event state_changed[L]: entity_id=select.primary_options_ai_malware_filter, old_state=<state select.primary_options_ai_malware_filter=Minimal; options=['Off', 'Minimal', 'Standard', 'Aggressive'], purpose=purpose_profile_option, friendly_name=Primary Options / AI Malware Filter @ 2026-05-12T21:25:40.665166-07:00>, new_state=<state select.primary_options_ai_malware_filter=unavailable; restored=True, options=['Off', 'Minimal', 'Standard', 'Aggressive'], friendly_name=Options / AI Malware Filter, supported_features=0 @ 2026-05-12T21:25:40.798492-07:00>>
DEBUG:homeassistant.core:Bus:Handling <Event state_changed[L]: entity_id=select.primary_services_audio_amazon_music, old_state=<state select.primary_services_audio_amazon_music=bypassed; options=['off', 'blocked', 'bypassed', 'redirected'], purpose=purpose_profile_service, suggested_redirect_target=JFK, friendly_name=Primary Services / Audio / Amazon Music @ 2026-05-12T21:25:40.665411-07:00>, new_state=<state select.primary_services_audio_amazon_music=unavailable; restored=True, options=['off', 'blocked', 'bypassed', 'redirected'], friendly_name=Services / Audio / Amazon Music, supported_features=0 @ 2026-05-12T21:25:40.798712-07:00>>
DEBUG:homeassistant.core:Bus:Handling <Event state_changed[L]: entity_id=select.secondary_options_default_rule, old_state=<state select.secondary_options_default_rule=bypassing; options=['blocking', 'bypassing', 'redirecting'], purpose=purpose_profile_default_rule, friendly_name=Secondary Options / Default Rule @ 2026-05-12T21:25:40.665633-07:00>, new_state=<state select.secondary_options_default_rule=unavailable; restored=True, options=['blocking', 'bypassing', 'redirecting'], friendly_name=Options / Default Rule, supported_features=0 @ 2026-05-12T21:25:40.798956-07:00>>
DEBUG:homeassistant.core:Bus:Handling <Event state_changed[L]: entity_id=select.secondary_filters_ads_trackers_mode, old_state=<state select.secondary_filters_ads_trackers_mode=Relaxed; options=['Relaxed', 'Balanced', 'Strict'], purpose=purpose_profile_filter_mode, friendly_name=Secondary Filters / Ads & Trackers Mode @ 2026-05-12T21:25:40.665857-07:00>, new_state=<state select.secondary_filters_ads_trackers_mode=unavailable; restored=True, options=['Relaxed', 'Balanced', 'Strict'], friendly_name=Filters / Ads & Trackers Mode, supported_features=0 @ 2026-05-12T21:25:40.799198-07:00>>
DEBUG:homeassistant.core:Bus:Handling <Event state_changed[L]: entity_id=select.secondary_options_ai_malware_filter, old_state=<state select.secondary_options_ai_malware_filter=Minimal; options=['Off', 'Minimal', 'Standard', 'Aggressive'], purpose=purpose_profile_option, friendly_name=Secondary Options / AI Malware Filter @ 2026-05-12T21:25:40.666225-07:00>, new_state=<state select.secondary_options_ai_malware_filter=unavailable; restored=True, options=['Off', 'Minimal', 'Standard', 'Aggressive'], friendly_name=Options / AI Malware Filter, supported_features=0 @ 2026-05-12T21:25:40.799413-07:00>>
DEBUG:homeassistant.core:Bus:Handling <Event state_changed[L]: entity_id=switch.primary_filters_ads_trackers, old_state=<state switch.primary_filters_ads_trackers=on; purpose=purpose_profile_filter, friendly_name=Primary Filters / Ads & Trackers @ 2026-05-12T21:25:40.658440-07:00>, new_state=<state switch.primary_filters_ads_trackers=unavailable; restored=True, friendly_name=Filters / Ads & Trackers, supported_features=0 @ 2026-05-12T21:25:40.799848-07:00>>
DEBUG:homeassistant.core:Bus:Handling <Event state_changed[L]: entity_id=switch.primary_options_safe_search, old_state=<state switch.primary_options_safe_search=on; purpose=purpose_profile_option, friendly_name=Primary Options / Safe Search @ 2026-05-12T21:25:40.659097-07:00>, new_state=<state switch.primary_options_safe_search=unavailable; restored=True, friendly_name=Options / Safe Search, supported_features=0 @ 2026-05-12T21:25:40.800093-07:00>>
DEBUG:homeassistant.core:Bus:Handling <Event state_changed[L]: entity_id=switch.primary_options_restricted_youtube, old_state=<state switch.primary_options_restricted_youtube=off; purpose=purpose_profile_option, friendly_name=Primary Options / Restricted Youtube @ 2026-05-12T21:25:40.659321-07:00>, new_state=<state switch.primary_options_restricted_youtube=unavailable; restored=True, friendly_name=Options / Restricted Youtube, supported_features=0 @ 2026-05-12T21:25:40.800326-07:00>>
DEBUG:homeassistant.core:Bus:Handling <Event state_changed[L]: entity_id=switch.primary_disable_15_minutes, old_state=<state switch.primary_disable_15_minutes=off; purpose=purpose_profile_pause, friendly_name=Primary Disable (15 minutes) @ 2026-05-12T21:25:40.659545-07:00>, new_state=<state switch.primary_disable_15_minutes=unavailable; restored=True, friendly_name=Disable (15 minutes), supported_features=0 @ 2026-05-12T21:25:40.800545-07:00>>
DEBUG:homeassistant.core:Bus:Handling <Event state_changed[L]: entity_id=switch.secondary_filters_ads_trackers, old_state=<state switch.secondary_filters_ads_trackers=on; purpose=purpose_profile_filter, friendly_name=Secondary Filters / Ads & Trackers @ 2026-05-12T21:25:40.659749-07:00>, new_state=<state switch.secondary_filters_ads_trackers=unavailable; restored=True, friendly_name=Filters / Ads & Trackers, supported_features=0 @ 2026-05-12T21:25:40.800760-07:00>>
DEBUG:homeassistant.core:Bus:Handling <Event state_changed[L]: entity_id=switch.secondary_options_safe_search, old_state=<state switch.secondary_options_safe_search=on; purpose=purpose_profile_option, friendly_name=Secondary Options / Safe Search @ 2026-05-12T21:25:40.660259-07:00>, new_state=<state switch.secondary_options_safe_search=unavailable; restored=True, friendly_name=Options / Safe Search, supported_features=0 @ 2026-05-12T21:25:40.800990-07:00>>
DEBUG:homeassistant.core:Bus:Handling <Event state_changed[L]: entity_id=switch.secondary_options_restricted_youtube, old_state=<state switch.secondary_options_restricted_youtube=off; purpose=purpose_profile_option, friendly_name=Secondary Options / Restricted Youtube @ 2026-05-12T21:25:40.660470-07:00>, new_state=<state switch.secondary_options_restricted_youtube=unavailable; restored=True, friendly_name=Options / Restricted Youtube, supported_features=0 @ 2026-05-12T21:25:40.801205-07:00>>
DEBUG:homeassistant.core:Bus:Handling <Event state_changed[L]: entity_id=switch.secondary_disable_15_minutes, old_state=<state switch.secondary_disable_15_minutes=off; purpose=purpose_profile_pause, friendly_name=Secondary Disable (15 minutes) @ 2026-05-12T21:25:40.660688-07:00>, new_state=<state switch.secondary_disable_15_minutes=unavailable; restored=True, friendly_name=Disable (15 minutes), supported_features=0 @ 2026-05-12T21:25:40.801417-07:00>>
DEBUG:homeassistant.core:Bus:Handling <Event homeassistant_stop[L]>
DEBUG:homeassistant.core:Bus:Handling <Event homeassistant_final_write[L]>
DEBUG:pytest_homeassistant_custom_component.common:Writing data to core.device_registry: {'version': 1, 'minor_version': 12, 'key': 'core.device_registry', 'data_func': <bound method DeviceRegistry._data_to_save of <homeassistant.helpers.device_registry.DeviceRegistry object at 0x79a916264ef0>>}
DEBUG:pytest_homeassistant_custom_component.common:Writing data to core.config_entries: {'version': 1, 'minor_version': 5, 'key': 'core.config_entries', 'data_func': <bound method ConfigEntries._data_to_save of <homeassistant.config_entries.ConfigEntries object at 0x79a9162644d0>>}
DEBUG:pytest_homeassistant_custom_component.common:Writing data to core.entity_registry: {'version': 1, 'minor_version': 22, 'key': 'core.entity_registry', 'data_func': <bound method EntityRegistry._data_to_save of <homeassistant.helpers.entity_registry.EntityRegistry object at 0x79a9155d1130>>}
DEBUG:homeassistant.core:Bus:Handling <Event homeassistant_close[L]>
DEBUG:asyncio:Close <_UnixSelectorEventLoop running=False closed=False debug=True>
---------------------------- Captured log teardown -----------------------------
DEBUG    homeassistant.core:core.py:1520 Bus:Handling <Event state_changed[L]: entity_id=button.account_sync_now, old_state=<state button.account_sync_now=unknown; purpose=purpose_instance_action, friendly_name=Account Sync now @ 2026-05-12T21:25:40.635153-07:00>, new_state=<state button.account_sync_now=unavailable; restored=True, friendly_name=Sync now, supported_features=0 @ 2026-05-12T21:25:40.791921-07:00>>
DEBUG    homeassistant.core:core.py:1520 Bus:Handling <Event state_changed[L]: entity_id=sensor.account_blocked_queries, old_state=<state sensor.account_blocked_queries=8100; state_class=measurement, purpose=purpose_instance_analytics, analytics_start_time=2026-04-06T17:00:00-07:00, analytics_end_time=2026-04-07T17:00:00-07:00, unit_of_measurement=queries, friendly_name=Account Blocked queries @ 2026-05-12T21:25:40.640849-07:00>, new_state=<state sensor.account_blocked_queries=unavailable; restored=True, state_class=measurement, friendly_name=Blocked queries, supported_features=0, unit_of_measurement=queries @ 2026-05-12T21:25:40.792430-07:00>>
DEBUG    homeassistant.core:core.py:1520 Bus:Handling <Event state_changed[L]: entity_id=sensor.account_blocked_queries_ratio, old_state=<state sensor.account_blocked_queries_ratio=14.0; state_class=measurement, purpose=purpose_instance_analytics, analytics_start_time=2026-04-06T17:00:00-07:00, analytics_end_time=2026-04-07T17:00:00-07:00, unit_of_measurement=%, friendly_name=Account Blocked queries ratio @ 2026-05-12T21:25:40.641624-07:00>, new_state=<state sensor.account_blocked_queries_ratio=unavailable; restored=True, state_class=measurement, friendly_name=Blocked queries ratio, supported_features=0, unit_of_measurement=% @ 2026-05-12T21:25:40.792696-07:00>>
DEBUG    homeassistant.core:core.py:1520 Bus:Handling <Event state_changed[L]: entity_id=sensor.account_bypassed_queries, old_state=<state sensor.account_bypassed_queries=49700; state_class=measurement, purpose=purpose_instance_analytics, analytics_start_time=2026-04-06T17:00:00-07:00, analytics_end_time=2026-04-07T17:00:00-07:00, unit_of_measurement=queries, friendly_name=Account Bypassed queries @ 2026-05-12T21:25:40.642310-07:00>, new_state=<state sensor.account_bypassed_queries=unavailable; restored=True, state_class=measurement, friendly_name=Bypassed queries, supported_features=0, unit_of_measurement=queries @ 2026-05-12T21:25:40.792954-07:00>>
DEBUG    homeassistant.core:core.py:1520 Bus:Handling <Event state_changed[L]: entity_id=sensor.account_endpoint_count, old_state=<state sensor.account_endpoint_count=3; state_class=measurement, purpose=purpose_instance_summary, discovered_endpoint_count=2, router_client_count=1, unit_of_measurement=endpoints, friendly_name=Account Endpoint count @ 2026-05-12T21:25:40.642626-07:00>, new_state=<state sensor.account_endpoint_count=unavailable; restored=True, state_class=measurement, friendly_name=Endpoint count, supported_features=0, unit_of_measurement=endpoints @ 2026-05-12T21:25:40.793219-07:00>>
DEBUG    homeassistant.core:core.py:1520 Bus:Handling <Event state_changed[L]: entity_id=sensor.account_profile_count, old_state=<state sensor.account_profile_count=2; state_class=measurement, purpose=purpose_instance_summary, unit_of_measurement=profiles, friendly_name=Account Profile count @ 2026-05-12T21:25:40.642910-07:00>, new_state=<state sensor.account_profile_count=unavailable; restored=True, state_class=measurement, friendly_name=Profile count, supported_features=0, unit_of_measurement=profiles @ 2026-05-12T21:25:40.793458-07:00>>
DEBUG    homeassistant.core:core.py:1520 Bus:Handling <Event state_changed[L]: entity_id=sensor.account_redirected_queries, old_state=<state sensor.account_redirected_queries=26; state_class=measurement, purpose=purpose_instance_analytics, analytics_start_time=2026-04-06T17:00:00-07:00, analytics_end_time=2026-04-07T17:00:00-07:00, unit_of_measurement=queries, friendly_name=Account Redirected queries @ 2026-05-12T21:25:40.643546-07:00>, new_state=<state sensor.account_redirected_queries=unavailable; restored=True, state_class=measurement, friendly_name=Redirected queries, supported_features=0, unit_of_measurement=queries @ 2026-05-12T21:25:40.793694-07:00>>
DEBUG    homeassistant.core:core.py:1520 Bus:Handling <Event state_changed[L]: entity_id=sensor.account_status, old_state=<state sensor.account_status=healthy; options=['healthy', 'degraded', 'problem'], purpose=purpose_instance_status, last_refresh_attempt=2026-05-12T21:25:40.625191-07:00, last_successful_refresh=2026-05-12T21:25:40.628673-07:00, refresh_in_progress=False, last_refresh_trigger=scheduled, consecutive_failed_refreshes=0, stats_endpoint=america, device_class=enum, friendly_name=Account Status @ 2026-05-12T21:25:40.643872-07:00>, new_state=<state sensor.account_status=unavailable; restored=True, options=['healthy', 'degraded', 'problem'], device_class=enum, friendly_name=Status, supported_features=0 @ 2026-05-12T21:25:40.793952-07:00>>
DEBUG    homeassistant.core:core.py:1520 Bus:Handling <Event state_changed[L]: entity_id=sensor.account_total_queries, old_state=<state sensor.account_total_queries=57826; state_class=measurement, purpose=purpose_instance_analytics, analytics_start_time=2026-04-06T17:00:00-07:00, analytics_end_time=2026-04-07T17:00:00-07:00, unit_of_measurement=queries, friendly_name=Account Total queries @ 2026-05-12T21:25:40.644534-07:00>, new_state=<state sensor.account_total_queries=unavailable; restored=True, state_class=measurement, friendly_name=Total queries, supported_features=0, unit_of_measurement=queries @ 2026-05-12T21:25:40.794213-07:00>>
DEBUG    homeassistant.core:core.py:1520 Bus:Handling <Event state_changed[L]: entity_id=sensor.primary_blocked_queries, old_state=<state sensor.primary_blocked_queries=8000; state_class=measurement, purpose=purpose_profile_analytics, analytics_start_time=2026-04-06T17:00:00-07:00, analytics_end_time=2026-04-07T17:00:00-07:00, unit_of_measurement=queries, friendly_name=Primary Blocked queries @ 2026-05-12T21:25:40.645201-07:00>, new_state=<state sensor.primary_blocked_queries=unavailable; restored=True, state_class=measurement, friendly_name=Blocked queries, supported_features=0, unit_of_measurement=queries @ 2026-05-12T21:25:40.794453-07:00>>
DEBUG    homeassistant.core:core.py:1520 Bus:Handling <Event state_changed[L]: entity_id=sensor.primary_blocked_queries_ratio, old_state=<state sensor.primary_blocked_queries_ratio=14.0; state_class=measurement, purpose=purpose_profile_analytics, analytics_start_time=2026-04-06T17:00:00-07:00, analytics_end_time=2026-04-07T17:00:00-07:00, unit_of_measurement=%, friendly_name=Primary Blocked queries ratio @ 2026-05-12T21:25:40.645910-07:00>, new_state=<state sensor.primary_blocked_queries_ratio=unavailable; restored=True, state_class=measurement, friendly_name=Blocked queries ratio, supported_features=0, unit_of_measurement=% @ 2026-05-12T21:25:40.794695-07:00>>
DEBUG    homeassistant.core:core.py:1520 Bus:Handling <Event state_changed[L]: entity_id=sensor.primary_bypassed_queries, old_state=<state sensor.primary_bypassed_queries=49100; state_class=measurement, purpose=purpose_profile_analytics, analytics_start_time=2026-04-06T17:00:00-07:00, analytics_end_time=2026-04-07T17:00:00-07:00, unit_of_measurement=queries, friendly_name=Primary Bypassed queries @ 2026-05-12T21:25:40.646751-07:00>, new_state=<state sensor.primary_bypassed_queries=unavailable; restored=True, state_class=measurement, friendly_name=Bypassed queries, supported_features=0, unit_of_measurement=queries @ 2026-05-12T21:25:40.794944-07:00>>
DEBUG    homeassistant.core:core.py:1520 Bus:Handling <Event state_changed[L]: entity_id=sensor.primary_endpoint_count, old_state=<state sensor.primary_endpoint_count=3; state_class=measurement, purpose=purpose_profile_summary, unit_of_measurement=endpoints, friendly_name=Primary Endpoint count @ 2026-05-12T21:25:40.647094-07:00>, new_state=<state sensor.primary_endpoint_count=unavailable; restored=True, state_class=measurement, friendly_name=Endpoint count, supported_features=0, unit_of_measurement=endpoints @ 2026-05-12T21:25:40.795203-07:00>>
DEBUG    homeassistant.core:core.py:1520 Bus:Handling <Event state_changed[L]: entity_id=sensor.primary_redirected_queries, old_state=<state sensor.primary_redirected_queries=23; state_class=measurement, purpose=purpose_profile_analytics, analytics_start_time=2026-04-06T17:00:00-07:00, analytics_end_time=2026-04-07T17:00:00-07:00, unit_of_measurement=queries, friendly_name=Primary Redirected queries @ 2026-05-12T21:25:40.647717-07:00>, new_state=<state sensor.primary_redirected_queries=unavailable; restored=True, state_class=measurement, friendly_name=Redirected queries, supported_features=0, unit_of_measurement=queries @ 2026-05-12T21:25:40.795459-07:00>>
DEBUG    homeassistant.core:core.py:1520 Bus:Handling <Event state_changed[L]: entity_id=sensor.primary_status, old_state=<state sensor.primary_status=healthy; options=['healthy', 'degraded', 'problem', 'disabled'], purpose=purpose_profile_status, last_refresh_attempt=2026-05-12T21:25:40.625191-07:00, last_successful_refresh=2026-05-12T21:25:40.628673-07:00, refresh_in_progress=False, last_refresh_trigger=scheduled, consecutive_failed_refreshes=0, stats_endpoint=america, device_class=enum, icon=mdi:shield-check, friendly_name=Primary Status @ 2026-05-12T21:25:40.648057-07:00>, new_state=<state sensor.primary_status=unavailable; restored=True, options=['healthy', 'degraded', 'problem', 'disabled'], device_class=enum, icon=mdi:shield-check, friendly_name=Status, supported_features=0 @ 2026-05-12T21:25:40.795701-07:00>>
DEBUG    homeassistant.core:core.py:1520 Bus:Handling <Event state_changed[L]: entity_id=sensor.primary_total_queries, old_state=<state sensor.primary_total_queries=57123; state_class=measurement, purpose=purpose_profile_analytics, analytics_start_time=2026-04-06T17:00:00-07:00, analytics_end_time=2026-04-07T17:00:00-07:00, unit_of_measurement=queries, friendly_name=Primary Total queries @ 2026-05-12T21:25:40.648703-07:00>, new_state=<state sensor.primary_total_queries=unavailable; restored=True, state_class=measurement, friendly_name=Total queries, supported_features=0, unit_of_measurement=queries @ 2026-05-12T21:25:40.795966-07:00>>
DEBUG    homeassistant.core:core.py:1520 Bus:Handling <Event state_changed[L]: entity_id=sensor.secondary_blocked_queries, old_state=<state sensor.secondary_blocked_queries=100; state_class=measurement, purpose=purpose_profile_analytics, analytics_start_time=2026-04-06T17:00:00-07:00, analytics_end_time=2026-04-07T17:00:00-07:00, unit_of_measurement=queries, friendly_name=Secondary Blocked queries @ 2026-05-12T21:25:40.649365-07:00>, new_state=<state sensor.secondary_blocked_queries=unavailable; restored=True, state_class=measurement, friendly_name=Blocked queries, supported_features=0, unit_of_measurement=queries @ 2026-05-12T21:25:40.796221-07:00>>
DEBUG    homeassistant.core:core.py:1520 Bus:Handling <Event state_changed[L]: entity_id=sensor.secondary_blocked_queries_ratio, old_state=<state sensor.secondary_blocked_queries_ratio=14.2; state_class=measurement, purpose=purpose_profile_analytics, analytics_start_time=2026-04-06T17:00:00-07:00, analytics_end_time=2026-04-07T17:00:00-07:00, unit_of_measurement=%, friendly_name=Secondary Blocked queries ratio @ 2026-05-12T21:25:40.650008-07:00>, new_state=<state sensor.secondary_blocked_queries_ratio=unavailable; restored=True, state_class=measurement, friendly_name=Blocked queries ratio, supported_features=0, unit_of_measurement=% @ 2026-05-12T21:25:40.796443-07:00>>
DEBUG    homeassistant.core:core.py:1520 Bus:Handling <Event state_changed[L]: entity_id=sensor.secondary_bypassed_queries, old_state=<state sensor.secondary_bypassed_queries=600; state_class=measurement, purpose=purpose_profile_analytics, analytics_start_time=2026-04-06T17:00:00-07:00, analytics_end_time=2026-04-07T17:00:00-07:00, unit_of_measurement=queries, friendly_name=Secondary Bypassed queries @ 2026-05-12T21:25:40.650623-07:00>, new_state=<state sensor.secondary_bypassed_queries=unavailable; restored=True, state_class=measurement, friendly_name=Bypassed queries, supported_features=0, unit_of_measurement=queries @ 2026-05-12T21:25:40.796665-07:00>>
DEBUG    homeassistant.core:core.py:1520 Bus:Handling <Event state_changed[L]: entity_id=sensor.secondary_endpoint_count, old_state=<state sensor.secondary_endpoint_count=1; state_class=measurement, purpose=purpose_profile_summary, unit_of_measurement=endpoints, friendly_name=Secondary Endpoint count @ 2026-05-12T21:25:40.650929-07:00>, new_state=<state sensor.secondary_endpoint_count=unavailable; restored=True, state_class=measurement, friendly_name=Endpoint count, supported_features=0, unit_of_measurement=endpoints @ 2026-05-12T21:25:40.796894-07:00>>
DEBUG    homeassistant.core:core.py:1520 Bus:Handling <Event state_changed[L]: entity_id=sensor.secondary_redirected_queries, old_state=<state sensor.secondary_redirected_queries=3; state_class=measurement, purpose=purpose_profile_analytics, analytics_start_time=2026-04-06T17:00:00-07:00, analytics_end_time=2026-04-07T17:00:00-07:00, unit_of_measurement=queries, friendly_name=Secondary Redirected queries @ 2026-05-12T21:25:40.651563-07:00>, new_state=<state sensor.secondary_redirected_queries=unavailable; restored=True, state_class=measurement, friendly_name=Redirected queries, supported_features=0, unit_of_measurement=queries @ 2026-05-12T21:25:40.797138-07:00>>
DEBUG    homeassistant.core:core.py:1520 Bus:Handling <Event state_changed[L]: entity_id=sensor.secondary_status, old_state=<state sensor.secondary_status=healthy; options=['healthy', 'degraded', 'problem', 'disabled'], purpose=purpose_profile_status, last_refresh_attempt=2026-05-12T21:25:40.625191-07:00, last_successful_refresh=2026-05-12T21:25:40.628673-07:00, refresh_in_progress=False, last_refresh_trigger=scheduled, consecutive_failed_refreshes=0, stats_endpoint=america, device_class=enum, icon=mdi:shield-check, friendly_name=Secondary Status @ 2026-05-12T21:25:40.651891-07:00>, new_state=<state sensor.secondary_status=unavailable; restored=True, options=['healthy', 'degraded', 'problem', 'disabled'], device_class=enum, icon=mdi:shield-check, friendly_name=Status, supported_features=0 @ 2026-05-12T21:25:40.797370-07:00>>
DEBUG    homeassistant.core:core.py:1520 Bus:Handling <Event state_changed[L]: entity_id=sensor.secondary_total_queries, old_state=<state sensor.secondary_total_queries=703; state_class=measurement, purpose=purpose_profile_analytics, analytics_start_time=2026-04-06T17:00:00-07:00, analytics_end_time=2026-04-07T17:00:00-07:00, unit_of_measurement=queries, friendly_name=Secondary Total queries @ 2026-05-12T21:25:40.652542-07:00>, new_state=<state sensor.secondary_total_queries=unavailable; restored=True, state_class=measurement, friendly_name=Total queries, supported_features=0, unit_of_measurement=queries @ 2026-05-12T21:25:40.797618-07:00>>
DEBUG    homeassistant.core:core.py:1520 Bus:Handling <Event state_changed[L]: entity_id=select.primary_options_default_rule, old_state=<state select.primary_options_default_rule=bypassing; options=['blocking', 'bypassing', 'redirecting'], purpose=purpose_profile_default_rule, friendly_name=Primary Options / Default Rule @ 2026-05-12T21:25:40.664448-07:00>, new_state=<state select.primary_options_default_rule=unavailable; restored=True, options=['blocking', 'bypassing', 'redirecting'], friendly_name=Options / Default Rule, supported_features=0 @ 2026-05-12T21:25:40.798038-07:00>>
DEBUG    homeassistant.core:core.py:1520 Bus:Handling <Event state_changed[L]: entity_id=select.primary_filters_ads_trackers_mode, old_state=<state select.primary_filters_ads_trackers_mode=Relaxed; options=['Relaxed', 'Balanced', 'Strict'], purpose=purpose_profile_filter_mode, friendly_name=Primary Filters / Ads & Trackers Mode @ 2026-05-12T21:25:40.664729-07:00>, new_state=<state select.primary_filters_ads_trackers_mode=unavailable; restored=True, options=['Relaxed', 'Balanced', 'Strict'], friendly_name=Filters / Ads & Trackers Mode, supported_features=0 @ 2026-05-12T21:25:40.798273-07:00>>
DEBUG    homeassistant.core:core.py:1520 Bus:Handling <Event state_changed[L]: entity_id=select.primary_options_ai_malware_filter, old_state=<state select.primary_options_ai_malware_filter=Minimal; options=['Off', 'Minimal', 'Standard', 'Aggressive'], purpose=purpose_profile_option, friendly_name=Primary Options / AI Malware Filter @ 2026-05-12T21:25:40.665166-07:00>, new_state=<state select.primary_options_ai_malware_filter=unavailable; restored=True, options=['Off', 'Minimal', 'Standard', 'Aggressive'], friendly_name=Options / AI Malware Filter, supported_features=0 @ 2026-05-12T21:25:40.798492-07:00>>
DEBUG    homeassistant.core:core.py:1520 Bus:Handling <Event state_changed[L]: entity_id=select.primary_services_audio_amazon_music, old_state=<state select.primary_services_audio_amazon_music=bypassed; options=['off', 'blocked', 'bypassed', 'redirected'], purpose=purpose_profile_service, suggested_redirect_target=JFK, friendly_name=Primary Services / Audio / Amazon Music @ 2026-05-12T21:25:40.665411-07:00>, new_state=<state select.primary_services_audio_amazon_music=unavailable; restored=True, options=['off', 'blocked', 'bypassed', 'redirected'], friendly_name=Services / Audio / Amazon Music, supported_features=0 @ 2026-05-12T21:25:40.798712-07:00>>
DEBUG    homeassistant.core:core.py:1520 Bus:Handling <Event state_changed[L]: entity_id=select.secondary_options_default_rule, old_state=<state select.secondary_options_default_rule=bypassing; options=['blocking', 'bypassing', 'redirecting'], purpose=purpose_profile_default_rule, friendly_name=Secondary Options / Default Rule @ 2026-05-12T21:25:40.665633-07:00>, new_state=<state select.secondary_options_default_rule=unavailable; restored=True, options=['blocking', 'bypassing', 'redirecting'], friendly_name=Options / Default Rule, supported_features=0 @ 2026-05-12T21:25:40.798956-07:00>>
DEBUG    homeassistant.core:core.py:1520 Bus:Handling <Event state_changed[L]: entity_id=select.secondary_filters_ads_trackers_mode, old_state=<state select.secondary_filters_ads_trackers_mode=Relaxed; options=['Relaxed', 'Balanced', 'Strict'], purpose=purpose_profile_filter_mode, friendly_name=Secondary Filters / Ads & Trackers Mode @ 2026-05-12T21:25:40.665857-07:00>, new_state=<state select.secondary_filters_ads_trackers_mode=unavailable; restored=True, options=['Relaxed', 'Balanced', 'Strict'], friendly_name=Filters / Ads & Trackers Mode, supported_features=0 @ 2026-05-12T21:25:40.799198-07:00>>
DEBUG    homeassistant.core:core.py:1520 Bus:Handling <Event state_changed[L]: entity_id=select.secondary_options_ai_malware_filter, old_state=<state select.secondary_options_ai_malware_filter=Minimal; options=['Off', 'Minimal', 'Standard', 'Aggressive'], purpose=purpose_profile_option, friendly_name=Secondary Options / AI Malware Filter @ 2026-05-12T21:25:40.666225-07:00>, new_state=<state select.secondary_options_ai_malware_filter=unavailable; restored=True, options=['Off', 'Minimal', 'Standard', 'Aggressive'], friendly_name=Options / AI Malware Filter, supported_features=0 @ 2026-05-12T21:25:40.799413-07:00>>
DEBUG    homeassistant.core:core.py:1520 Bus:Handling <Event state_changed[L]: entity_id=switch.primary_filters_ads_trackers, old_state=<state switch.primary_filters_ads_trackers=on; purpose=purpose_profile_filter, friendly_name=Primary Filters / Ads & Trackers @ 2026-05-12T21:25:40.658440-07:00>, new_state=<state switch.primary_filters_ads_trackers=unavailable; restored=True, friendly_name=Filters / Ads & Trackers, supported_features=0 @ 2026-05-12T21:25:40.799848-07:00>>
DEBUG    homeassistant.core:core.py:1520 Bus:Handling <Event state_changed[L]: entity_id=switch.primary_options_safe_search, old_state=<state switch.primary_options_safe_search=on; purpose=purpose_profile_option, friendly_name=Primary Options / Safe Search @ 2026-05-12T21:25:40.659097-07:00>, new_state=<state switch.primary_options_safe_search=unavailable; restored=True, friendly_name=Options / Safe Search, supported_features=0 @ 2026-05-12T21:25:40.800093-07:00>>
DEBUG    homeassistant.core:core.py:1520 Bus:Handling <Event state_changed[L]: entity_id=switch.primary_options_restricted_youtube, old_state=<state switch.primary_options_restricted_youtube=off; purpose=purpose_profile_option, friendly_name=Primary Options / Restricted Youtube @ 2026-05-12T21:25:40.659321-07:00>, new_state=<state switch.primary_options_restricted_youtube=unavailable; restored=True, friendly_name=Options / Restricted Youtube, supported_features=0 @ 2026-05-12T21:25:40.800326-07:00>>
DEBUG    homeassistant.core:core.py:1520 Bus:Handling <Event state_changed[L]: entity_id=switch.primary_disable_15_minutes, old_state=<state switch.primary_disable_15_minutes=off; purpose=purpose_profile_pause, friendly_name=Primary Disable (15 minutes) @ 2026-05-12T21:25:40.659545-07:00>, new_state=<state switch.primary_disable_15_minutes=unavailable; restored=True, friendly_name=Disable (15 minutes), supported_features=0 @ 2026-05-12T21:25:40.800545-07:00>>
DEBUG    homeassistant.core:core.py:1520 Bus:Handling <Event state_changed[L]: entity_id=switch.secondary_filters_ads_trackers, old_state=<state switch.secondary_filters_ads_trackers=on; purpose=purpose_profile_filter, friendly_name=Secondary Filters / Ads & Trackers @ 2026-05-12T21:25:40.659749-07:00>, new_state=<state switch.secondary_filters_ads_trackers=unavailable; restored=True, friendly_name=Filters / Ads & Trackers, supported_features=0 @ 2026-05-12T21:25:40.800760-07:00>>
DEBUG    homeassistant.core:core.py:1520 Bus:Handling <Event state_changed[L]: entity_id=switch.secondary_options_safe_search, old_state=<state switch.secondary_options_safe_search=on; purpose=purpose_profile_option, friendly_name=Secondary Options / Safe Search @ 2026-05-12T21:25:40.660259-07:00>, new_state=<state switch.secondary_options_safe_search=unavailable; restored=True, friendly_name=Options / Safe Search, supported_features=0 @ 2026-05-12T21:25:40.800990-07:00>>
DEBUG    homeassistant.core:core.py:1520 Bus:Handling <Event state_changed[L]: entity_id=switch.secondary_options_restricted_youtube, old_state=<state switch.secondary_options_restricted_youtube=off; purpose=purpose_profile_option, friendly_name=Secondary Options / Restricted Youtube @ 2026-05-12T21:25:40.660470-07:00>, new_state=<state switch.secondary_options_restricted_youtube=unavailable; restored=True, friendly_name=Options / Restricted Youtube, supported_features=0 @ 2026-05-12T21:25:40.801205-07:00>>
DEBUG    homeassistant.core:core.py:1520 Bus:Handling <Event state_changed[L]: entity_id=switch.secondary_disable_15_minutes, old_state=<state switch.secondary_disable_15_minutes=off; purpose=purpose_profile_pause, friendly_name=Secondary Disable (15 minutes) @ 2026-05-12T21:25:40.660688-07:00>, new_state=<state switch.secondary_disable_15_minutes=unavailable; restored=True, friendly_name=Disable (15 minutes), supported_features=0 @ 2026-05-12T21:25:40.801417-07:00>>
DEBUG    homeassistant.core:core.py:1520 Bus:Handling <Event homeassistant_stop[L]>
DEBUG    homeassistant.core:core.py:1520 Bus:Handling <Event homeassistant_final_write[L]>
DEBUG    pytest_homeassistant_custom_component.common:common.py:1553 Writing data to core.device_registry: {'version': 1, 'minor_version': 12, 'key': 'core.device_registry', 'data_func': <bound method DeviceRegistry._data_to_save of <homeassistant.helpers.device_registry.DeviceRegistry object at 0x79a916264ef0>>}
DEBUG    pytest_homeassistant_custom_component.common:common.py:1553 Writing data to core.config_entries: {'version': 1, 'minor_version': 5, 'key': 'core.config_entries', 'data_func': <bound method ConfigEntries._data_to_save of <homeassistant.config_entries.ConfigEntries object at 0x79a9162644d0>>}
DEBUG    pytest_homeassistant_custom_component.common:common.py:1553 Writing data to core.entity_registry: {'version': 1, 'minor_version': 22, 'key': 'core.entity_registry', 'data_func': <bound method EntityRegistry._data_to_save of <homeassistant.helpers.entity_registry.EntityRegistry object at 0x79a9155d1130>>}
DEBUG    homeassistant.core:core.py:1520 Bus:Handling <Event homeassistant_close[L]>
DEBUG    asyncio:base_events.py:742 Close <_UnixSelectorEventLoop running=False closed=False debug=True>
=========================== short test summary info ============================
FAILED tests/components/controld_manager/test_phase4.py::test_options_flow_manual_service_category_adds_disabled_entities
================= 1 failed, 9 passed, 137 deselected in 1.13s ==================
